regex.h:96:5:regcomp	152	static
regcomp.c:306:1:p_ere	40	static
regcomp.c:352:1:p_ere_exp	40	static
regcomp.c:501:1:p_str	16	static
regcomp.c:522:1:p_bre	40	static
regcomp.c:555:1:p_simp_re	40	static
regcomp.c:673:1:p_count	24	static
regcomp.c:696:1:p_bracket	40	static
regcomp.c:770:1:p_b_term	32	static
regcomp.c:849:1:p_b_cclass	40	static
regcomp.c:945:1:p_b_eclass	24	static
regcomp.c:960:1:p_b_symbol	24	static
regcomp.c:980:1:p_b_coll_elem	32	static
regcomp.c:1009:1:othercase	24	static
regcomp.c:1029:1:bothcases	32	static
regcomp.c:1055:1:ordinary	24	static
regcomp.c:1077:1:nonnewline	32	static
regcomp.c:1101:1:repeat	32	static
regcomp.c:1173:1:seterr	16	static
regcomp.c:1189:1:allocset	48	static
regcomp.c:1244:1:freeset	32	static
regcomp.c:1269:1:freezeset	40	static
regcomp.c:1303:1:firstch	24	static
regcomp.c:1322:1:nch	32	static
regcomp.c:1431:1:mcinvert	16	static
regcomp.c:1446:1:mccase	16	static
regcomp.c:1458:1:isinsets	32	static
regcomp.c:1478:1:samesets	48	static
regcomp.c:1500:1:categorize	32	static
regcomp.c:1528:1:dupl	32	static
regcomp.c:1556:1:doemit	24	static
regcomp.c:1582:1:doinsert	40	static
regcomp.c:1622:1:dofwd	24	static
regcomp.c:1640:1:enlarge	24	static
regcomp.c:1663:1:stripsnug	16	static
regcomp.c:1686:1:findmust	56	static
regcomp.c:1855:1:altoffset	40	static
regcomp.c:1935:1:computejumps	24	static
regcomp.c:1981:1:computematchjumps	32	static
regcomp.c:2057:1:pluscount	32	static
