Archive member included to satisfy reference by file (symbol)

G:\isel\SE2\se\CMSIS_CORE_LPC17xx\Debug\libCMSIS_CORE_LPC17xx.a(system_LPC17xx.o)
                              ./src/cr_startup_lpc175x_6x-FreeRTOS.o (SystemInit)
G:\isel\SE2\se\SE2021\Debug\libSE2021.a(ESP01.o)
                              ./src/main.o (ESP01_Init)
G:\isel\SE2\se\SE2021\Debug\libSE2021.a(NTP.o)
                              ./src/main.o (NTP_Init)
G:\isel\SE2\se\SE2021\Debug\libSE2021.a(uart.o)
                              G:\isel\SE2\se\SE2021\Debug\libSE2021.a(ESP01.o) (UART_Initialize)
G:\isel\SE2\se\SE2021\Debug\libSE2021.a(utils.o)
                              G:\isel\SE2\se\SE2021\Debug\libSE2021.a(ESP01.o) (UTILS_SetPinDir)
G:\isel\SE2\se\SE2021\Debug\libSE2021.a(wait.o)
                              G:\isel\SE2\se\SE2021\Debug\libSE2021.a(ESP01.o) (WAIT_Milliseconds)
G:\isel\SE2\se\FreeRTOS-Kernel\Debug\libFreeRTOS-Kernel.a(heap_4.o)
                              G:\isel\SE2\se\SE2021\Debug\libSE2021.a(ESP01.o) (pvPortMalloc)
G:\isel\SE2\se\FreeRTOS-Kernel\Debug\libFreeRTOS-Kernel.a(port.o)
                              ./src/cr_startup_lpc175x_6x-FreeRTOS.o (vPortSVCHandler)
G:\isel\SE2\se\FreeRTOS-Kernel\Debug\libFreeRTOS-Kernel.a(queue.o)
                              G:\isel\SE2\se\SE2021\Debug\libSE2021.a(uart.o) (xQueueGenericCreate)
G:\isel\SE2\se\FreeRTOS-Kernel\Debug\libFreeRTOS-Kernel.a(tasks.o)
                              G:\isel\SE2\se\FreeRTOS-Kernel\Debug\libFreeRTOS-Kernel.a(port.o) (pxCurrentTCB)
G:\isel\SE2\se\FreeRTOS-Kernel\Debug\libFreeRTOS-Kernel.a(list.o)
                              G:\isel\SE2\se\FreeRTOS-Kernel\Debug\libFreeRTOS-Kernel.a(queue.o) (vListInitialise)
f:/mcuxpressoide_11.3.1_5262/ide/plugins/com.nxp.mcuxpresso.tools.win32_11.3.0.202008311133/tools/bin/../lib/gcc/arm-none-eabi/9.3.1/thumb/v7-m/nofp\libgcc.a(_arm_addsubsf3.o)
                              G:\isel\SE2\se\SE2021\Debug\libSE2021.a(uart.o) (__aeabi_fsub)
f:/mcuxpressoide_11.3.1_5262/ide/plugins/com.nxp.mcuxpresso.tools.win32_11.3.0.202008311133/tools/bin/../lib/gcc/arm-none-eabi/9.3.1/thumb/v7-m/nofp\libgcc.a(_arm_muldivsf3.o)
                              G:\isel\SE2\se\SE2021\Debug\libSE2021.a(wait.o) (__aeabi_fdiv)
f:/mcuxpressoide_11.3.1_5262/ide/plugins/com.nxp.mcuxpresso.tools.win32_11.3.0.202008311133/tools/bin/../lib/gcc/arm-none-eabi/9.3.1/thumb/v7-m/nofp\libgcc.a(_arm_cmpsf2.o)
                              G:\isel\SE2\se\SE2021\Debug\libSE2021.a(uart.o) (__aeabi_fcmplt)
f:/mcuxpressoide_11.3.1_5262/ide/plugins/com.nxp.mcuxpresso.tools.win32_11.3.0.202008311133/tools/bin/../lib/gcc/arm-none-eabi/9.3.1/thumb/v7-m/nofp\libgcc.a(_arm_fixsfsi.o)
                              G:\isel\SE2\se\SE2021\Debug\libSE2021.a(uart.o) (__aeabi_f2iz)
f:/mcuxpressoide_11.3.1_5262/ide/plugins/com.nxp.mcuxpresso.tools.win32_11.3.0.202008311133/tools/bin/../lib/gcc/arm-none-eabi/9.3.1/thumb/v7-m/nofp\libgcc.a(_arm_fixunssfsi.o)
                              G:\isel\SE2\se\SE2021\Debug\libSE2021.a(wait.o) (__aeabi_f2uiz)
f:/mcuxpressoide_11.3.1_5262/ide/plugins/com.nxp.mcuxpresso.tools.win32_11.3.0.202008311133/tools/bin/../lib/gcc/arm-none-eabi/9.3.1/thumb/v7-m/nofp\libgcc.a(_aeabi_ldivmod.o)
                              G:\isel\SE2\se\CMSIS_CORE_LPC17xx\Debug\libCMSIS_CORE_LPC17xx.a(system_LPC17xx.o) (__aeabi_ldivmod)
f:/mcuxpressoide_11.3.1_5262/ide/plugins/com.nxp.mcuxpresso.tools.win32_11.3.0.202008311133/tools/bin/../lib/gcc/arm-none-eabi/9.3.1/thumb/v7-m/nofp\libgcc.a(_aeabi_uldivmod.o)
                              G:\isel\SE2\se\CMSIS_CORE_LPC17xx\Debug\libCMSIS_CORE_LPC17xx.a(system_LPC17xx.o) (__aeabi_uldivmod)
f:/mcuxpressoide_11.3.1_5262/ide/plugins/com.nxp.mcuxpresso.tools.win32_11.3.0.202008311133/tools/bin/../lib/gcc/arm-none-eabi/9.3.1/thumb/v7-m/nofp\libgcc.a(_udivmoddi4.o)
                              f:/mcuxpressoide_11.3.1_5262/ide/plugins/com.nxp.mcuxpresso.tools.win32_11.3.0.202008311133/tools/bin/../lib/gcc/arm-none-eabi/9.3.1/thumb/v7-m/nofp\libgcc.a(_aeabi_ldivmod.o) (__udivmoddi4)
f:/mcuxpressoide_11.3.1_5262/ide/plugins/com.nxp.mcuxpresso.tools.win32_11.3.0.202008311133/tools/bin/../lib/gcc/arm-none-eabi/9.3.1/thumb/v7-m/nofp\libgcc.a(_dvmd_tls.o)
                              f:/mcuxpressoide_11.3.1_5262/ide/plugins/com.nxp.mcuxpresso.tools.win32_11.3.0.202008311133/tools/bin/../lib/gcc/arm-none-eabi/9.3.1/thumb/v7-m/nofp\libgcc.a(_aeabi_ldivmod.o) (__aeabi_ldiv0)
f:/mcuxpressoide_11.3.1_5262/ide/plugins/com.nxp.mcuxpresso.tools.win32_11.3.0.202008311133/tools/bin/../lib/gcc/arm-none-eabi/9.3.1/../../../../arm-none-eabi/lib/thumb/v7-m/nofp\libc_nano.a(lib_a-lcltime.o)
                              G:\isel\SE2\se\SE2021\Debug\libSE2021.a(NTP.o) (localtime)
[...]
Memory Configuration

Name             Origin             Length             Attributes
MFlash512        0x00000000         0x00080000         xr
RamLoc32         0x10000000         0x00008000         xrw
RamAHB32         0x2007c000         0x00008000         xrw
*default*        0x00000000         0xffffffff

Linker script and memory map

LOAD ./src/cr_startup_lpc175x_6x-FreeRTOS.o
LOAD ./src/crp.o
LOAD ./src/main.o
LOAD G:\isel\SE2\se\CMSIS_CORE_LPC17xx\Debug\libCMSIS_CORE_LPC17xx.a
LOAD G:\isel\SE2\se\SE2021\Debug\libSE2021.a
LOAD G:\isel\SE2\se\FreeRTOS-Kernel\Debug\libFreeRTOS-Kernel.a
START GROUP
LOAD f:/mcuxpressoide_11.3.1_5262/ide/plugins/com.nxp.mcuxpresso.tools.win32_11.3.0.202008311133/tools/bin/../lib/gcc/arm-none-eabi/9.3.1/thumb/v7-m/nofp\libgcc.a
LOAD f:/mcuxpressoide_11.3.1_5262/ide/plugins/com.nxp.mcuxpresso.tools.win32_11.3.0.202008311133/tools/bin/../lib/gcc/arm-none-eabi/9.3.1/../../../../arm-none-eabi/lib/thumb/v7-m/nofp\libc_nano.a
LOAD f:/mcuxpressoide_11.3.1_5262/ide/plugins/com.nxp.mcuxpresso.tools.win32_11.3.0.202008311133/tools/bin/../lib/gcc/arm-none-eabi/9.3.1/../../../../arm-none-eabi/lib/thumb/v7-m/nofp\libm.a
LOAD f:/mcuxpressoide_11.3.1_5262/ide/plugins/com.nxp.mcuxpresso.tools.win32_11.3.0.202008311133/tools/bin/../lib/gcc/arm-none-eabi/9.3.1/../../../../arm-none-eabi/lib/thumb/v7-m/nofp\libcr_newlib_nohost.a
END GROUP
                0x00000000                __base_MFlash512 = 0x0
                0x00000000                __base_Flash = 0x0
                0x00080000                __top_MFlash512 = 0x80000
                0x00080000                __top_Flash = 0x80000
                0x10000000                __base_RamLoc32 = 0x10000000
                0x10000000                __base_RAM = 0x10000000
                0x10008000                __top_RamLoc32 = 0x10008000
                0x10008000                __top_RAM = 0x10008000
                0x2007c000                __base_RamAHB32 = 0x2007c000
                0x2007c000                __base_RAM2 = 0x2007c000
                0x20084000                __top_RamAHB32 = 0x20084000
                0x20084000                __top_RAM2 = 0x20084000

.text           0x00000000     0x8060
 FILL mask 0xff
                0x00000000                __vectors_start__ = ABSOLUTE (.)
 *(.isr_vector)
 .isr_vector    0x00000000       0xcc ./src/cr_startup_lpc175x_6x-FreeRTOS.o
                0x00000000                g_pfnVectors
                0x000000cc                . = ALIGN (0x4)
                0x000000cc                __section_table_start = .
                0x000000cc                __data_section_table = .
                0x000000cc        0x4 LONG 0x8068 LOADADDR (.data)
                0x000000d0        0x4 LONG 0x10000000 ADDR (.data)
                0x000000d4        0x4 LONG 0xd8 SIZEOF (.data)
                0x000000d8        0x4 LONG 0x8068 LOADADDR (.data_RAM2)
                0x000000dc        0x4 LONG 0x2007c000 ADDR (.data_RAM2)
                0x000000e0        0x4 LONG 0x0 SIZEOF (.data_RAM2)
                0x000000e4                __data_section_table_end = .
                0x000000e4                __bss_section_table = .
                0x000000e4        0x4 LONG 0x100000d8 ADDR (.bss)
                0x000000e8        0x4 LONG 0x318c SIZEOF (.bss)
                0x000000ec        0x4 LONG 0x2007c000 ADDR (.bss_RAM2)
                0x000000f0        0x4 LONG 0x0 SIZEOF (.bss_RAM2)
                0x000000f4                __bss_section_table_end = .
                0x000000f4                __section_table_end = .
 *(.after_vectors*)
 .after_vectors
                0x000000f4      0x130 ./src/cr_startup_lpc175x_6x-FreeRTOS.o
                0x000000f4                data_init
                0x00000138                bss_init
                0x00000170                ResetISR
                0x000001e8                NMI_Handler
                0x000001ee                HardFault_Handler
                0x000001f4                MemManage_Handler
                0x000001fa                BusFault_Handler
                0x00000200                UsageFault_Handler
                0x00000206                SVC_Handler
                0x0000020c                DebugMon_Handler
                0x00000212                PendSV_Handler
                0x00000218                SysTick_Handler
                0x0000021e                CANActivity_IRQHandler
                0x0000021e                TIMER3_IRQHandler
                0x0000021e                EINT3_IRQHandler
                0x0000021e                EINT2_IRQHandler
                0x0000021e                USBActivity_IRQHandler
                0x0000021e                IntDefaultHandler
                0x0000021e                PLL0_IRQHandler
                0x0000021e                CAN_IRQHandler
                0x0000021e                I2C0_IRQHandler
                0x0000021e                I2C1_IRQHandler
                0x0000021e                I2S_IRQHandler
                0x0000021e                I2C2_IRQHandler
                0x0000021e                RTC_IRQHandler
                0x0000021e                TIMER0_IRQHandler
                0x0000021e                SPI_IRQHandler
                0x0000021e                RIT_IRQHandler
                0x0000021e                EINT1_IRQHandler
                0x0000021e                TIMER1_IRQHandler
                0x0000021e                ADC_IRQHandler
                0x0000021e                SSP1_IRQHandler
                0x0000021e                USB_IRQHandler
                0x0000021e                BOD_IRQHandler
                0x0000021e                SSP0_IRQHandler
                0x0000021e                WDT_IRQHandler
                0x0000021e                PWM1_IRQHandler
                0x0000021e                QEI_IRQHandler
                0x0000021e                EINT0_IRQHandler
                0x0000021e                PLL1_IRQHandler
                0x0000021e                DMA_IRQHandler
                0x0000021e                TIMER2_IRQHandler
                0x0000021e                MCPWM_IRQHandler
                0x0000021e                ENET_IRQHandler
                0x000002fc                . = 0x2fc
 *fill*         0x00000224       0xd8 ff
                0x000002fc                PROVIDE (__CRP_WORD_START__ = .)
 *(.crp)
 .crp           0x000002fc        0x4 ./src/crp.o
                0x000002fc                CRP_WORD
                0x00000300                PROVIDE (__CRP_WORD_END__ = .)
                0x00000001                ASSERT (! ((__CRP_WORD_START__ == __CRP_WORD_END__)), Linker CRP Enabled, but no CRP_WORD provided within application)
 *(.text*)
 .text.vESPTester
                0x00000300       0x74 ./src/main.o
                0x00000300                vESPTester
 .text.main     0x00000374       0x30 ./src/main.o
                0x00000374                main
 .text.vApplicationStackOverflowHook
                0x000003a4        0xc ./src/main.o
                0x000003a4                vApplicationStackOverflowHook
 .text.vConfigureTimerForRunTimeStats
                0x000003b0       0x74 ./src/main.o
                0x000003b0                vConfigureTimerForRunTimeStats
 .text.SystemInit
                0x00000424       0xdc G:\isel\SE2\se\CMSIS_CORE_LPC17xx\Debug\libCMSIS_CORE_LPC17xx.a(system_LPC17xx.o)
                0x00000424                SystemInit
 .text.__semihost
                0x00000500       0x22 G:\isel\SE2\se\SE2021\Debug\libSE2021.a(ESP01.o)
 .text.semihost_write
                0x00000522       0x36 G:\isel\SE2\se\SE2021\Debug\libSE2021.a(ESP01.o)
 .text.putchar  0x00000558       0x1c G:\isel\SE2\se\SE2021\Debug\libSE2021.a(ESP01.o)
                0x00000558                putchar
 .text.printchar
                0x00000574       0x34 G:\isel\SE2\se\SE2021\Debug\libSE2021.a(ESP01.o)
 .text.prints   0x000005a8       0xb0 G:\isel\SE2\se\SE2021\Debug\libSE2021.a(ESP01.o)
 .text.printi   0x00000658       0xd8 G:\isel\SE2\se\SE2021\Debug\libSE2021.a(ESP01.o)
 .text.print    0x00000730      0x1c8 G:\isel\SE2\se\SE2021\Debug\libSE2021.a(ESP01.o)
 .text.sprintf  0x000008f8       0x2c G:\isel\SE2\se\SE2021\Debug\libSE2021.a(ESP01.o)
                0x000008f8                sprintf
 .text.vsprintf
                0x00000924       0x24 G:\isel\SE2\se\SE2021\Debug\libSE2021.a(ESP01.o)
                0x00000924                vsprintf
 .text.ESP01_Init
                0x00000948       0x54 G:\isel\SE2\se\SE2021\Debug\libSE2021.a(ESP01.o)
                0x00000948                ESP01_Init
 .text.ESP01_Test
                0x0000099c       0x38 G:\isel\SE2\se\SE2021\Debug\libSE2021.a(ESP01.o)
                0x0000099c                ESP01_Test
 .text.ESP01_NumberOfArgs
                0x000009d4       0x52 G:\isel\SE2\se\SE2021\Debug\libSE2021.a(ESP01.o)
                0x000009d4                ESP01_NumberOfArgs
 .text.ESP01_GetResponse
                0x00000a26       0x34 G:\isel\SE2\se\SE2021\Debug\libSE2021.a(ESP01.o)
                0x00000a26                ESP01_GetResponse
 .text.ESP01_VGetResponse
                0x00000a5a      0x1be G:\isel\SE2\se\SE2021\Debug\libSE2021.a(ESP01.o)
                0x00000a5a                ESP01_VGetResponse
 .text.ESP01_CommandPrefix
                0x00000c18       0x36 G:\isel\SE2\se\SE2021\Debug\libSE2021.a(ESP01.o)
                0x00000c18                ESP01_CommandPrefix
 *fill*         0x00000c4e        0x2 ff
 .text.ESP01_VCommandPrefix
                0x00000c50       0x40 G:\isel\SE2\se\SE2021\Debug\libSE2021.a(ESP01.o)
                0x00000c50                ESP01_VCommandPrefix
 .text.ESP01_Command
                0x00000c90       0x40 G:\isel\SE2\se\SE2021\Debug\libSE2021.a(ESP01.o)
                0x00000c90                ESP01_Command
 .text.ESP01_SetMode
                0x00000cd0       0x50 G:\isel\SE2\se\SE2021\Debug\libSE2021.a(ESP01.o)
                0x00000cd0                ESP01_SetMode
 .text.ESP01_ConnectAP
                0x00000d20       0xb0 G:\isel\SE2\se\SE2021\Debug\libSE2021.a(ESP01.o)
                0x00000d20                ESP01_ConnectAP
 .text.ESP01_SetDNS
                0x00000dd0       0x1e G:\isel\SE2\se\SE2021\Debug\libSE2021.a(ESP01.o)
                0x00000dd0                ESP01_SetDNS
 *fill*         0x00000dee        0x2 ff
 .text.ESP01_CIPDNS
                0x00000df0       0x6c G:\isel\SE2\se\SE2021\Debug\libSE2021.a(ESP01.o)
                0x00000df0                ESP01_CIPDNS
 .text.ESP01_ConnectServer
                0x00000e5c       0xac G:\isel\SE2\se\SE2021\Debug\libSE2021.a(ESP01.o)
                0x00000e5c                ESP01_ConnectServer
 .text.ESP01_Send
                0x00000f08       0x74 G:\isel\SE2\se\SE2021\Debug\libSE2021.a(ESP01.o)
                0x00000f08                ESP01_Send
 .text.ESP01_Echo
                0x00000f7c       0x48 G:\isel\SE2\se\SE2021\Debug\libSE2021.a(ESP01.o)
                0x00000f7c                ESP01_Echo
 .text.ESP01_RecvActive
                0x00000fc4       0x64 G:\isel\SE2\se\SE2021\Debug\libSE2021.a(ESP01.o)
                0x00000fc4                ESP01_RecvActive
 .text.ntohl    0x00001028       0x16 G:\isel\SE2\se\SE2021\Debug\libSE2021.a(NTP.o)
                0x00001028                ntohl
 *fill*         0x0000103e        0x2 ff
 .text.NTP_Init
                0x00001040       0x24 G:\isel\SE2\se\SE2021\Debug\libSE2021.a(NTP.o)
                0x00001040                NTP_Init
 .text.NTP_Request
                0x00001064       0xa8 G:\isel\SE2\se\SE2021\Debug\libSE2021.a(NTP.o)
                0x00001064                NTP_Request
 .text.NVIC_EnableIRQ
                0x0000110c       0x30 G:\isel\SE2\se\SE2021\Debug\libSE2021.a(uart.o)
 .text.UARTSetDivisors
                0x0000113c       0xf4 G:\isel\SE2\se\SE2021\Debug\libSE2021.a(uart.o)
                0x0000113c                UARTSetDivisors
 .text.UART_Initialize
                0x00001230      0x358 G:\isel\SE2\se\SE2021\Debug\libSE2021.a(uart.o)
                0x00001230                UART_Initialize
 .text.UART_ReadBuffer
                0x00001588       0x94 G:\isel\SE2\se\SE2021\Debug\libSE2021.a(uart.o)
                0x00001588                UART_ReadBuffer
 .text.UART_WriteBuffer
                0x0000161c       0xd4 G:\isel\SE2\se\SE2021\Debug\libSE2021.a(uart.o)
                0x0000161c                UART_WriteBuffer
 .text.UART_GetChar
                0x000016f0       0x24 G:\isel\SE2\se\SE2021\Debug\libSE2021.a(uart.o)
                0x000016f0                UART_GetChar
 .text.UART_WriteString
                0x00001714       0x20 G:\isel\SE2\se\SE2021\Debug\libSE2021.a(uart.o)
                0x00001714                UART_WriteString
 .text.UART_Printf
                0x00001734       0x3c G:\isel\SE2\se\SE2021\Debug\libSE2021.a(uart.o)
                0x00001734                UART_Printf
 .text.UART_IRQRoutine
                0x00001770      0x134 G:\isel\SE2\se\SE2021\Debug\libSE2021.a(uart.o)
                0x00001770                UART_IRQRoutine
 .text.UART0_IRQHandler
                0x000018a4        0xc G:\isel\SE2\se\SE2021\Debug\libSE2021.a(uart.o)
                0x000018a4                UART0_IRQHandler
 .text.UART1_IRQHandler
                0x000018b0        0xc G:\isel\SE2\se\SE2021\Debug\libSE2021.a(uart.o)
                0x000018b0                UART1_IRQHandler
 .text.UART2_IRQHandler
                0x000018bc        0xc G:\isel\SE2\se\SE2021\Debug\libSE2021.a(uart.o)
                0x000018bc                UART2_IRQHandler
 .text.UART3_IRQHandler
                0x000018c8        0xc G:\isel\SE2\se\SE2021\Debug\libSE2021.a(uart.o)
                0x000018c8                UART3_IRQHandler
 .text.UTILS_SetPinDir
                0x000018d4       0x2e G:\isel\SE2\se\SE2021\Debug\libSE2021.a(utils.o)
                0x000018d4                UTILS_SetPinDir
 .text.UTILS_SetPinSelFunction
                0x00001902       0x3c G:\isel\SE2\se\SE2021\Debug\libSE2021.a(utils.o)
                0x00001902                UTILS_SetPinSelFunction
 .text.UTILS_SetResistorMode
                0x0000193e       0x3c G:\isel\SE2\se\SE2021\Debug\libSE2021.a(utils.o)
                0x0000193e                UTILS_SetResistorMode
 .text.UTILS_SetOpenDrainMode
                0x0000197a       0x3c G:\isel\SE2\se\SE2021\Debug\libSE2021.a(utils.o)
                0x0000197a                UTILS_SetOpenDrainMode
 .text.WAIT_Milliseconds
                0x000019b6       0x16 G:\isel\SE2\se\SE2021\Debug\libSE2021.a(wait.o)
                0x000019b6                WAIT_Milliseconds
 .text.WAIT_Init
                0x000019cc       0x68 G:\isel\SE2\se\SE2021\Debug\libSE2021.a(wait.o)
                0x000019cc                WAIT_Init
 .text.WAIT_GetElapsedMillis
                0x00001a34       0x1a G:\isel\SE2\se\SE2021\Debug\libSE2021.a(wait.o)
                0x00001a34                WAIT_GetElapsedMillis
 *fill*         0x00001a4e        0x2 ff
 .text          0x00001a50      0x418 G:\isel\SE2\se\FreeRTOS-Kernel\Debug\libFreeRTOS-Kernel.a(heap_4.o)
                0x00001a50                pvPortMalloc
                0x00001b84                vPortFree
                0x00001c04                xPortGetFreeHeapSize
                0x00001c18                xPortGetMinimumEverFreeHeapSize
                0x00001c2c                vPortInitialiseBlocks
                0x00001dac                vPortGetHeapStats
 *fill*         0x00001e68        0x8 ff
 .text          0x00001e70      0x264 G:\isel\SE2\se\FreeRTOS-Kernel\Debug\libFreeRTOS-Kernel.a(port.o)
                0x00001e70                pxPortInitialiseStack
                0x00001efa                vPortSVCHandler
                0x00001f42                xPortStartScheduler
                0x00001f84                vPortEndScheduler
                0x00001f90                vPortEnterCritical
                0x00001fc4                vPortExitCritical
                0x00001ff8                xPortPendSVHandler
                0x00002046                xPortSysTickHandler
                0x0000208c                vPortSetupTimerInterrupt
 .text          0x000020d4      0xe2c G:\isel\SE2\se\FreeRTOS-Kernel\Debug\libFreeRTOS-Kernel.a(queue.o)
                0x000020d4                xQueueGenericReset
                0x00002188                xQueueGenericCreate
                0x00002252                xQueueCreateMutex
                0x00002282                xQueueCreateCountingSemaphore
                0x000022ae                xQueueGenericSend
                0x00002404                xQueueGenericSendFromISR
                0x000024be                xQueueGiveFromISR
                0x00002566                xQueueReceive
                0x000026ac                xQueueSemaphoreTake
                0x0000283c                xQueuePeek
                0x00002984                xQueueReceiveFromISR
                0x00002a32                xQueuePeekFromISR
                0x00002a98                uxQueueMessagesWaiting
                0x00002ab8                uxQueueSpacesAvailable
                0x00002ae2                uxQueueMessagesWaitingFromISR
                0x00002b00                vQueueDelete
                0x00002b20                uxQueueGetQueueNumber
                0x00002b36                vQueueSetQueueNumber
                0x00002b50                ucQueueGetQueueType
                0x00002d86                xQueueIsQueueEmptyFromISR
                0x00002de0                xQueueIsQueueFullFromISR
                0x00002e0e                vQueueAddToRegistry
                0x00002e60                pcQueueGetName
                0x00002eac                vQueueUnregisterQueue
 .text          0x00002f00     0x1dec G:\isel\SE2\se\FreeRTOS-Kernel\Debug\libFreeRTOS-Kernel.a(tasks.o)
                0x00002f00                xTaskCreate
                0x00003168                vTaskDelete
                0x00003264                vTaskDelayUntil
                0x00003304                vTaskDelay
                0x0000334c                eTaskGetState
                0x000033fc                uxTaskPriorityGet
                0x00003430                uxTaskPriorityGetFromISR
                0x00003488                vTaskPrioritySet
                0x000035c0                vTaskSuspend
                0x00003708                vTaskResume
                0x000037a8                xTaskResumeFromISR
                0x0000386c                vTaskStartScheduler
                0x000038e0                vTaskEndScheduler
                0x00003910                vTaskSuspendAll
                0x0000392c                xTaskResumeAll
                0x00003a48                xTaskGetTickCount
                0x00003a64                xTaskGetTickCountFromISR
                0x00003a84                uxTaskGetNumberOfTasks
                0x00003a98                pcTaskGetName
                0x00003ac4                uxTaskGetSystemState
                0x00003be4                xTaskCatchUpTicks
                0x00003c10                xTaskIncrementTick
                0x00003d60                vTaskSwitchContext
                0x00003e48                vTaskPlaceOnEventList
                0x00003e74                vTaskPlaceOnUnorderedEventList
                0x00003eb0                xTaskRemoveFromEventList
                0x00003f58                vTaskRemoveFromUnorderedEventList
                0x00003fdc                vTaskSetTimeOutState
                0x0000400c                vTaskInternalSetTimeOutState
                0x00004038                xTaskCheckForTimeOut
                0x000040c4                vTaskMissedYield
                0x000040dc                uxTaskGetTaskNumber
                0x00004106                vTaskSetTaskNumber
                0x00004214                vTaskGetInfo
                0x00004410                xTaskGetCurrentTaskHandle
                0x0000442c                xTaskPriorityInherit
                0x00004518                xTaskPriorityDisinherit
                0x000045cc                vTaskPriorityDisinheritAfterTimeout
                0x000046a8                uxTaskResetEventItemValue
                0x000046d8                pvTaskIncrementMutexHeldCount
                0x00004700                ulTaskNotifyTake
                0x00004790                xTaskNotifyWait
                0x00004844                xTaskGenericNotify
                0x00004954                xTaskGenericNotifyFromISR
                0x00004aa8                vTaskNotifyGiveFromISR
                0x00004b8c                xTaskNotifyStateClear
                0x00004bd8                ulTaskNotifyValueClear
 .text          0x00004cec      0x15e G:\isel\SE2\se\FreeRTOS-Kernel\Debug\libFreeRTOS-Kernel.a(list.o)
                0x00004cec                vListInitialise
                0x00004d2a                vListInitialiseItem
                0x00004d42                vListInsertEnd
                0x00004d88                vListInsert
                0x00004df8                uxListRemove
 *fill*         0x00004e4a        0x2 ff
 .text          0x00004e4c      0x21c f:/mcuxpressoide_11.3.1_5262/ide/plugins/com.nxp.mcuxpresso.tools.win32_11.3.0.202008311133/tools/bin/../lib/gcc/arm-none-eabi/9.3.1/thumb/v7-m/nofp\libgcc.a(_arm_addsubsf3.o)
                0x00004e4c                __aeabi_frsub
                0x00004e54                __subsf3
                0x00004e54                __aeabi_fsub
                0x00004e58                __aeabi_fadd
                0x00004e58                __addsf3
                0x00004fb8                __aeabi_ui2f
                0x00004fb8                __floatunsisf
                0x00004fc0                __aeabi_i2f
                0x00004fc0                __floatsisf
                0x00004fdc                __aeabi_ul2f
                0x00004fdc                __floatundisf
                0x00004fec                __aeabi_l2f
                0x00004fec                __floatdisf
 .text          0x00005068      0x2a0 f:/mcuxpressoide_11.3.1_5262/ide/plugins/com.nxp.mcuxpresso.tools.win32_11.3.0.202008311133/tools/bin/../lib/gcc/arm-none-eabi/9.3.1/thumb/v7-m/nofp\libgcc.a(_arm_muldivsf3.o)
                0x00005068                __mulsf3
                0x00005068                __aeabi_fmul
                0x000051d0                __aeabi_fdiv
                0x000051d0                __divsf3
 .text          0x00005308       0xec f:/mcuxpressoide_11.3.1_5262/ide/plugins/com.nxp.mcuxpresso.tools.win32_11.3.0.202008311133/tools/bin/../lib/gcc/arm-none-eabi/9.3.1/thumb/v7-m/nofp\libgcc.a(_arm_cmpsf2.o)
                0x00005308                __gesf2
                0x00005308                __gtsf2
                0x00005310                __lesf2
                0x00005310                __ltsf2
                0x00005318                __nesf2
                0x00005318                __eqsf2
                0x00005318                __cmpsf2
                0x00005378                __aeabi_cfrcmple
                0x00005380                __aeabi_cfcmpeq
                0x00005380                __aeabi_cfcmple
                0x00005390                __aeabi_fcmpeq
                0x000053a4                __aeabi_fcmplt
                0x000053b8                __aeabi_fcmple
                0x000053cc                __aeabi_fcmpge
                0x000053e0                __aeabi_fcmpgt
 .text          0x000053f4       0x4c f:/mcuxpressoide_11.3.1_5262/ide/plugins/com.nxp.mcuxpresso.tools.win32_11.3.0.202008311133/tools/bin/../lib/gcc/arm-none-eabi/9.3.1/thumb/v7-m/nofp\libgcc.a(_arm_fixsfsi.o)
                0x000053f4                __aeabi_f2iz
                0x000053f4                __fixsfsi
 .text          0x00005440       0x40 f:/mcuxpressoide_11.3.1_5262/ide/plugins/com.nxp.mcuxpresso.tools.win32_11.3.0.202008311133/tools/bin/../lib/gcc/arm-none-eabi/9.3.1/thumb/v7-m/nofp\libgcc.a(_arm_fixunssfsi.o)
                0x00005440                __fixunssfsi
                0x00005440                __aeabi_f2uiz
 .text          0x00005480       0xa0 f:/mcuxpressoide_11.3.1_5262/ide/plugins/com.nxp.mcuxpresso.tools.win32_11.3.0.202008311133/tools/bin/../lib/gcc/arm-none-eabi/9.3.1/thumb/v7-m/nofp\libgcc.a(_aeabi_ldivmod.o)
                0x00005480                __aeabi_ldivmod
 .text          0x00005520      0x2c4 f:/mcuxpressoide_11.3.1_5262/ide/plugins/com.nxp.mcuxpresso.tools.win32_11.3.0.202008311133/tools/bin/../lib/gcc/arm-none-eabi/9.3.1/thumb/v7-m/nofp\libgcc.a(_udivmoddi4.o)
                0x00005520                __udivmoddi4
 .text          0x000057e4        0x4 f:/mcuxpressoide_11.3.1_5262/ide/plugins/com.nxp.mcuxpresso.tools.win32_11.3.0.202008311133/tools/bin/../lib/gcc/arm-none-eabi/9.3.1/thumb/v7-m/nofp\libgcc.a(_dvmd_tls.o)
                0x000057e4                __aeabi_idiv0
                0x000057e4                __aeabi_ldiv0
 .text.localtime
                0x000057e8       0x3c f:/mcuxpressoide_11.3.1_5262/ide/plugins/com.nxp.mcuxpresso.tools.win32_11.3.0.202008311133/tools/bin/../lib/gcc/arm-none-eabi/9.3.1/../../../../arm-none-eabi/lib/thumb/v7-m/nofp\libc_nano.a(lib_a-lcltime.o)
                0x000057e8                localtime
 .text.localtime_r
                0x00005824      0x1ec f:/mcuxpressoide_11.3.1_5262/ide/plugins/com.nxp.mcuxpresso.tools.win32_11.3.0.202008311133/tools/bin/../lib/gcc/arm-none-eabi/9.3.1/../../../../arm-none-eabi/lib/thumb/v7-m/nofp\libc_nano.a(lib_a-lcltime_r.o)
                0x00005824                localtime_r
 .text.malloc   0x00005a10       0x10 f:/mcuxpressoide_11.3.1_5262/ide/plugins/com.nxp.mcuxpresso.tools.win32_11.3.0.202008311133/tools/bin/../lib/gcc/arm-none-eabi/9.3.1/../../../../arm-none-eabi/lib/thumb/v7-m/nofp\libc_nano.a(lib_a-malloc.o)
                0x00005a10                malloc
 .text.free     0x00005a20       0x10 f:/mcuxpressoide_11.3.1_5262/ide/plugins/com.nxp.mcuxpresso.tools.win32_11.3.0.202008311133/tools/bin/../lib/gcc/arm-none-eabi/9.3.1/../../../../arm-none-eabi/lib/thumb/v7-m/nofp\libc_nano.a(lib_a-malloc.o)
                0x00005a20                free
 .text.memcmp   0x00005a30       0x1c f:/mcuxpressoide_11.3.1_5262/ide/plugins/com.nxp.mcuxpresso.tools.win32_11.3.0.202008311133/tools/bin/../lib/gcc/arm-none-eabi/9.3.1/../../../../arm-none-eabi/lib/thumb/v7-m/nofp\libc_nano.a(lib_a-memcmp.o)
                0x00005a30                memcmp
 .text.memcpy   0x00005a4c       0x1c f:/mcuxpressoide_11.3.1_5262/ide/plugins/com.nxp.mcuxpresso.tools.win32_11.3.0.202008311133/tools/bin/../lib/gcc/arm-none-eabi/9.3.1/../../../../arm-none-eabi/lib/thumb/v7-m/nofp\libc_nano.a(lib_a-memcpy-stub.o)
                0x00005a4c                memcpy
 .text.memset   0x00005a68       0x10 f:/mcuxpressoide_11.3.1_5262/ide/plugins/com.nxp.mcuxpresso.tools.win32_11.3.0.202008311133/tools/bin/../lib/gcc/arm-none-eabi/9.3.1/../../../../arm-none-eabi/lib/thumb/v7-m/nofp\libc_nano.a(lib_a-memset.o)
                0x00005a68                memset
 .text._free_r  0x00005a78       0x98 f:/mcuxpressoide_11.3.1_5262/ide/plugins/com.nxp.mcuxpresso.tools.win32_11.3.0.202008311133/tools/bin/../lib/gcc/arm-none-eabi/9.3.1/../../../../arm-none-eabi/lib/thumb/v7-m/nofp\libc_nano.a(lib_a-nano-freer.o)
                0x00005a78                _free_r
 .text._malloc_r
                0x00005b10       0xb4 f:/mcuxpressoide_11.3.1_5262/ide/plugins/com.nxp.mcuxpresso.tools.win32_11.3.0.202008311133/tools/bin/../lib/gcc/arm-none-eabi/9.3.1/../../../../arm-none-eabi/lib/thumb/v7-m/nofp\libc_nano.a(lib_a-nano-mallocr.o)
                0x00005b10                _malloc_r
 .text._sbrk_r  0x00005bc4       0x20 f:/mcuxpressoide_11.3.1_5262/ide/plugins/com.nxp.mcuxpresso.tools.win32_11.3.0.202008311133/tools/bin/../lib/gcc/arm-none-eabi/9.3.1/../../../../arm-none-eabi/lib/thumb/v7-m/nofp\libc_nano.a(lib_a-sbrkr.o)
                0x00005bc4                _sbrk_r
 .text.strchr   0x00005be4       0x1a f:/mcuxpressoide_11.3.1_5262/ide/plugins/com.nxp.mcuxpresso.tools.win32_11.3.0.202008311133/tools/bin/../lib/gcc/arm-none-eabi/9.3.1/../../../../arm-none-eabi/lib/thumb/v7-m/nofp\libc_nano.a(lib_a-strchr.o)
                0x00005be4                strchr
 .text.strcpy   0x00005bfe       0x10 f:/mcuxpressoide_11.3.1_5262/ide/plugins/com.nxp.mcuxpresso.tools.win32_11.3.0.202008311133/tools/bin/../lib/gcc/arm-none-eabi/9.3.1/../../../../arm-none-eabi/lib/thumb/v7-m/nofp\libc_nano.a(lib_a-strcpy.o)
                0x00005bfe                strcpy
 .text          0x00005c0e       0x10 f:/mcuxpressoide_11.3.1_5262/ide/plugins/com.nxp.mcuxpresso.tools.win32_11.3.0.202008311133/tools/bin/../lib/gcc/arm-none-eabi/9.3.1/../../../../arm-none-eabi/lib/thumb/v7-m/nofp\libc_nano.a(lib_a-strlen.o)
                0x00005c0e                strlen
 *fill*         0x00005c1e        0x2 ff
 .text.__tzcalc_limits
                0x00005c20      0x150 f:/mcuxpressoide_11.3.1_5262/ide/plugins/com.nxp.mcuxpresso.tools.win32_11.3.0.202008311133/tools/bin/../lib/gcc/arm-none-eabi/9.3.1/../../../../arm-none-eabi/lib/thumb/v7-m/nofp\libc_nano.a(lib_a-tzcalc_limits.o)
                0x00005c20                __tzcalc_limits
 .text.__tz_lock
                0x00005d70        0xc f:/mcuxpressoide_11.3.1_5262/ide/plugins/com.nxp.mcuxpresso.tools.win32_11.3.0.202008311133/tools/bin/../lib/gcc/arm-none-eabi/9.3.1/../../../../arm-none-eabi/lib/thumb/v7-m/nofp\libc_nano.a(lib_a-tzlock.o)
                0x00005d70                __tz_lock
 .text.__tz_unlock
                0x00005d7c        0xc f:/mcuxpressoide_11.3.1_5262/ide/plugins/com.nxp.mcuxpresso.tools.win32_11.3.0.202008311133/tools/bin/../lib/gcc/arm-none-eabi/9.3.1/../../../../arm-none-eabi/lib/thumb/v7-m/nofp\libc_nano.a(lib_a-tzlock.o)
                0x00005d7c                __tz_unlock
 .text._tzset_unlocked
                0x00005d88        0xc f:/mcuxpressoide_11.3.1_5262/ide/plugins/com.nxp.mcuxpresso.tools.win32_11.3.0.202008311133/tools/bin/../lib/gcc/arm-none-eabi/9.3.1/../../../../arm-none-eabi/lib/thumb/v7-m/nofp\libc_nano.a(lib_a-tzset.o)
                0x00005d88                _tzset_unlocked
 .text._tzset_unlocked_r
                0x00005d94      0x300 f:/mcuxpressoide_11.3.1_5262/ide/plugins/com.nxp.mcuxpresso.tools.win32_11.3.0.202008311133/tools/bin/../lib/gcc/arm-none-eabi/9.3.1/../../../../arm-none-eabi/lib/thumb/v7-m/nofp\libc_nano.a(lib_a-tzset_r.o)
                0x00005d94                _tzset_unlocked_r
 .text._vsscanf_r
                0x00006094       0x48 f:/mcuxpressoide_11.3.1_5262/ide/plugins/com.nxp.mcuxpresso.tools.win32_11.3.0.202008311133/tools/bin/../lib/gcc/arm-none-eabi/9.3.1/../../../../arm-none-eabi/lib/thumb/v7-m/nofp\libc_nano.a(lib_a-vsscanf.o)
                0x00006094                _vsscanf_r
                0x00006094                _vsiscanf_r
 .text.vsscanf  0x000060dc       0x14 f:/mcuxpressoide_11.3.1_5262/ide/plugins/com.nxp.mcuxpresso.tools.win32_11.3.0.202008311133/tools/bin/../lib/gcc/arm-none-eabi/9.3.1/../../../../arm-none-eabi/lib/thumb/v7-m/nofp\libc_nano.a(lib_a-vsscanf.o)
                0x000060dc                vsiscanf
                0x000060dc                vsscanf
 .text.__assert_func
                0x000060f0       0x3c f:/mcuxpressoide_11.3.1_5262/ide/plugins/com.nxp.mcuxpresso.tools.win32_11.3.0.202008311133/tools/bin/../lib/gcc/arm-none-eabi/9.3.1/../../../../arm-none-eabi/lib/thumb/v7-m/nofp\libc_nano.a(lib_a-assert.o)
                0x000060f0                __assert_func
 .text.fprintf  0x0000612c       0x24 f:/mcuxpressoide_11.3.1_5262/ide/plugins/com.nxp.mcuxpresso.tools.win32_11.3.0.202008311133/tools/bin/../lib/gcc/arm-none-eabi/9.3.1/../../../../arm-none-eabi/lib/thumb/v7-m/nofp\libc_nano.a(lib_a-fprintf.o)
                0x0000612c                fiprintf
                0x0000612c                fprintf
 .text._findenv_r
                0x00006150       0x74 f:/mcuxpressoide_11.3.1_5262/ide/plugins/com.nxp.mcuxpresso.tools.win32_11.3.0.202008311133/tools/bin/../lib/gcc/arm-none-eabi/9.3.1/../../../../arm-none-eabi/lib/thumb/v7-m/nofp\libc_nano.a(lib_a-getenv_r.o)
                0x00006150                _findenv_r
 .text._getenv_r
                0x000061c4        0xe f:/mcuxpressoide_11.3.1_5262/ide/plugins/com.nxp.mcuxpresso.tools.win32_11.3.0.202008311133/tools/bin/../lib/gcc/arm-none-eabi/9.3.1/../../../../arm-none-eabi/lib/thumb/v7-m/nofp\libc_nano.a(lib_a-getenv_r.o)
                0x000061c4                _getenv_r
 *fill*         0x000061d2        0x2 ff
 .text.__gettzinfo
                0x000061d4        0x8 f:/mcuxpressoide_11.3.1_5262/ide/plugins/com.nxp.mcuxpresso.tools.win32_11.3.0.202008311133/tools/bin/../lib/gcc/arm-none-eabi/9.3.1/../../../../arm-none-eabi/lib/thumb/v7-m/nofp\libc_nano.a(lib_a-gettzinfo.o)
                0x000061d4                __gettzinfo
 .text.gmtime_r
                0x000061dc      0x160 f:/mcuxpressoide_11.3.1_5262/ide/plugins/com.nxp.mcuxpresso.tools.win32_11.3.0.202008311133/tools/bin/../lib/gcc/arm-none-eabi/9.3.1/../../../../arm-none-eabi/lib/thumb/v7-m/nofp\libc_nano.a(lib_a-gmtime_r.o)
                0x000061dc                gmtime_r
 .text.__retarget_lock_init_recursive
                0x0000633c        0x2 f:/mcuxpressoide_11.3.1_5262/ide/plugins/com.nxp.mcuxpresso.tools.win32_11.3.0.202008311133/tools/bin/../lib/gcc/arm-none-eabi/9.3.1/../../../../arm-none-eabi/lib/thumb/v7-m/nofp\libc_nano.a(lib_a-lock.o)
                0x0000633c                __retarget_lock_init_recursive
 .text.__retarget_lock_acquire
                0x0000633e        0x2 f:/mcuxpressoide_11.3.1_5262/ide/plugins/com.nxp.mcuxpresso.tools.win32_11.3.0.202008311133/tools/bin/../lib/gcc/arm-none-eabi/9.3.1/../../../../arm-none-eabi/lib/thumb/v7-m/nofp\libc_nano.a(lib_a-lock.o)
                0x0000633e                __retarget_lock_acquire
 .text.__retarget_lock_acquire_recursive
                0x00006340        0x2 f:/mcuxpressoide_11.3.1_5262/ide/plugins/com.nxp.mcuxpresso.tools.win32_11.3.0.202008311133/tools/bin/../lib/gcc/arm-none-eabi/9.3.1/../../../../arm-none-eabi/lib/thumb/v7-m/nofp\libc_nano.a(lib_a-lock.o)
                0x00006340                __retarget_lock_acquire_recursive
 .text.__retarget_lock_release
                0x00006342        0x2 f:/mcuxpressoide_11.3.1_5262/ide/plugins/com.nxp.mcuxpresso.tools.win32_11.3.0.202008311133/tools/bin/../lib/gcc/arm-none-eabi/9.3.1/../../../../arm-none-eabi/lib/thumb/v7-m/nofp\libc_nano.a(lib_a-lock.o)
                0x00006342                __retarget_lock_release
 .text.__retarget_lock_release_recursive
                0x00006344        0x2 f:/mcuxpressoide_11.3.1_5262/ide/plugins/com.nxp.mcuxpresso.tools.win32_11.3.0.202008311133/tools/bin/../lib/gcc/arm-none-eabi/9.3.1/../../../../arm-none-eabi/lib/thumb/v7-m/nofp\libc_nano.a(lib_a-lock.o)
                0x00006344                __retarget_lock_release_recursive
 *fill*         0x00006346        0x2 ff
 .text.__malloc_lock
                0x00006348        0xc f:/mcuxpressoide_11.3.1_5262/ide/plugins/com.nxp.mcuxpresso.tools.win32_11.3.0.202008311133/tools/bin/../lib/gcc/arm-none-eabi/9.3.1/../../../../arm-none-eabi/lib/thumb/v7-m/nofp\libc_nano.a(lib_a-mlock.o)
                0x00006348                __malloc_lock
 .text.__malloc_unlock
                0x00006354        0xc f:/mcuxpressoide_11.3.1_5262/ide/plugins/com.nxp.mcuxpresso.tools.win32_11.3.0.202008311133/tools/bin/../lib/gcc/arm-none-eabi/9.3.1/../../../../arm-none-eabi/lib/thumb/v7-m/nofp\libc_nano.a(lib_a-mlock.o)
                0x00006354                __malloc_unlock
 .text._sungetc_r
                0x00006360       0x7a f:/mcuxpressoide_11.3.1_5262/ide/plugins/com.nxp.mcuxpresso.tools.win32_11.3.0.202008311133/tools/bin/../lib/gcc/arm-none-eabi/9.3.1/../../../../arm-none-eabi/lib/thumb/v7-m/nofp\libc_nano.a(lib_a-nano-svfscanf.o)
                0x00006360                _sungetc_r
 .text.__ssrefill_r
                0x000063da       0x3a f:/mcuxpressoide_11.3.1_5262/ide/plugins/com.nxp.mcuxpresso.tools.win32_11.3.0.202008311133/tools/bin/../lib/gcc/arm-none-eabi/9.3.1/../../../../arm-none-eabi/lib/thumb/v7-m/nofp\libc_nano.a(lib_a-nano-svfscanf.o)
                0x000063da                __ssrefill_r
 .text.__ssvfscanf_r
                0x00006414      0x2f4 f:/mcuxpressoide_11.3.1_5262/ide/plugins/com.nxp.mcuxpresso.tools.win32_11.3.0.202008311133/tools/bin/../lib/gcc/arm-none-eabi/9.3.1/../../../../arm-none-eabi/lib/thumb/v7-m/nofp\libc_nano.a(lib_a-nano-svfscanf.o)
                0x00006414                __ssvfiscanf_r
                0x00006414                __ssvfscanf_r
 .text.__sfputc_r
                0x00006708       0x2a f:/mcuxpressoide_11.3.1_5262/ide/plugins/com.nxp.mcuxpresso.tools.win32_11.3.0.202008311133/tools/bin/../lib/gcc/arm-none-eabi/9.3.1/../../../../arm-none-eabi/lib/thumb/v7-m/nofp\libc_nano.a(lib_a-nano-vfprintf.o)
 .text.__sfputs_r
                0x00006732       0x24 f:/mcuxpressoide_11.3.1_5262/ide/plugins/com.nxp.mcuxpresso.tools.win32_11.3.0.202008311133/tools/bin/../lib/gcc/arm-none-eabi/9.3.1/../../../../arm-none-eabi/lib/thumb/v7-m/nofp\libc_nano.a(lib_a-nano-vfprintf.o)
                0x00006732                __sfputs_r
 *fill*         0x00006756        0x2 ff
 .text._vfprintf_r
                0x00006758      0x260 f:/mcuxpressoide_11.3.1_5262/ide/plugins/com.nxp.mcuxpresso.tools.win32_11.3.0.202008311133/tools/bin/../lib/gcc/arm-none-eabi/9.3.1/../../../../arm-none-eabi/lib/thumb/v7-m/nofp\libc_nano.a(lib_a-nano-vfprintf.o)
                0x00006758                _vfprintf_r
                0x00006758                _vfiprintf_r
 .text._printf_common
                0x000069b8       0xde f:/mcuxpressoide_11.3.1_5262/ide/plugins/com.nxp.mcuxpresso.tools.win32_11.3.0.202008311133/tools/bin/../lib/gcc/arm-none-eabi/9.3.1/../../../../arm-none-eabi/lib/thumb/v7-m/nofp\libc_nano.a(lib_a-nano-vfprintf_i.o)
                0x000069b8                _printf_common
 *fill*         0x00006a96        0x2 ff
 .text._printf_i
                0x00006a98      0x24c f:/mcuxpressoide_11.3.1_5262/ide/plugins/com.nxp.mcuxpresso.tools.win32_11.3.0.202008311133/tools/bin/../lib/gcc/arm-none-eabi/9.3.1/../../../../arm-none-eabi/lib/thumb/v7-m/nofp\libc_nano.a(lib_a-nano-vfprintf_i.o)
                0x00006a98                _printf_i
 .text._scanf_chars
                0x00006ce4       0xb0 f:/mcuxpressoide_11.3.1_5262/ide/plugins/com.nxp.mcuxpresso.tools.win32_11.3.0.202008311133/tools/bin/../lib/gcc/arm-none-eabi/9.3.1/../../../../arm-none-eabi/lib/thumb/v7-m/nofp\libc_nano.a(lib_a-nano-vfscanf_i.o)
                0x00006ce4                _scanf_chars
 .text._scanf_i
                0x00006d94      0x1e4 f:/mcuxpressoide_11.3.1_5262/ide/plugins/com.nxp.mcuxpresso.tools.win32_11.3.0.202008311133/tools/bin/../lib/gcc/arm-none-eabi/9.3.1/../../../../arm-none-eabi/lib/thumb/v7-m/nofp\libc_nano.a(lib_a-nano-vfscanf_i.o)
                0x00006d94                _scanf_i
 .text.__sccl   0x00006f78       0x74 f:/mcuxpressoide_11.3.1_5262/ide/plugins/com.nxp.mcuxpresso.tools.win32_11.3.0.202008311133/tools/bin/../lib/gcc/arm-none-eabi/9.3.1/../../../../arm-none-eabi/lib/thumb/v7-m/nofp\libc_nano.a(lib_a-sccl.o)
                0x00006f78                __sccl
 .text.sscanf   0x00006fec       0x54 f:/mcuxpressoide_11.3.1_5262/ide/plugins/com.nxp.mcuxpresso.tools.win32_11.3.0.202008311133/tools/bin/../lib/gcc/arm-none-eabi/9.3.1/../../../../arm-none-eabi/lib/thumb/v7-m/nofp\libc_nano.a(lib_a-sscanf.o)
                0x00006fec                siscanf
                0x00006fec                sscanf
 .text.__sread  0x00007040       0x22 f:/mcuxpressoide_11.3.1_5262/ide/plugins/com.nxp.mcuxpresso.tools.win32_11.3.0.202008311133/tools/bin/../lib/gcc/arm-none-eabi/9.3.1/../../../../arm-none-eabi/lib/thumb/v7-m/nofp\libc_nano.a(lib_a-stdio.o)
                0x00007040                __sread
 .text.__seofread
                0x00007062        0x4 f:/mcuxpressoide_11.3.1_5262/ide/plugins/com.nxp.mcuxpresso.tools.win32_11.3.0.202008311133/tools/bin/../lib/gcc/arm-none-eabi/9.3.1/../../../../arm-none-eabi/lib/thumb/v7-m/nofp\libc_nano.a(lib_a-stdio.o)
                0x00007062                __seofread
 .text.__swrite
                0x00007066       0x38 f:/mcuxpressoide_11.3.1_5262/ide/plugins/com.nxp.mcuxpresso.tools.win32_11.3.0.202008311133/tools/bin/../lib/gcc/arm-none-eabi/9.3.1/../../../../arm-none-eabi/lib/thumb/v7-m/nofp\libc_nano.a(lib_a-stdio.o)
                0x00007066                __swrite
 .text.__sseek  0x0000709e       0x24 f:/mcuxpressoide_11.3.1_5262/ide/plugins/com.nxp.mcuxpresso.tools.win32_11.3.0.202008311133/tools/bin/../lib/gcc/arm-none-eabi/9.3.1/../../../../arm-none-eabi/lib/thumb/v7-m/nofp\libc_nano.a(lib_a-stdio.o)
                0x0000709e                __sseek
 .text.__sclose
                0x000070c2        0x8 f:/mcuxpressoide_11.3.1_5262/ide/plugins/com.nxp.mcuxpresso.tools.win32_11.3.0.202008311133/tools/bin/../lib/gcc/arm-none-eabi/9.3.1/../../../../arm-none-eabi/lib/thumb/v7-m/nofp\libc_nano.a(lib_a-stdio.o)
                0x000070c2                __sclose
 .text          0x000070ca       0x14 f:/mcuxpressoide_11.3.1_5262/ide/plugins/com.nxp.mcuxpresso.tools.win32_11.3.0.202008311133/tools/bin/../lib/gcc/arm-none-eabi/9.3.1/../../../../arm-none-eabi/lib/thumb/v7-m/nofp\libc_nano.a(lib_a-strcmp.o)
                0x000070ca                strcmp
 .text.strncmp  0x000070de       0x24 f:/mcuxpressoide_11.3.1_5262/ide/plugins/com.nxp.mcuxpresso.tools.win32_11.3.0.202008311133/tools/bin/../lib/gcc/arm-none-eabi/9.3.1/../../../../arm-none-eabi/lib/thumb/v7-m/nofp\libc_nano.a(lib_a-strncmp.o)
                0x000070de                strncmp
 *fill*         0x00007102        0x2 ff
 .text._strtol_l.isra.0
                0x00007104      0x10c f:/mcuxpressoide_11.3.1_5262/ide/plugins/com.nxp.mcuxpresso.tools.win32_11.3.0.202008311133/tools/bin/../lib/gcc/arm-none-eabi/9.3.1/../../../../arm-none-eabi/lib/thumb/v7-m/nofp\libc_nano.a(lib_a-strtol.o)
 .text._strtol_r
                0x00007210        0x4 f:/mcuxpressoide_11.3.1_5262/ide/plugins/com.nxp.mcuxpresso.tools.win32_11.3.0.202008311133/tools/bin/../lib/gcc/arm-none-eabi/9.3.1/../../../../arm-none-eabi/lib/thumb/v7-m/nofp\libc_nano.a(lib_a-strtol.o)
                0x00007210                _strtol_r
 .text._strtoul_l.isra.0
                0x00007214       0xf8 f:/mcuxpressoide_11.3.1_5262/ide/plugins/com.nxp.mcuxpresso.tools.win32_11.3.0.202008311133/tools/bin/../lib/gcc/arm-none-eabi/9.3.1/../../../../arm-none-eabi/lib/thumb/v7-m/nofp\libc_nano.a(lib_a-strtoul.o)
 .text._strtoul_r
                0x0000730c        0x4 f:/mcuxpressoide_11.3.1_5262/ide/plugins/com.nxp.mcuxpresso.tools.win32_11.3.0.202008311133/tools/bin/../lib/gcc/arm-none-eabi/9.3.1/../../../../arm-none-eabi/lib/thumb/v7-m/nofp\libc_nano.a(lib_a-strtoul.o)
                0x0000730c                _strtoul_r
 .text.strtoul  0x00007310       0x14 f:/mcuxpressoide_11.3.1_5262/ide/plugins/com.nxp.mcuxpresso.tools.win32_11.3.0.202008311133/tools/bin/../lib/gcc/arm-none-eabi/9.3.1/../../../../arm-none-eabi/lib/thumb/v7-m/nofp\libc_nano.a(lib_a-strtoul.o)
                0x00007310                strtoul
 .text.__submore
                0x00007324       0x70 f:/mcuxpressoide_11.3.1_5262/ide/plugins/com.nxp.mcuxpresso.tools.win32_11.3.0.202008311133/tools/bin/../lib/gcc/arm-none-eabi/9.3.1/../../../../arm-none-eabi/lib/thumb/v7-m/nofp\libc_nano.a(lib_a-ungetc.o)
                0x00007324                __submore
 .text.__swbuf_r
                0x00007394       0xa4 f:/mcuxpressoide_11.3.1_5262/ide/plugins/com.nxp.mcuxpresso.tools.win32_11.3.0.202008311133/tools/bin/../lib/gcc/arm-none-eabi/9.3.1/../../../../arm-none-eabi/lib/thumb/v7-m/nofp\libc_nano.a(lib_a-wbuf.o)
                0x00007394                __swbuf_r
 .text._write_r
                0x00007438       0x24 f:/mcuxpressoide_11.3.1_5262/ide/plugins/com.nxp.mcuxpresso.tools.win32_11.3.0.202008311133/tools/bin/../lib/gcc/arm-none-eabi/9.3.1/../../../../arm-none-eabi/lib/thumb/v7-m/nofp\libc_nano.a(lib_a-writer.o)
                0x00007438                _write_r
 .text.__swsetup_r
                0x0000745c       0xdc f:/mcuxpressoide_11.3.1_5262/ide/plugins/com.nxp.mcuxpresso.tools.win32_11.3.0.202008311133/tools/bin/../lib/gcc/arm-none-eabi/9.3.1/../../../../arm-none-eabi/lib/thumb/v7-m/nofp\libc_nano.a(lib_a-wsetup.o)
                0x0000745c                __swsetup_r
 .text.abort    0x00007538        0xe f:/mcuxpressoide_11.3.1_5262/ide/plugins/com.nxp.mcuxpresso.tools.win32_11.3.0.202008311133/tools/bin/../lib/gcc/arm-none-eabi/9.3.1/../../../../arm-none-eabi/lib/thumb/v7-m/nofp\libc_nano.a(lib_a-abort.o)
                0x00007538                abort
 *fill*         0x00007546        0x2 ff
 .text._close_r
                0x00007548       0x20 f:/mcuxpressoide_11.3.1_5262/ide/plugins/com.nxp.mcuxpresso.tools.win32_11.3.0.202008311133/tools/bin/../lib/gcc/arm-none-eabi/9.3.1/../../../../arm-none-eabi/lib/thumb/v7-m/nofp\libc_nano.a(lib_a-closer.o)
                0x00007548                _close_r
 .text.__env_lock
                0x00007568        0xc f:/mcuxpressoide_11.3.1_5262/ide/plugins/com.nxp.mcuxpresso.tools.win32_11.3.0.202008311133/tools/bin/../lib/gcc/arm-none-eabi/9.3.1/../../../../arm-none-eabi/lib/thumb/v7-m/nofp\libc_nano.a(lib_a-envlock.o)
                0x00007568                __env_lock
 .text.__env_unlock
                0x00007574        0xc f:/mcuxpressoide_11.3.1_5262/ide/plugins/com.nxp.mcuxpresso.tools.win32_11.3.0.202008311133/tools/bin/../lib/gcc/arm-none-eabi/9.3.1/../../../../arm-none-eabi/lib/thumb/v7-m/nofp\libc_nano.a(lib_a-envlock.o)
                0x00007574                __env_unlock
 .text.__errno  0x00007580        0xc f:/mcuxpressoide_11.3.1_5262/ide/plugins/com.nxp.mcuxpresso.tools.win32_11.3.0.202008311133/tools/bin/../lib/gcc/arm-none-eabi/9.3.1/../../../../arm-none-eabi/lib/thumb/v7-m/nofp\libc_nano.a(lib_a-errno.o)
                0x00007580                __errno
 .text.__sflush_r
                0x0000758c      0x10c f:/mcuxpressoide_11.3.1_5262/ide/plugins/com.nxp.mcuxpresso.tools.win32_11.3.0.202008311133/tools/bin/../lib/gcc/arm-none-eabi/9.3.1/../../../../arm-none-eabi/lib/thumb/v7-m/nofp\libc_nano.a(lib_a-fflush.o)
                0x0000758c                __sflush_r
 .text._fflush_r
                0x00007698       0x78 f:/mcuxpressoide_11.3.1_5262/ide/plugins/com.nxp.mcuxpresso.tools.win32_11.3.0.202008311133/tools/bin/../lib/gcc/arm-none-eabi/9.3.1/../../../../arm-none-eabi/lib/thumb/v7-m/nofp\libc_nano.a(lib_a-fflush.o)
                0x00007698                _fflush_r
 .text.std      0x00007710       0x48 f:/mcuxpressoide_11.3.1_5262/ide/plugins/com.nxp.mcuxpresso.tools.win32_11.3.0.202008311133/tools/bin/../lib/gcc/arm-none-eabi/9.3.1/../../../../arm-none-eabi/lib/thumb/v7-m/nofp\libc_nano.a(lib_a-findfp.o)
 .text._cleanup_r
                0x00007758        0xc f:/mcuxpressoide_11.3.1_5262/ide/plugins/com.nxp.mcuxpresso.tools.win32_11.3.0.202008311133/tools/bin/../lib/gcc/arm-none-eabi/9.3.1/../../../../arm-none-eabi/lib/thumb/v7-m/nofp\libc_nano.a(lib_a-findfp.o)
                0x00007758                _cleanup_r
 .text.__sfmoreglue
                0x00007764       0x2c f:/mcuxpressoide_11.3.1_5262/ide/plugins/com.nxp.mcuxpresso.tools.win32_11.3.0.202008311133/tools/bin/../lib/gcc/arm-none-eabi/9.3.1/../../../../arm-none-eabi/lib/thumb/v7-m/nofp\libc_nano.a(lib_a-findfp.o)
                0x00007764                __sfmoreglue
 .text.__sfp_lock_acquire
                0x00007790        0xc f:/mcuxpressoide_11.3.1_5262/ide/plugins/com.nxp.mcuxpresso.tools.win32_11.3.0.202008311133/tools/bin/../lib/gcc/arm-none-eabi/9.3.1/../../../../arm-none-eabi/lib/thumb/v7-m/nofp\libc_nano.a(lib_a-findfp.o)
                0x00007790                __sfp_lock_acquire
 .text.__sfp_lock_release
                0x0000779c        0xc f:/mcuxpressoide_11.3.1_5262/ide/plugins/com.nxp.mcuxpresso.tools.win32_11.3.0.202008311133/tools/bin/../lib/gcc/arm-none-eabi/9.3.1/../../../../arm-none-eabi/lib/thumb/v7-m/nofp\libc_nano.a(lib_a-findfp.o)
                0x0000779c                __sfp_lock_release
 .text.__sinit_lock_acquire
                0x000077a8        0xc f:/mcuxpressoide_11.3.1_5262/ide/plugins/com.nxp.mcuxpresso.tools.win32_11.3.0.202008311133/tools/bin/../lib/gcc/arm-none-eabi/9.3.1/../../../../arm-none-eabi/lib/thumb/v7-m/nofp\libc_nano.a(lib_a-findfp.o)
                0x000077a8                __sinit_lock_acquire
 .text.__sinit_lock_release
                0x000077b4        0xc f:/mcuxpressoide_11.3.1_5262/ide/plugins/com.nxp.mcuxpresso.tools.win32_11.3.0.202008311133/tools/bin/../lib/gcc/arm-none-eabi/9.3.1/../../../../arm-none-eabi/lib/thumb/v7-m/nofp\libc_nano.a(lib_a-findfp.o)
                0x000077b4                __sinit_lock_release
 .text.__sinit  0x000077c0       0x70 f:/mcuxpressoide_11.3.1_5262/ide/plugins/com.nxp.mcuxpresso.tools.win32_11.3.0.202008311133/tools/bin/../lib/gcc/arm-none-eabi/9.3.1/../../../../arm-none-eabi/lib/thumb/v7-m/nofp\libc_nano.a(lib_a-findfp.o)
                0x000077c0                __sinit
 .text.__sfp    0x00007830       0x8c f:/mcuxpressoide_11.3.1_5262/ide/plugins/com.nxp.mcuxpresso.tools.win32_11.3.0.202008311133/tools/bin/../lib/gcc/arm-none-eabi/9.3.1/../../../../arm-none-eabi/lib/thumb/v7-m/nofp\libc_nano.a(lib_a-findfp.o)
                0x00007830                __sfp
 .text._fwalk_reent
                0x000078bc       0x3e f:/mcuxpressoide_11.3.1_5262/ide/plugins/com.nxp.mcuxpresso.tools.win32_11.3.0.202008311133/tools/bin/../lib/gcc/arm-none-eabi/9.3.1/../../../../arm-none-eabi/lib/thumb/v7-m/nofp\libc_nano.a(lib_a-fwalk.o)
                0x000078bc                _fwalk_reent
 *fill*         0x000078fa        0x2 ff
 .text._lseek_r
                0x000078fc       0x24 f:/mcuxpressoide_11.3.1_5262/ide/plugins/com.nxp.mcuxpresso.tools.win32_11.3.0.202008311133/tools/bin/../lib/gcc/arm-none-eabi/9.3.1/../../../../arm-none-eabi/lib/thumb/v7-m/nofp\libc_nano.a(lib_a-lseekr.o)
                0x000078fc                _lseek_r
 .text.__swhatbuf_r
                0x00007920       0x48 f:/mcuxpressoide_11.3.1_5262/ide/plugins/com.nxp.mcuxpresso.tools.win32_11.3.0.202008311133/tools/bin/../lib/gcc/arm-none-eabi/9.3.1/../../../../arm-none-eabi/lib/thumb/v7-m/nofp\libc_nano.a(lib_a-makebuf.o)
                0x00007920                __swhatbuf_r
 .text.__smakebuf_r
                0x00007968       0x80 f:/mcuxpressoide_11.3.1_5262/ide/plugins/com.nxp.mcuxpresso.tools.win32_11.3.0.202008311133/tools/bin/../lib/gcc/arm-none-eabi/9.3.1/../../../../arm-none-eabi/lib/thumb/v7-m/nofp\libc_nano.a(lib_a-makebuf.o)
                0x00007968                __smakebuf_r
 .text.memchr   0x000079e8       0x1c f:/mcuxpressoide_11.3.1_5262/ide/plugins/com.nxp.mcuxpresso.tools.win32_11.3.0.202008311133/tools/bin/../lib/gcc/arm-none-eabi/9.3.1/../../../../arm-none-eabi/lib/thumb/v7-m/nofp\libc_nano.a(lib_a-memchr-stub.o)
                0x000079e8                memchr
 .text._realloc_r
                0x00007a04       0x4c f:/mcuxpressoide_11.3.1_5262/ide/plugins/com.nxp.mcuxpresso.tools.win32_11.3.0.202008311133/tools/bin/../lib/gcc/arm-none-eabi/9.3.1/../../../../arm-none-eabi/lib/thumb/v7-m/nofp\libc_nano.a(lib_a-nano-reallocr.o)
                0x00007a04                _realloc_r
 .text._read_r  0x00007a50       0x24 f:/mcuxpressoide_11.3.1_5262/ide/plugins/com.nxp.mcuxpresso.tools.win32_11.3.0.202008311133/tools/bin/../lib/gcc/arm-none-eabi/9.3.1/../../../../arm-none-eabi/lib/thumb/v7-m/nofp\libc_nano.a(lib_a-readr.o)
                0x00007a50                _read_r
 .text._raise_r
                0x00007a74       0x50 f:/mcuxpressoide_11.3.1_5262/ide/plugins/com.nxp.mcuxpresso.tools.win32_11.3.0.202008311133/tools/bin/../lib/gcc/arm-none-eabi/9.3.1/../../../../arm-none-eabi/lib/thumb/v7-m/nofp\libc_nano.a(lib_a-signal.o)
                0x00007a74                _raise_r
 .text.raise    0x00007ac4       0x10 f:/mcuxpressoide_11.3.1_5262/ide/plugins/com.nxp.mcuxpresso.tools.win32_11.3.0.202008311133/tools/bin/../lib/gcc/arm-none-eabi/9.3.1/../../../../arm-none-eabi/lib/thumb/v7-m/nofp\libc_nano.a(lib_a-signal.o)
                0x00007ac4                raise
 .text._kill_r  0x00007ad4       0x24 f:/mcuxpressoide_11.3.1_5262/ide/plugins/com.nxp.mcuxpresso.tools.win32_11.3.0.202008311133/tools/bin/../lib/gcc/arm-none-eabi/9.3.1/../../../../arm-none-eabi/lib/thumb/v7-m/nofp\libc_nano.a(lib_a-signalr.o)
                0x00007ad4                _kill_r
 .text._getpid_r
                0x00007af8        0x4 f:/mcuxpressoide_11.3.1_5262/ide/plugins/com.nxp.mcuxpresso.tools.win32_11.3.0.202008311133/tools/bin/../lib/gcc/arm-none-eabi/9.3.1/../../../../arm-none-eabi/lib/thumb/v7-m/nofp\libc_nano.a(lib_a-signalr.o)
                0x00007af8                _getpid_r
 .text._fstat_r
                0x00007afc       0x24 f:/mcuxpressoide_11.3.1_5262/ide/plugins/com.nxp.mcuxpresso.tools.win32_11.3.0.202008311133/tools/bin/../lib/gcc/arm-none-eabi/9.3.1/../../../../arm-none-eabi/lib/thumb/v7-m/nofp\libc_nano.a(lib_a-fstatr.o)
                0x00007afc                _fstat_r
 .text._isatty_r
                0x00007b20       0x20 f:/mcuxpressoide_11.3.1_5262/ide/plugins/com.nxp.mcuxpresso.tools.win32_11.3.0.202008311133/tools/bin/../lib/gcc/arm-none-eabi/9.3.1/../../../../arm-none-eabi/lib/thumb/v7-m/nofp\libc_nano.a(lib_a-isattyr.o)
                0x00007b20                _isatty_r
 .text._malloc_usable_size_r
                0x00007b40       0x10 f:/mcuxpressoide_11.3.1_5262/ide/plugins/com.nxp.mcuxpresso.tools.win32_11.3.0.202008311133/tools/bin/../lib/gcc/arm-none-eabi/9.3.1/../../../../arm-none-eabi/lib/thumb/v7-m/nofp\libc_nano.a(lib_a-nano-msizer.o)
                0x00007b40                _malloc_usable_size_r
 .text._sbrk    0x00007b50       0x3c f:/mcuxpressoide_11.3.1_5262/ide/plugins/com.nxp.mcuxpresso.tools.win32_11.3.0.202008311133/tools/bin/../lib/gcc/arm-none-eabi/9.3.1/../../../../arm-none-eabi/lib/thumb/v7-m/nofp\libcr_newlib_nohost.a(_cr_sbrk.o)
                0x00007b50                _sbrk
 .text._exit    0x00007b8c        0x2 f:/mcuxpressoide_11.3.1_5262/ide/plugins/com.nxp.mcuxpresso.tools.win32_11.3.0.202008311133/tools/bin/../lib/gcc/arm-none-eabi/9.3.1/../../../../arm-none-eabi/lib/thumb/v7-m/nofp\libcr_newlib_nohost.a(_exit.o)
                0x00007b8c                _exit
 *fill*         0x00007b8e        0x2 ff
 .text._close   0x00007b90       0x10 f:/mcuxpressoide_11.3.1_5262/ide/plugins/com.nxp.mcuxpresso.tools.win32_11.3.0.202008311133/tools/bin/../lib/gcc/arm-none-eabi/9.3.1/../../../../arm-none-eabi/lib/thumb/v7-m/nofp\libcr_newlib_nohost.a(close.o)
                0x00007b90                _close
 .text._fstat   0x00007ba0       0x10 f:/mcuxpressoide_11.3.1_5262/ide/plugins/com.nxp.mcuxpresso.tools.win32_11.3.0.202008311133/tools/bin/../lib/gcc/arm-none-eabi/9.3.1/../../../../arm-none-eabi/lib/thumb/v7-m/nofp\libcr_newlib_nohost.a(fstat.o)
                0x00007ba0                _fstat
 .text._getpid  0x00007bb0       0x10 f:/mcuxpressoide_11.3.1_5262/ide/plugins/com.nxp.mcuxpresso.tools.win32_11.3.0.202008311133/tools/bin/../lib/gcc/arm-none-eabi/9.3.1/../../../../arm-none-eabi/lib/thumb/v7-m/nofp\libcr_newlib_nohost.a(getpid.o)
                0x00007bb0                _getpid
 .text._isatty  0x00007bc0       0x10 f:/mcuxpressoide_11.3.1_5262/ide/plugins/com.nxp.mcuxpresso.tools.win32_11.3.0.202008311133/tools/bin/../lib/gcc/arm-none-eabi/9.3.1/../../../../arm-none-eabi/lib/thumb/v7-m/nofp\libcr_newlib_nohost.a(isatty.o)
                0x00007bc0                _isatty
 .text._kill    0x00007bd0       0x10 f:/mcuxpressoide_11.3.1_5262/ide/plugins/com.nxp.mcuxpresso.tools.win32_11.3.0.202008311133/tools/bin/../lib/gcc/arm-none-eabi/9.3.1/../../../../arm-none-eabi/lib/thumb/v7-m/nofp\libcr_newlib_nohost.a(kill.o)
                0x00007bd0                _kill
 .text._lseek   0x00007be0       0x10 f:/mcuxpressoide_11.3.1_5262/ide/plugins/com.nxp.mcuxpresso.tools.win32_11.3.0.202008311133/tools/bin/../lib/gcc/arm-none-eabi/9.3.1/../../../../arm-none-eabi/lib/thumb/v7-m/nofp\libcr_newlib_nohost.a(lseek.o)
                0x00007be0                _lseek
 .text._read    0x00007bf0       0x10 f:/mcuxpressoide_11.3.1_5262/ide/plugins/com.nxp.mcuxpresso.tools.win32_11.3.0.202008311133/tools/bin/../lib/gcc/arm-none-eabi/9.3.1/../../../../arm-none-eabi/lib/thumb/v7-m/nofp\libcr_newlib_nohost.a(read.o)
                0x00007bf0                _read
 .text._write   0x00007c00       0x10 f:/mcuxpressoide_11.3.1_5262/ide/plugins/com.nxp.mcuxpresso.tools.win32_11.3.0.202008311133/tools/bin/../lib/gcc/arm-none-eabi/9.3.1/../../../../arm-none-eabi/lib/thumb/v7-m/nofp\libcr_newlib_nohost.a(write.o)
                0x00007c00                _write
 .text.__check_heap_overflow
                0x00007c10       0x14 f:/mcuxpressoide_11.3.1_5262/ide/plugins/com.nxp.mcuxpresso.tools.win32_11.3.0.202008311133/tools/bin/../lib/gcc/arm-none-eabi/9.3.1/../../../../arm-none-eabi/lib/thumb/v7-m/nofp\libcr_newlib_nohost.a(_cr_check_heap.o)
                0x00007c10                __check_heap_overflow
 *(.rodata .rodata.* .constdata .constdata.*)
 .rodata.vESPTester.str1.4
                0x00007c24       0x39 ./src/main.o
 *fill*         0x00007c5d        0x3 ff
 .rodata.main.str1.4
                0x00007c60        0xa ./src/main.o
 *fill*         0x00007c6a        0x2 ff
 .rodata.print.str1.4
                0x00007c6c        0x7 G:\isel\SE2\se\SE2021\Debug\libSE2021.a(ESP01.o)
 *fill*         0x00007c73        0x1 ff
 .rodata.ESP01_Restore.str1.4
                0x00007c74        0xc G:\isel\SE2\se\SE2021\Debug\libSE2021.a(ESP01.o)
 .rodata.ESP01_Test.str1.4
                0x00007c80        0x3 G:\isel\SE2\se\SE2021\Debug\libSE2021.a(ESP01.o)
                                  0x5 (size before relaxing)
 *fill*         0x00007c83        0x1 ff
 .rodata.ESP01_VCommandPrefix.str1.4
                0x00007c84        0xb G:\isel\SE2\se\SE2021\Debug\libSE2021.a(ESP01.o)
 *fill*         0x00007c8f        0x1 ff
 .rodata.ESP01_Command.str1.4
                0x00007c90        0x4 G:\isel\SE2\se\SE2021\Debug\libSE2021.a(ESP01.o)
 .rodata.ESP01_SetMode.str1.4
                0x00007c94        0x8 G:\isel\SE2\se\SE2021\Debug\libSE2021.a(ESP01.o)
 .rodata.ESP01_ConnectAP.str1.4
                0x00007c9c       0x10 G:\isel\SE2\se\SE2021\Debug\libSE2021.a(ESP01.o)
 .rodata.ESP01_CIPDNS.str1.4
                0x00007cac       0x18 G:\isel\SE2\se\SE2021\Debug\libSE2021.a(ESP01.o)
 .rodata.ESP01_ConnectServer.str1.4
                0x00007cc4       0x26 G:\isel\SE2\se\SE2021\Debug\libSE2021.a(ESP01.o)
 *fill*         0x00007cea        0x2 ff
 .rodata.ESP01_Send.str1.4
                0x00007cec       0x1d G:\isel\SE2\se\SE2021\Debug\libSE2021.a(ESP01.o)
 *fill*         0x00007d09        0x3 ff
 .rodata.ESP01_Echo.str1.4
                0x00007d0c        0x4 G:\isel\SE2\se\SE2021\Debug\libSE2021.a(ESP01.o)
 .rodata.ESP01_RecvActive.str1.4
                0x00007d10       0x11 G:\isel\SE2\se\SE2021\Debug\libSE2021.a(ESP01.o)
 *fill*         0x00007d21        0x3 ff
 .rodata.NTP_Init.str1.4
                0x00007d24        0x4 G:\isel\SE2\se\SE2021\Debug\libSE2021.a(NTP.o)
 .rodata.str1.4
                0x00007d28        0x5 G:\isel\SE2\se\FreeRTOS-Kernel\Debug\libFreeRTOS-Kernel.a(tasks.o)
 .rodata.localtime.str1.1
                0x00007d2d       0x94 f:/mcuxpressoide_11.3.1_5262/ide/plugins/com.nxp.mcuxpresso.tools.win32_11.3.0.202008311133/tools/bin/../lib/gcc/arm-none-eabi/9.3.1/../../../../arm-none-eabi/lib/thumb/v7-m/nofp\libc_nano.a(lib_a-lcltime.o)
 *fill*         0x00007dc1        0x3 ff
 .rodata.__month_lengths
                0x00007dc4       0x60 f:/mcuxpressoide_11.3.1_5262/ide/plugins/com.nxp.mcuxpresso.tools.win32_11.3.0.202008311133/tools/bin/../lib/gcc/arm-none-eabi/9.3.1/../../../../arm-none-eabi/lib/thumb/v7-m/nofp\libc_nano.a(lib_a-month_lengths.o)
                0x00007dc4                __month_lengths
 .rodata._tzset_unlocked_r.str1.1
                0x00007e24       0x3c f:/mcuxpressoide_11.3.1_5262/ide/plugins/com.nxp.mcuxpresso.tools.win32_11.3.0.202008311133/tools/bin/../lib/gcc/arm-none-eabi/9.3.1/../../../../arm-none-eabi/lib/thumb/v7-m/nofp\libc_nano.a(lib_a-tzset_r.o)
                                 0x4e (size before relaxing)
 .rodata.str1.1
                0x00007e60        0x4 f:/mcuxpressoide_11.3.1_5262/ide/plugins/com.nxp.mcuxpresso.tools.win32_11.3.0.202008311133/tools/bin/../lib/gcc/arm-none-eabi/9.3.1/../../../../arm-none-eabi/lib/thumb/v7-m/nofp\libc_nano.a(lib_a-tzvars.o)
 .rodata.__assert_func.str1.1
                0x00007e60       0x3c f:/mcuxpressoide_11.3.1_5262/ide/plugins/com.nxp.mcuxpresso.tools.win32_11.3.0.202008311133/tools/bin/../lib/gcc/arm-none-eabi/9.3.1/../../../../arm-none-eabi/lib/thumb/v7-m/nofp\libc_nano.a(lib_a-assert.o)
                                 0x3d (size before relaxing)
 .rodata._global_impure_ptr
                0x00007e9c        0x4 f:/mcuxpressoide_11.3.1_5262/ide/plugins/com.nxp.mcuxpresso.tools.win32_11.3.0.202008311133/tools/bin/../lib/gcc/arm-none-eabi/9.3.1/../../../../arm-none-eabi/lib/thumb/v7-m/nofp\libc_nano.a(lib_a-impure.o)
                0x00007e9c                _global_impure_ptr
 .rodata.__ssvfscanf_r.str1.1
                0x00007ea0        0x4 f:/mcuxpressoide_11.3.1_5262/ide/plugins/com.nxp.mcuxpresso.tools.win32_11.3.0.202008311133/tools/bin/../lib/gcc/arm-none-eabi/9.3.1/../../../../arm-none-eabi/lib/thumb/v7-m/nofp\libc_nano.a(lib_a-nano-svfscanf.o)
 .rodata._vfprintf_r.str1.1
                0x00007ea4        0xd f:/mcuxpressoide_11.3.1_5262/ide/plugins/com.nxp.mcuxpresso.tools.win32_11.3.0.202008311133/tools/bin/../lib/gcc/arm-none-eabi/9.3.1/../../../../arm-none-eabi/lib/thumb/v7-m/nofp\libc_nano.a(lib_a-nano-vfprintf.o)
                                 0x11 (size before relaxing)
 .rodata._printf_i.str1.1
                0x00007eb1       0x22 f:/mcuxpressoide_11.3.1_5262/ide/plugins/com.nxp.mcuxpresso.tools.win32_11.3.0.202008311133/tools/bin/../lib/gcc/arm-none-eabi/9.3.1/../../../../arm-none-eabi/lib/thumb/v7-m/nofp\libc_nano.a(lib_a-nano-vfprintf_i.o)
 .rodata.str1.1
                0x00007ed3        0x9 f:/mcuxpressoide_11.3.1_5262/ide/plugins/com.nxp.mcuxpresso.tools.win32_11.3.0.202008311133/tools/bin/../lib/gcc/arm-none-eabi/9.3.1/../../../../arm-none-eabi/lib/thumb/v7-m/nofp\libc_nano.a(lib_a-nano-vfscanf_i.o)
 .rodata._scanf_i.str1.1
                0x00007edc       0x12 f:/mcuxpressoide_11.3.1_5262/ide/plugins/com.nxp.mcuxpresso.tools.win32_11.3.0.202008311133/tools/bin/../lib/gcc/arm-none-eabi/9.3.1/../../../../arm-none-eabi/lib/thumb/v7-m/nofp\libc_nano.a(lib_a-nano-vfscanf_i.o)
 *fill*         0x00007eee        0x2 ff
 .rodata        0x00007ef0        0xc f:/mcuxpressoide_11.3.1_5262/ide/plugins/com.nxp.mcuxpresso.tools.win32_11.3.0.202008311133/tools/bin/../lib/gcc/arm-none-eabi/9.3.1/../../../../arm-none-eabi/lib/thumb/v7-m/nofp\libc_nano.a(lib_a-nano-vfscanf_i.o)
 .rodata._ctype_
                0x00007efc      0x101 f:/mcuxpressoide_11.3.1_5262/ide/plugins/com.nxp.mcuxpresso.tools.win32_11.3.0.202008311133/tools/bin/../lib/gcc/arm-none-eabi/9.3.1/../../../../arm-none-eabi/lib/thumb/v7-m/nofp\libc_nano.a(lib_a-ctype_.o)
                0x00007efc                _ctype_
 *fill*         0x00007ffd        0x3 ff
 .rodata.__sf_fake_stderr
                0x00008000       0x20 f:/mcuxpressoide_11.3.1_5262/ide/plugins/com.nxp.mcuxpresso.tools.win32_11.3.0.202008311133/tools/bin/../lib/gcc/arm-none-eabi/9.3.1/../../../../arm-none-eabi/lib/thumb/v7-m/nofp\libc_nano.a(lib_a-findfp.o)
                0x00008000                __sf_fake_stderr
 .rodata.__sf_fake_stdin
                0x00008020       0x20 f:/mcuxpressoide_11.3.1_5262/ide/plugins/com.nxp.mcuxpresso.tools.win32_11.3.0.202008311133/tools/bin/../lib/gcc/arm-none-eabi/9.3.1/../../../../arm-none-eabi/lib/thumb/v7-m/nofp\libc_nano.a(lib_a-findfp.o)
                0x00008020                __sf_fake_stdin
 .rodata.__sf_fake_stdout
                0x00008040       0x20 f:/mcuxpressoide_11.3.1_5262/ide/plugins/com.nxp.mcuxpresso.tools.win32_11.3.0.202008311133/tools/bin/../lib/gcc/arm-none-eabi/9.3.1/../../../../arm-none-eabi/lib/thumb/v7-m/nofp\libc_nano.a(lib_a-findfp.o)
                0x00008040                __sf_fake_stdout
                0x00008060                . = ALIGN (0x4)

.glue_7         0x00008060        0x0
 .glue_7        0x00008060        0x0 linker stubs

.glue_7t        0x00008060        0x0
 .glue_7t       0x00008060        0x0 linker stubs

.vfp11_veneer   0x00008060        0x0
 .vfp11_veneer  0x00008060        0x0 linker stubs

.v4_bx          0x00008060        0x0
 .v4_bx         0x00008060        0x0 linker stubs

.iplt           0x00008060        0x0
 .iplt          0x00008060        0x0 ./src/cr_startup_lpc175x_6x-FreeRTOS.o

.ARM.extab
 *(.ARM.extab* .gnu.linkonce.armextab.*)

.ARM.exidx      0x00008060        0x8
                0x00008060                __exidx_start = .
 *(.ARM.exidx* .gnu.linkonce.armexidx.*)
 .ARM.exidx     0x00008060        0x8 f:/mcuxpressoide_11.3.1_5262/ide/plugins/com.nxp.mcuxpresso.tools.win32_11.3.0.202008311133/tools/bin/../lib/gcc/arm-none-eabi/9.3.1/thumb/v7-m/nofp\libgcc.a(_udivmoddi4.o)
                0x00008068                __exidx_end = .
                0x00008068                _etext = .

.rel.dyn        0x00008068        0x0
 .rel.iplt      0x00008068        0x0 ./src/cr_startup_lpc175x_6x-FreeRTOS.o

.data_RAM2      0x2007c000        0x0 load address 0x00008068
 FILL mask 0xff
                [!provide]                PROVIDE (__start_data_RAM2 = .)
                [!provide]                PROVIDE (__start_data_RamAHB32 = .)
 *(.ramfunc.$RAM2)
 *(.ramfunc.$RamAHB32)
 *(.data.$RAM2)
 *(.data.$RamAHB32)
 *(.data.$RAM2.*)
 *(.data.$RamAHB32.*)
                0x2007c000                . = ALIGN (0x4)
                [!provide]                PROVIDE (__end_data_RAM2 = .)
                [!provide]                PROVIDE (__end_data_RamAHB32 = .)

.uninit_RESERVED
                0x10000000        0x0
                0x10000000                _start_uninit_RESERVED = .
 *(.bss.$RESERVED*)
                0x10000000                . = ALIGN (0x4)
                0x10000000                _end_uninit_RESERVED = .

.data           0x10000000       0xd8 load address 0x00008068
 FILL mask 0xff
                0x10000000                _data = .
                [!provide]                PROVIDE (__start_data_RAM = .)
                [!provide]                PROVIDE (__start_data_RamLoc32 = .)
 *(vtable)
 *(.ramfunc*)
 *(CodeQuickAccess)
 *(DataQuickAccess)
 *(RamFunction)
 *(.data*)
 .data.SystemCoreClock
                0x10000000        0x4 G:\isel\SE2\se\CMSIS_CORE_LPC17xx\Debug\libCMSIS_CORE_LPC17xx.a(system_LPC17xx.o)
                0x10000000                SystemCoreClock
 .data.li_vn_mode
                0x10000004        0x1 G:\isel\SE2\se\SE2021\Debug\libSE2021.a(NTP.o)
                0x10000004                li_vn_mode
 .data.poll     0x10000005        0x1 G:\isel\SE2\se\SE2021\Debug\libSE2021.a(NTP.o)
                0x10000005                poll
 .data.precision
                0x10000006        0x1 G:\isel\SE2\se\SE2021\Debug\libSE2021.a(NTP.o)
                0x10000006                precision
 *fill*         0x10000007        0x1 ff
 .data          0x10000008        0x4 G:\isel\SE2\se\FreeRTOS-Kernel\Debug\libFreeRTOS-Kernel.a(port.o)
 .data._tzname  0x1000000c        0x8 f:/mcuxpressoide_11.3.1_5262/ide/plugins/com.nxp.mcuxpresso.tools.win32_11.3.0.202008311133/tools/bin/../lib/gcc/arm-none-eabi/9.3.1/../../../../arm-none-eabi/lib/thumb/v7-m/nofp\libc_nano.a(lib_a-tzvars.o)
                0x1000000c                _tzname
 *fill*         0x10000014        0x4 ff
 .data.tzinfo   0x10000018       0x58 f:/mcuxpressoide_11.3.1_5262/ide/plugins/com.nxp.mcuxpresso.tools.win32_11.3.0.202008311133/tools/bin/../lib/gcc/arm-none-eabi/9.3.1/../../../../arm-none-eabi/lib/thumb/v7-m/nofp\libc_nano.a(lib_a-gettzinfo.o)
 .data._impure_ptr
                0x10000070        0x4 f:/mcuxpressoide_11.3.1_5262/ide/plugins/com.nxp.mcuxpresso.tools.win32_11.3.0.202008311133/tools/bin/../lib/gcc/arm-none-eabi/9.3.1/../../../../arm-none-eabi/lib/thumb/v7-m/nofp\libc_nano.a(lib_a-impure.o)
                0x10000070                _impure_ptr
 .data.impure_data
                0x10000074       0x60 f:/mcuxpressoide_11.3.1_5262/ide/plugins/com.nxp.mcuxpresso.tools.win32_11.3.0.202008311133/tools/bin/../lib/gcc/arm-none-eabi/9.3.1/../../../../arm-none-eabi/lib/thumb/v7-m/nofp\libc_nano.a(lib_a-impure.o)
 .data.environ  0x100000d4        0x4 f:/mcuxpressoide_11.3.1_5262/ide/plugins/com.nxp.mcuxpresso.tools.win32_11.3.0.202008311133/tools/bin/../lib/gcc/arm-none-eabi/9.3.1/../../../../arm-none-eabi/lib/thumb/v7-m/nofp\libc_nano.a(lib_a-environ.o)
                0x100000d4                environ
                0x100000d8                . = ALIGN (0x4)
                0x100000d8                _edata = .
                [!provide]                PROVIDE (__end_data_RAM = .)
                [!provide]                PROVIDE (__end_data_RamLoc32 = .)

.igot.plt       0x100000d8        0x0 load address 0x00008140
 .igot.plt      0x100000d8        0x0 ./src/cr_startup_lpc175x_6x-FreeRTOS.o

.bss_RAM2       0x2007c000        0x0
                [!provide]                PROVIDE (__start_bss_RAM2 = .)
                [!provide]                PROVIDE (__start_bss_RamAHB32 = .)
 *(.bss.$RAM2)
 *(.bss.$RamAHB32)
 *(.bss.$RAM2.*)
 *(.bss.$RamAHB32.*)
                0x2007c000                . = ALIGN ((. != 0x0)?0x4:0x1)
                [!provide]                PROVIDE (__end_bss_RAM2 = .)
                [!provide]                PROVIDE (__end_bss_RamAHB32 = .)

.bss            0x100000d8     0x318c
                0x100000d8                _bss = .
                [!provide]                PROVIDE (__start_bss_RAM = .)
                [!provide]                PROVIDE (__start_bss_RamLoc32 = .)
 *(.bss*)
 .bss.stratum   0x100000d8        0x1 G:\isel\SE2\se\SE2021\Debug\libSE2021.a(NTP.o)
                0x100000d8                stratum
 *fill*         0x100000d9        0x3 
 .bss.ctrl      0x100000dc        0x4 G:\isel\SE2\se\SE2021\Debug\libSE2021.a(uart.o)
                0x100000dc                ctrl
 .bss.intrTxStatus
                0x100000e0        0x1 G:\isel\SE2\se\SE2021\Debug\libSE2021.a(uart.o)
                0x100000e0                intrTxStatus
 *fill*         0x100000e1        0x3 
 .bss.xQueueRX  0x100000e4        0x4 G:\isel\SE2\se\SE2021\Debug\libSE2021.a(uart.o)
                0x100000e4                xQueueRX
 .bss.xQueueTX  0x100000e8        0x4 G:\isel\SE2\se\SE2021\Debug\libSE2021.a(uart.o)
                0x100000e8                xQueueTX
 .bss           0x100000ec     0x3020 G:\isel\SE2\se\FreeRTOS-Kernel\Debug\libFreeRTOS-Kernel.a(heap_4.o)
 .bss           0x1000310c      0x10c G:\isel\SE2\se\FreeRTOS-Kernel\Debug\libFreeRTOS-Kernel.a(tasks.o)
                0x1000310c                pxCurrentTCB
 .bss.__malloc_free_list
                0x10003218        0x4 f:/mcuxpressoide_11.3.1_5262/ide/plugins/com.nxp.mcuxpresso.tools.win32_11.3.0.202008311133/tools/bin/../lib/gcc/arm-none-eabi/9.3.1/../../../../arm-none-eabi/lib/thumb/v7-m/nofp\libc_nano.a(lib_a-nano-mallocr.o)
                0x10003218                __malloc_free_list
 .bss.__malloc_sbrk_start
                0x1000321c        0x4 f:/mcuxpressoide_11.3.1_5262/ide/plugins/com.nxp.mcuxpresso.tools.win32_11.3.0.202008311133/tools/bin/../lib/gcc/arm-none-eabi/9.3.1/../../../../arm-none-eabi/lib/thumb/v7-m/nofp\libc_nano.a(lib_a-nano-mallocr.o)
                0x1000321c                __malloc_sbrk_start
 .bss.__tzname_dst
                0x10003220        0xb f:/mcuxpressoide_11.3.1_5262/ide/plugins/com.nxp.mcuxpresso.tools.win32_11.3.0.202008311133/tools/bin/../lib/gcc/arm-none-eabi/9.3.1/../../../../arm-none-eabi/lib/thumb/v7-m/nofp\libc_nano.a(lib_a-tzset_r.o)
 .bss.__tzname_std
                0x1000322b        0xb f:/mcuxpressoide_11.3.1_5262/ide/plugins/com.nxp.mcuxpresso.tools.win32_11.3.0.202008311133/tools/bin/../lib/gcc/arm-none-eabi/9.3.1/../../../../arm-none-eabi/lib/thumb/v7-m/nofp\libc_nano.a(lib_a-tzset_r.o)
 *fill*         0x10003236        0x2 
 .bss.prev_tzenv
                0x10003238        0x4 f:/mcuxpressoide_11.3.1_5262/ide/plugins/com.nxp.mcuxpresso.tools.win32_11.3.0.202008311133/tools/bin/../lib/gcc/arm-none-eabi/9.3.1/../../../../arm-none-eabi/lib/thumb/v7-m/nofp\libc_nano.a(lib_a-tzset_r.o)
 .bss._daylight
                0x1000323c        0x4 f:/mcuxpressoide_11.3.1_5262/ide/plugins/com.nxp.mcuxpresso.tools.win32_11.3.0.202008311133/tools/bin/../lib/gcc/arm-none-eabi/9.3.1/../../../../arm-none-eabi/lib/thumb/v7-m/nofp\libc_nano.a(lib_a-tzvars.o)
                0x1000323c                _daylight
 .bss._timezone
                0x10003240        0x4 f:/mcuxpressoide_11.3.1_5262/ide/plugins/com.nxp.mcuxpresso.tools.win32_11.3.0.202008311133/tools/bin/../lib/gcc/arm-none-eabi/9.3.1/../../../../arm-none-eabi/lib/thumb/v7-m/nofp\libc_nano.a(lib_a-tzvars.o)
                0x10003240                _timezone
 .bss.initial_env
                0x10003244        0x4 f:/mcuxpressoide_11.3.1_5262/ide/plugins/com.nxp.mcuxpresso.tools.win32_11.3.0.202008311133/tools/bin/../lib/gcc/arm-none-eabi/9.3.1/../../../../arm-none-eabi/lib/thumb/v7-m/nofp\libc_nano.a(lib_a-environ.o)
 .bss.__end_of_heap
                0x10003248        0x4 f:/mcuxpressoide_11.3.1_5262/ide/plugins/com.nxp.mcuxpresso.tools.win32_11.3.0.202008311133/tools/bin/../lib/gcc/arm-none-eabi/9.3.1/../../../../arm-none-eabi/lib/thumb/v7-m/nofp\libcr_newlib_nohost.a(_cr_sbrk.o)
                0x10003248                __end_of_heap
 *(COMMON)
 COMMON         0x1000324c        0x8 G:\isel\SE2\se\FreeRTOS-Kernel\Debug\libFreeRTOS-Kernel.a(queue.o)
                0x1000324c                xQueueRegistry
 COMMON         0x10003254        0x9 f:/mcuxpressoide_11.3.1_5262/ide/plugins/com.nxp.mcuxpresso.tools.win32_11.3.0.202008311133/tools/bin/../lib/gcc/arm-none-eabi/9.3.1/../../../../arm-none-eabi/lib/thumb/v7-m/nofp\libc_nano.a(lib_a-lock.o)
                0x10003254                __lock___atexit_recursive_mutex
                0x10003255                __lock___arc4random_mutex
                0x10003256                __lock___env_recursive_mutex
                0x10003257                __lock___sinit_recursive_mutex
                0x10003258                __lock___malloc_recursive_mutex
                0x10003259                __lock___at_quick_exit_mutex
                0x1000325a                __lock___dd_hash_mutex
                0x1000325b                __lock___tz_mutex
                0x1000325c                __lock___sfp_recursive_mutex
 *fill*         0x1000325d        0x3 
 COMMON         0x10003260        0x4 f:/mcuxpressoide_11.3.1_5262/ide/plugins/com.nxp.mcuxpresso.tools.win32_11.3.0.202008311133/tools/bin/../lib/gcc/arm-none-eabi/9.3.1/../../../../arm-none-eabi/lib/thumb/v7-m/nofp\libc_nano.a(lib_a-reent.o)
                0x10003260                errno
                0x10003264                . = ALIGN (0x4)
                0x10003264                _ebss = .
                [!provide]                PROVIDE (__end_bss_RAM = .)
                [!provide]                PROVIDE (__end_bss_RamLoc32 = .)
                [!provide]                PROVIDE (end = .)

.noinit_RAM2    0x2007c000        0x0
                [!provide]                PROVIDE (__start_noinit_RAM2 = .)
                [!provide]                PROVIDE (__start_noinit_RamAHB32 = .)
 *(.noinit.$RAM2)
 *(.noinit.$RamAHB32)
 *(.noinit.$RAM2.*)
 *(.noinit.$RamAHB32.*)
                0x2007c000                . = ALIGN (0x4)
                [!provide]                PROVIDE (__end_noinit_RAM2 = .)
                [!provide]                PROVIDE (__end_noinit_RamAHB32 = .)

.noinit         0x10003264        0x0
                0x10003264                _noinit = .
                [!provide]                PROVIDE (__start_noinit_RAM = .)
                [!provide]                PROVIDE (__start_noinit_RamLoc32 = .)
 *(.noinit*)
                0x10003264                . = ALIGN (0x4)
                0x10003264                _end_noinit = .
                [!provide]                PROVIDE (__end_noinit_RAM = .)
                [!provide]                PROVIDE (__end_noinit_RamLoc32 = .)
                0x10003264                PROVIDE (_pvHeapStart = DEFINED (__user_heap_base)?__user_heap_base:.)
                0x10008000                PROVIDE (_vStackTop = DEFINED (__user_stack_top)?__user_stack_top:(__top_RamLoc32 - 0x0))
                0xefff74c6                PROVIDE (__valid_user_code_checksum = (0x0 - ((((((_vStackTop + (ResetISR + 0x1)) + (NMI_Handler + 0x1)) + (HardFault_Handler + 0x1)) + (DEFINED (MemManage_Handler)?MemManage_Handler:0x0 + 0x1)) + (DEFINED (BusFault_Handler)?BusFault_Handler:0x0 + 0x1)) + (DEFINED (UsageFault_Handler)?UsageFault_Handler:0x0 + 0x1))))
                0x00000000                _image_start = LOADADDR (.text)
                0x00008140                _image_end = (LOADADDR (.data) + SIZEOF (.data))
                0x00008140                _image_size = (_image_end - _image_start)
OUTPUT(ntpTest.axf elf32-littlearm)
LOAD linker stubs

.debug_info     0x00000000    0x11682
 .debug_info    0x00000000      0x276 ./src/cr_startup_lpc175x_6x-FreeRTOS.o
 .debug_info    0x00000276       0x40 ./src/crp.o
 .debug_info    0x000002b6      0xe79 ./src/main.o
 .debug_info    0x0000112f      0x37d G:\isel\SE2\se\CMSIS_CORE_LPC17xx\Debug\libCMSIS_CORE_LPC17xx.a(system_LPC17xx.o)
 .debug_info    0x000014ac     0x1b27 G:\isel\SE2\se\SE2021\Debug\libSE2021.a(ESP01.o)
 .debug_info    0x00002fd3      0xc74 G:\isel\SE2\se\SE2021\Debug\libSE2021.a(NTP.o)
 .debug_info    0x00003c47     0x1a5f G:\isel\SE2\se\SE2021\Debug\libSE2021.a(uart.o)
 .debug_info    0x000056a6      0x6cf G:\isel\SE2\se\SE2021\Debug\libSE2021.a(utils.o)
 .debug_info    0x00005d75      0x4e2 G:\isel\SE2\se\SE2021\Debug\libSE2021.a(wait.o)
 .debug_info    0x00006257      0xd0e G:\isel\SE2\se\FreeRTOS-Kernel\Debug\libFreeRTOS-Kernel.a(heap_4.o)
 .debug_info    0x00006f65      0x317 G:\isel\SE2\se\FreeRTOS-Kernel\Debug\libFreeRTOS-Kernel.a(port.o)
 .debug_info    0x0000727c     0x1a3d G:\isel\SE2\se\FreeRTOS-Kernel\Debug\libFreeRTOS-Kernel.a(queue.o)
 .debug_info    0x00008cb9     0x24a7 G:\isel\SE2\se\FreeRTOS-Kernel\Debug\libFreeRTOS-Kernel.a(tasks.o)
 .debug_info    0x0000b160      0xbac G:\isel\SE2\se\FreeRTOS-Kernel\Debug\libFreeRTOS-Kernel.a(list.o)
 .debug_info    0x0000bd0c      0x9f8 f:/mcuxpressoide_11.3.1_5262/ide/plugins/com.nxp.mcuxpresso.tools.win32_11.3.0.202008311133/tools/bin/../lib/gcc/arm-none-eabi/9.3.1/../../../../arm-none-eabi/lib/thumb/v7-m/nofp\libcr_newlib_nohost.a(_cr_sbrk.o)
 .debug_info    0x0000c704       0xa3 f:/mcuxpressoide_11.3.1_5262/ide/plugins/com.nxp.mcuxpresso.tools.win32_11.3.0.202008311133/tools/bin/../lib/gcc/arm-none-eabi/9.3.1/../../../../arm-none-eabi/lib/thumb/v7-m/nofp\libcr_newlib_nohost.a(_exit.o)
 .debug_info    0x0000c7a7      0x979 f:/mcuxpressoide_11.3.1_5262/ide/plugins/com.nxp.mcuxpresso.tools.win32_11.3.0.202008311133/tools/bin/../lib/gcc/arm-none-eabi/9.3.1/../../../../arm-none-eabi/lib/thumb/v7-m/nofp\libcr_newlib_nohost.a(close.o)
 .debug_info    0x0000d120      0xbbc f:/mcuxpressoide_11.3.1_5262/ide/plugins/com.nxp.mcuxpresso.tools.win32_11.3.0.202008311133/tools/bin/../lib/gcc/arm-none-eabi/9.3.1/../../../../arm-none-eabi/lib/thumb/v7-m/nofp\libcr_newlib_nohost.a(fstat.o)
 .debug_info    0x0000dcdc      0x964 f:/mcuxpressoide_11.3.1_5262/ide/plugins/com.nxp.mcuxpresso.tools.win32_11.3.0.202008311133/tools/bin/../lib/gcc/arm-none-eabi/9.3.1/../../../../arm-none-eabi/lib/thumb/v7-m/nofp\libcr_newlib_nohost.a(getpid.o)
 .debug_info    0x0000e640      0x979 f:/mcuxpressoide_11.3.1_5262/ide/plugins/com.nxp.mcuxpresso.tools.win32_11.3.0.202008311133/tools/bin/../lib/gcc/arm-none-eabi/9.3.1/../../../../arm-none-eabi/lib/thumb/v7-m/nofp\libcr_newlib_nohost.a(isatty.o)
 .debug_info    0x0000efb9      0x987 f:/mcuxpressoide_11.3.1_5262/ide/plugins/com.nxp.mcuxpresso.tools.win32_11.3.0.202008311133/tools/bin/../lib/gcc/arm-none-eabi/9.3.1/../../../../arm-none-eabi/lib/thumb/v7-m/nofp\libcr_newlib_nohost.a(kill.o)
 .debug_info    0x0000f940      0x99b f:/mcuxpressoide_11.3.1_5262/ide/plugins/com.nxp.mcuxpresso.tools.win32_11.3.0.202008311133/tools/bin/../lib/gcc/arm-none-eabi/9.3.1/../../../../arm-none-eabi/lib/thumb/v7-m/nofp\libcr_newlib_nohost.a(lseek.o)
 .debug_info    0x000102db      0x99b f:/mcuxpressoide_11.3.1_5262/ide/plugins/com.nxp.mcuxpresso.tools.win32_11.3.0.202008311133/tools/bin/../lib/gcc/arm-none-eabi/9.3.1/../../../../arm-none-eabi/lib/thumb/v7-m/nofp\libcr_newlib_nohost.a(read.o)
 .debug_info    0x00010c76      0x99b f:/mcuxpressoide_11.3.1_5262/ide/plugins/com.nxp.mcuxpresso.tools.win32_11.3.0.202008311133/tools/bin/../lib/gcc/arm-none-eabi/9.3.1/../../../../arm-none-eabi/lib/thumb/v7-m/nofp\libcr_newlib_nohost.a(write.o)
 .debug_info    0x00011611       0x71 f:/mcuxpressoide_11.3.1_5262/ide/plugins/com.nxp.mcuxpresso.tools.win32_11.3.0.202008311133/tools/bin/../lib/gcc/arm-none-eabi/9.3.1/../../../../arm-none-eabi/lib/thumb/v7-m/nofp\libcr_newlib_nohost.a(_cr_check_heap.o)

.debug_abbrev   0x00000000     0x3282
 .debug_abbrev  0x00000000      0x12a ./src/cr_startup_lpc175x_6x-FreeRTOS.o
 .debug_abbrev  0x0000012a       0x38 ./src/crp.o
 .debug_abbrev  0x00000162      0x26d ./src/main.o
 .debug_abbrev  0x000003cf      0x11c G:\isel\SE2\se\CMSIS_CORE_LPC17xx\Debug\libCMSIS_CORE_LPC17xx.a(system_LPC17xx.o)
 .debug_abbrev  0x000004eb      0x3a1 G:\isel\SE2\se\SE2021\Debug\libSE2021.a(ESP01.o)
 .debug_abbrev  0x0000088c      0x26c G:\isel\SE2\se\SE2021\Debug\libSE2021.a(NTP.o)
 .debug_abbrev  0x00000af8      0x427 G:\isel\SE2\se\SE2021\Debug\libSE2021.a(uart.o)
 .debug_abbrev  0x00000f1f      0x16f G:\isel\SE2\se\SE2021\Debug\libSE2021.a(utils.o)
 .debug_abbrev  0x0000108e      0x196 G:\isel\SE2\se\SE2021\Debug\libSE2021.a(wait.o)
 .debug_abbrev  0x00001224      0x278 G:\isel\SE2\se\FreeRTOS-Kernel\Debug\libFreeRTOS-Kernel.a(heap_4.o)
 .debug_abbrev  0x0000149c      0x20c G:\isel\SE2\se\FreeRTOS-Kernel\Debug\libFreeRTOS-Kernel.a(port.o)
 .debug_abbrev  0x000016a8      0x34f G:\isel\SE2\se\FreeRTOS-Kernel\Debug\libFreeRTOS-Kernel.a(queue.o)
 .debug_abbrev  0x000019f7      0x3a9 G:\isel\SE2\se\FreeRTOS-Kernel\Debug\libFreeRTOS-Kernel.a(tasks.o)
 .debug_abbrev  0x00001da0      0x1f7 G:\isel\SE2\se\FreeRTOS-Kernel\Debug\libFreeRTOS-Kernel.a(list.o)
 .debug_abbrev  0x00001f97      0x24a f:/mcuxpressoide_11.3.1_5262/ide/plugins/com.nxp.mcuxpresso.tools.win32_11.3.0.202008311133/tools/bin/../lib/gcc/arm-none-eabi/9.3.1/../../../../arm-none-eabi/lib/thumb/v7-m/nofp\libcr_newlib_nohost.a(_cr_sbrk.o)
 .debug_abbrev  0x000021e1       0x67 f:/mcuxpressoide_11.3.1_5262/ide/plugins/com.nxp.mcuxpresso.tools.win32_11.3.0.202008311133/tools/bin/../lib/gcc/arm-none-eabi/9.3.1/../../../../arm-none-eabi/lib/thumb/v7-m/nofp\libcr_newlib_nohost.a(_exit.o)
 .debug_abbrev  0x00002248      0x1ea f:/mcuxpressoide_11.3.1_5262/ide/plugins/com.nxp.mcuxpresso.tools.win32_11.3.0.202008311133/tools/bin/../lib/gcc/arm-none-eabi/9.3.1/../../../../arm-none-eabi/lib/thumb/v7-m/nofp\libcr_newlib_nohost.a(close.o)
 .debug_abbrev  0x00002432      0x1fd f:/mcuxpressoide_11.3.1_5262/ide/plugins/com.nxp.mcuxpresso.tools.win32_11.3.0.202008311133/tools/bin/../lib/gcc/arm-none-eabi/9.3.1/../../../../arm-none-eabi/lib/thumb/v7-m/nofp\libcr_newlib_nohost.a(fstat.o)
 .debug_abbrev  0x0000262f      0x1d6 f:/mcuxpressoide_11.3.1_5262/ide/plugins/com.nxp.mcuxpresso.tools.win32_11.3.0.202008311133/tools/bin/../lib/gcc/arm-none-eabi/9.3.1/../../../../arm-none-eabi/lib/thumb/v7-m/nofp\libcr_newlib_nohost.a(getpid.o)
 .debug_abbrev  0x00002805      0x1ea f:/mcuxpressoide_11.3.1_5262/ide/plugins/com.nxp.mcuxpresso.tools.win32_11.3.0.202008311133/tools/bin/../lib/gcc/arm-none-eabi/9.3.1/../../../../arm-none-eabi/lib/thumb/v7-m/nofp\libcr_newlib_nohost.a(isatty.o)
 .debug_abbrev  0x000029ef      0x1fb f:/mcuxpressoide_11.3.1_5262/ide/plugins/com.nxp.mcuxpresso.tools.win32_11.3.0.202008311133/tools/bin/../lib/gcc/arm-none-eabi/9.3.1/../../../../arm-none-eabi/lib/thumb/v7-m/nofp\libcr_newlib_nohost.a(kill.o)
 .debug_abbrev  0x00002bea      0x20f f:/mcuxpressoide_11.3.1_5262/ide/plugins/com.nxp.mcuxpresso.tools.win32_11.3.0.202008311133/tools/bin/../lib/gcc/arm-none-eabi/9.3.1/../../../../arm-none-eabi/lib/thumb/v7-m/nofp\libcr_newlib_nohost.a(lseek.o)
 .debug_abbrev  0x00002df9      0x20f f:/mcuxpressoide_11.3.1_5262/ide/plugins/com.nxp.mcuxpresso.tools.win32_11.3.0.202008311133/tools/bin/../lib/gcc/arm-none-eabi/9.3.1/../../../../arm-none-eabi/lib/thumb/v7-m/nofp\libcr_newlib_nohost.a(read.o)
 .debug_abbrev  0x00003008      0x20f f:/mcuxpressoide_11.3.1_5262/ide/plugins/com.nxp.mcuxpresso.tools.win32_11.3.0.202008311133/tools/bin/../lib/gcc/arm-none-eabi/9.3.1/../../../../arm-none-eabi/lib/thumb/v7-m/nofp\libcr_newlib_nohost.a(write.o)
 .debug_abbrev  0x00003217       0x6b f:/mcuxpressoide_11.3.1_5262/ide/plugins/com.nxp.mcuxpresso.tools.win32_11.3.0.202008311133/tools/bin/../lib/gcc/arm-none-eabi/9.3.1/../../../../arm-none-eabi/lib/thumb/v7-m/nofp\libcr_newlib_nohost.a(_cr_check_heap.o)

.debug_aranges  0x00000000      0x548
 .debug_aranges
                0x00000000       0x80 ./src/cr_startup_lpc175x_6x-FreeRTOS.o
 .debug_aranges
                0x00000080       0x18 ./src/crp.o
 .debug_aranges
                0x00000098       0x38 ./src/main.o
 .debug_aranges
                0x000000d0       0x28 G:\isel\SE2\se\CMSIS_CORE_LPC17xx\Debug\libCMSIS_CORE_LPC17xx.a(system_LPC17xx.o)
 .debug_aranges
                0x000000f8      0x110 G:\isel\SE2\se\SE2021\Debug\libSE2021.a(ESP01.o)
 .debug_aranges
                0x00000208       0x30 G:\isel\SE2\se\SE2021\Debug\libSE2021.a(NTP.o)
 .debug_aranges
                0x00000238       0xa0 G:\isel\SE2\se\SE2021\Debug\libSE2021.a(uart.o)
 .debug_aranges
                0x000002d8       0x38 G:\isel\SE2\se\SE2021\Debug\libSE2021.a(utils.o)
 .debug_aranges
                0x00000310       0x38 G:\isel\SE2\se\SE2021\Debug\libSE2021.a(wait.o)
 .debug_aranges
                0x00000348       0x20 G:\isel\SE2\se\FreeRTOS-Kernel\Debug\libFreeRTOS-Kernel.a(heap_4.o)
 .debug_aranges
                0x00000368       0x20 G:\isel\SE2\se\FreeRTOS-Kernel\Debug\libFreeRTOS-Kernel.a(port.o)
 .debug_aranges
                0x00000388       0x20 G:\isel\SE2\se\FreeRTOS-Kernel\Debug\libFreeRTOS-Kernel.a(queue.o)
 .debug_aranges
                0x000003a8       0x20 G:\isel\SE2\se\FreeRTOS-Kernel\Debug\libFreeRTOS-Kernel.a(tasks.o)
 .debug_aranges
                0x000003c8       0x20 G:\isel\SE2\se\FreeRTOS-Kernel\Debug\libFreeRTOS-Kernel.a(list.o)
 .debug_aranges
                0x000003e8       0x20 f:/mcuxpressoide_11.3.1_5262/ide/plugins/com.nxp.mcuxpresso.tools.win32_11.3.0.202008311133/tools/bin/../lib/gcc/arm-none-eabi/9.3.1/../../../../arm-none-eabi/lib/thumb/v7-m/nofp\libcr_newlib_nohost.a(_cr_sbrk.o)
 .debug_aranges
                0x00000408       0x20 f:/mcuxpressoide_11.3.1_5262/ide/plugins/com.nxp.mcuxpresso.tools.win32_11.3.0.202008311133/tools/bin/../lib/gcc/arm-none-eabi/9.3.1/../../../../arm-none-eabi/lib/thumb/v7-m/nofp\libcr_newlib_nohost.a(_exit.o)
 .debug_aranges
                0x00000428       0x20 f:/mcuxpressoide_11.3.1_5262/ide/plugins/com.nxp.mcuxpresso.tools.win32_11.3.0.202008311133/tools/bin/../lib/gcc/arm-none-eabi/9.3.1/../../../../arm-none-eabi/lib/thumb/v7-m/nofp\libcr_newlib_nohost.a(close.o)
 .debug_aranges
                0x00000448       0x20 f:/mcuxpressoide_11.3.1_5262/ide/plugins/com.nxp.mcuxpresso.tools.win32_11.3.0.202008311133/tools/bin/../lib/gcc/arm-none-eabi/9.3.1/../../../../arm-none-eabi/lib/thumb/v7-m/nofp\libcr_newlib_nohost.a(fstat.o)
 .debug_aranges
                0x00000468       0x20 f:/mcuxpressoide_11.3.1_5262/ide/plugins/com.nxp.mcuxpresso.tools.win32_11.3.0.202008311133/tools/bin/../lib/gcc/arm-none-eabi/9.3.1/../../../../arm-none-eabi/lib/thumb/v7-m/nofp\libcr_newlib_nohost.a(getpid.o)
 .debug_aranges
                0x00000488       0x20 f:/mcuxpressoide_11.3.1_5262/ide/plugins/com.nxp.mcuxpresso.tools.win32_11.3.0.202008311133/tools/bin/../lib/gcc/arm-none-eabi/9.3.1/../../../../arm-none-eabi/lib/thumb/v7-m/nofp\libcr_newlib_nohost.a(isatty.o)
 .debug_aranges
                0x000004a8       0x20 f:/mcuxpressoide_11.3.1_5262/ide/plugins/com.nxp.mcuxpresso.tools.win32_11.3.0.202008311133/tools/bin/../lib/gcc/arm-none-eabi/9.3.1/../../../../arm-none-eabi/lib/thumb/v7-m/nofp\libcr_newlib_nohost.a(kill.o)
 .debug_aranges
                0x000004c8       0x20 f:/mcuxpressoide_11.3.1_5262/ide/plugins/com.nxp.mcuxpresso.tools.win32_11.3.0.202008311133/tools/bin/../lib/gcc/arm-none-eabi/9.3.1/../../../../arm-none-eabi/lib/thumb/v7-m/nofp\libcr_newlib_nohost.a(lseek.o)
 .debug_aranges
                0x000004e8       0x20 f:/mcuxpressoide_11.3.1_5262/ide/plugins/com.nxp.mcuxpresso.tools.win32_11.3.0.202008311133/tools/bin/../lib/gcc/arm-none-eabi/9.3.1/../../../../arm-none-eabi/lib/thumb/v7-m/nofp\libcr_newlib_nohost.a(read.o)
 .debug_aranges
                0x00000508       0x20 f:/mcuxpressoide_11.3.1_5262/ide/plugins/com.nxp.mcuxpresso.tools.win32_11.3.0.202008311133/tools/bin/../lib/gcc/arm-none-eabi/9.3.1/../../../../arm-none-eabi/lib/thumb/v7-m/nofp\libcr_newlib_nohost.a(write.o)
 .debug_aranges
                0x00000528       0x20 f:/mcuxpressoide_11.3.1_5262/ide/plugins/com.nxp.mcuxpresso.tools.win32_11.3.0.202008311133/tools/bin/../lib/gcc/arm-none-eabi/9.3.1/../../../../arm-none-eabi/lib/thumb/v7-m/nofp\libcr_newlib_nohost.a(_cr_check_heap.o)

.debug_ranges   0x00000000      0x360
 .debug_ranges  0x00000000       0x70 ./src/cr_startup_lpc175x_6x-FreeRTOS.o
 .debug_ranges  0x00000070       0x28 ./src/main.o
 .debug_ranges  0x00000098       0x18 G:\isel\SE2\se\CMSIS_CORE_LPC17xx\Debug\libCMSIS_CORE_LPC17xx.a(system_LPC17xx.o)
 .debug_ranges  0x000000b0      0x100 G:\isel\SE2\se\SE2021\Debug\libSE2021.a(ESP01.o)
 .debug_ranges  0x000001b0       0x20 G:\isel\SE2\se\SE2021\Debug\libSE2021.a(NTP.o)
 .debug_ranges  0x000001d0       0x90 G:\isel\SE2\se\SE2021\Debug\libSE2021.a(uart.o)
 .debug_ranges  0x00000260       0x28 G:\isel\SE2\se\SE2021\Debug\libSE2021.a(utils.o)
 .debug_ranges  0x00000288       0x28 G:\isel\SE2\se\SE2021\Debug\libSE2021.a(wait.o)
 .debug_ranges  0x000002b0       0x10 f:/mcuxpressoide_11.3.1_5262/ide/plugins/com.nxp.mcuxpresso.tools.win32_11.3.0.202008311133/tools/bin/../lib/gcc/arm-none-eabi/9.3.1/../../../../arm-none-eabi/lib/thumb/v7-m/nofp\libcr_newlib_nohost.a(_cr_sbrk.o)
 .debug_ranges  0x000002c0       0x10 f:/mcuxpressoide_11.3.1_5262/ide/plugins/com.nxp.mcuxpresso.tools.win32_11.3.0.202008311133/tools/bin/../lib/gcc/arm-none-eabi/9.3.1/../../../../arm-none-eabi/lib/thumb/v7-m/nofp\libcr_newlib_nohost.a(_exit.o)
 .debug_ranges  0x000002d0       0x10 f:/mcuxpressoide_11.3.1_5262/ide/plugins/com.nxp.mcuxpresso.tools.win32_11.3.0.202008311133/tools/bin/../lib/gcc/arm-none-eabi/9.3.1/../../../../arm-none-eabi/lib/thumb/v7-m/nofp\libcr_newlib_nohost.a(close.o)
 .debug_ranges  0x000002e0       0x10 f:/mcuxpressoide_11.3.1_5262/ide/plugins/com.nxp.mcuxpresso.tools.win32_11.3.0.202008311133/tools/bin/../lib/gcc/arm-none-eabi/9.3.1/../../../../arm-none-eabi/lib/thumb/v7-m/nofp\libcr_newlib_nohost.a(fstat.o)
 .debug_ranges  0x000002f0       0x10 f:/mcuxpressoide_11.3.1_5262/ide/plugins/com.nxp.mcuxpresso.tools.win32_11.3.0.202008311133/tools/bin/../lib/gcc/arm-none-eabi/9.3.1/../../../../arm-none-eabi/lib/thumb/v7-m/nofp\libcr_newlib_nohost.a(getpid.o)
 .debug_ranges  0x00000300       0x10 f:/mcuxpressoide_11.3.1_5262/ide/plugins/com.nxp.mcuxpresso.tools.win32_11.3.0.202008311133/tools/bin/../lib/gcc/arm-none-eabi/9.3.1/../../../../arm-none-eabi/lib/thumb/v7-m/nofp\libcr_newlib_nohost.a(isatty.o)
 .debug_ranges  0x00000310       0x10 f:/mcuxpressoide_11.3.1_5262/ide/plugins/com.nxp.mcuxpresso.tools.win32_11.3.0.202008311133/tools/bin/../lib/gcc/arm-none-eabi/9.3.1/../../../../arm-none-eabi/lib/thumb/v7-m/nofp\libcr_newlib_nohost.a(kill.o)
 .debug_ranges  0x00000320       0x10 f:/mcuxpressoide_11.3.1_5262/ide/plugins/com.nxp.mcuxpresso.tools.win32_11.3.0.202008311133/tools/bin/../lib/gcc/arm-none-eabi/9.3.1/../../../../arm-none-eabi/lib/thumb/v7-m/nofp\libcr_newlib_nohost.a(lseek.o)
 .debug_ranges  0x00000330       0x10 f:/mcuxpressoide_11.3.1_5262/ide/plugins/com.nxp.mcuxpresso.tools.win32_11.3.0.202008311133/tools/bin/../lib/gcc/arm-none-eabi/9.3.1/../../../../arm-none-eabi/lib/thumb/v7-m/nofp\libcr_newlib_nohost.a(read.o)
 .debug_ranges  0x00000340       0x10 f:/mcuxpressoide_11.3.1_5262/ide/plugins/com.nxp.mcuxpresso.tools.win32_11.3.0.202008311133/tools/bin/../lib/gcc/arm-none-eabi/9.3.1/../../../../arm-none-eabi/lib/thumb/v7-m/nofp\libcr_newlib_nohost.a(write.o)