Archive member included to satisfy reference by file (symbol)

C:\Users\josee\Documents\ISEL\3_Ano-6_Semestre\SE2\CMSIS_CORE_LPC17xx\Debug\libCMSIS_CORE_LPC17xx.a(system_LPC17xx.o)
                              ./src/cr_startup_lpc175x_6x-FreeRTOS.o (SystemInit)
C:\Users\josee\Documents\ISEL\3_Ano-6_Semestre\SE2\SE2021\Debug\libSE2021.a(EEPROM.o)
                              ./src/I2CTest.o (EEPROM_WriteData)
C:\Users\josee\Documents\ISEL\3_Ano-6_Semestre\SE2\SE2021\Debug\libSE2021.a(i2c.o)
                              ./src/I2CTest.o (I2C_Init)
C:\Users\josee\Documents\ISEL\3_Ano-6_Semestre\SE2\SE2021\Debug\libSE2021.a(wait.o)
                              C:\Users\josee\Documents\ISEL\3_Ano-6_Semestre\SE2\SE2021\Debug\libSE2021.a(EEPROM.o) (WAIT_Milliseconds)
C:\Users\josee\Documents\ISEL\3_Ano-6_Semestre\SE2\FreeRTOS-Kernel\Debug\libFreeRTOS-Kernel.a(heap_4.o)
                              ./src/I2CTest.o (pvPortMalloc)
C:\Users\josee\Documents\ISEL\3_Ano-6_Semestre\SE2\FreeRTOS-Kernel\Debug\libFreeRTOS-Kernel.a(port.o)
                              ./src/cr_startup_lpc175x_6x-FreeRTOS.o (vPortSVCHandler)
C:\Users\josee\Documents\ISEL\3_Ano-6_Semestre\SE2\FreeRTOS-Kernel\Debug\libFreeRTOS-Kernel.a(tasks.o)
                              C:\Users\josee\Documents\ISEL\3_Ano-6_Semestre\SE2\FreeRTOS-Kernel\Debug\libFreeRTOS-Kernel.a(port.o) (pxCurrentTCB)
C:\Users\josee\Documents\ISEL\3_Ano-6_Semestre\SE2\FreeRTOS-Kernel\Debug\libFreeRTOS-Kernel.a(list.o)
                              C:\Users\josee\Documents\ISEL\3_Ano-6_Semestre\SE2\FreeRTOS-Kernel\Debug\libFreeRTOS-Kernel.a(tasks.o) (vListInitialise)
c:/nxp/mcuxpressoide_11.3.1_5262/ide/plugins/com.nxp.mcuxpresso.tools.win32_11.3.0.202008311133/tools/bin/../lib/gcc/arm-none-eabi/9.3.1/../../../../arm-none-eabi/lib/thumb/v7-m/nofp\libcr_semihost.a(_cr__main.o)
                              ./src/cr_startup_lpc175x_6x-FreeRTOS.o (__main)
c:/nxp/mcuxpressoide_11.3.1_5262/ide/plugins/com.nxp.mcuxpresso.tools.win32_11.3.0.202008311133/tools/bin/../lib/gcc/arm-none-eabi/9.3.1/../../../../arm-none-eabi/lib/thumb/v7-m/nofp\libcr_c.a(memcpy.o)
                              C:\Users\josee\Documents\ISEL\3_Ano-6_Semestre\SE2\SE2021\Debug\libSE2021.a(EEPROM.o) (memcpy)
c:/nxp/mcuxpressoide_11.3.1_5262/ide/plugins/com.nxp.mcuxpresso.tools.win32_11.3.0.202008311133/tools/bin/../lib/gcc/arm-none-eabi/9.3.1/../../../../arm-none-eabi/lib/thumb/v7-m/nofp\libcr_c.a(memset.o)
                              ./src/I2CTest.o (memset)
c:/nxp/mcuxpressoide_11.3.1_5262/ide/plugins/com.nxp.mcuxpresso.tools.win32_11.3.0.202008311133/tools/bin/../lib/gcc/arm-none-eabi/9.3.1/../../../../arm-none-eabi/lib/thumb/v7-m/nofp\libcr_c.a(initio.o)
                              c:/nxp/mcuxpressoide_11.3.1_5262/ide/plugins/com.nxp.mcuxpresso.tools.win32_11.3.0.202008311133/tools/bin/../lib/gcc/arm-none-eabi/9.3.1/../../../../arm-none-eabi/lib/thumb/v7-m/nofp\libcr_semihost.a(_cr__main.o) (_initio)
c:/nxp/mcuxpressoide_11.3.1_5262/ide/plugins/com.nxp.mcuxpresso.tools.win32_11.3.0.202008311133/tools/bin/../lib/gcc/arm-none-eabi/9.3.1/../../../../arm-none-eabi/lib/thumb/v7-m/nofp\libcr_c.a(setvbuf.o)
                              c:/nxp/mcuxpressoide_11.3.1_5262/ide/plugins/com.nxp.mcuxpresso.tools.win32_11.3.0.202008311133/tools/bin/../lib/gcc/arm-none-eabi/9.3.1/../../../../arm-none-eabi/lib/thumb/v7-m/nofp\libcr_c.a(initio.o) (setvbuf)
c:/nxp/mcuxpressoide_11.3.1_5262/ide/plugins/com.nxp.mcuxpresso.tools.win32_11.3.0.202008311133/tools/bin/../lib/gcc/arm-none-eabi/9.3.1/../../../../arm-none-eabi/lib/thumb/v7-m/nofp\libcr_c.a(_fdopen.o)
                              c:/nxp/mcuxpressoide_11.3.1_5262/ide/plugins/com.nxp.mcuxpresso.tools.win32_11.3.0.202008311133/tools/bin/../lib/gcc/arm-none-eabi/9.3.1/../../../../arm-none-eabi/lib/thumb/v7-m/nofp\libcr_c.a(initio.o) (_fdopen)
c:/nxp/mcuxpressoide_11.3.1_5262/ide/plugins/com.nxp.mcuxpresso.tools.win32_11.3.0.202008311133/tools/bin/../lib/gcc/arm-none-eabi/9.3.1/../../../../arm-none-eabi/lib/thumb/v7-m/nofp\libcr_c.a(fclose.o)
                              c:/nxp/mcuxpressoide_11.3.1_5262/ide/plugins/com.nxp.mcuxpresso.tools.win32_11.3.0.202008311133/tools/bin/../lib/gcc/arm-none-eabi/9.3.1/../../../../arm-none-eabi/lib/thumb/v7-m/nofp\libcr_c.a(initio.o) (fclose)
c:/nxp/mcuxpressoide_11.3.1_5262/ide/plugins/com.nxp.mcuxpresso.tools.win32_11.3.0.202008311133/tools/bin/../lib/gcc/arm-none-eabi/9.3.1/../../../../arm-none-eabi/lib/thumb/v7-m/nofp\libcr_c.a(fflush.o)
                              c:/nxp/mcuxpressoide_11.3.1_5262/ide/plugins/com.nxp.mcuxpresso.tools.win32_11.3.0.202008311133/tools/bin/../lib/gcc/arm-none-eabi/9.3.1/../../../../arm-none-eabi/lib/thumb/v7-m/nofp\libcr_c.a(fclose.o) (fflush)
c:/nxp/mcuxpressoide_11.3.1_5262/ide/plugins/com.nxp.mcuxpresso.tools.win32_11.3.0.202008311133/tools/bin/../lib/gcc/arm-none-eabi/9.3.1/../../../../arm-none-eabi/lib/thumb/v7-m/nofp\libcr_c.a(fseek.o)
[...]
Memory Configuration

Name             Origin             Length             Attributes
MFlash512        0x00000000         0x00080000         xr
RamLoc32         0x10000000         0x00008000         xrw
RamAHB32         0x2007c000         0x00008000         xrw
*default*        0x00000000         0xffffffff

Linker script and memory map

LOAD ./src/I2CTest.o
LOAD ./src/cr_startup_lpc175x_6x-FreeRTOS.o
LOAD ./src/crp.o
LOAD C:\Users\josee\Documents\ISEL\3_Ano-6_Semestre\SE2\CMSIS_CORE_LPC17xx\Debug\libCMSIS_CORE_LPC17xx.a
LOAD C:\Users\josee\Documents\ISEL\3_Ano-6_Semestre\SE2\SE2021\Debug\libSE2021.a
LOAD C:\Users\josee\Documents\ISEL\3_Ano-6_Semestre\SE2\FreeRTOS-Kernel\Debug\libFreeRTOS-Kernel.a
START GROUP
LOAD c:/nxp/mcuxpressoide_11.3.1_5262/ide/plugins/com.nxp.mcuxpresso.tools.win32_11.3.0.202008311133/tools/bin/../lib/gcc/arm-none-eabi/9.3.1/../../../../arm-none-eabi/lib/thumb/v7-m/nofp\libcr_semihost.a
LOAD c:/nxp/mcuxpressoide_11.3.1_5262/ide/plugins/com.nxp.mcuxpresso.tools.win32_11.3.0.202008311133/tools/bin/../lib/gcc/arm-none-eabi/9.3.1/../../../../arm-none-eabi/lib/thumb/v7-m/nofp\libcr_c.a
LOAD c:/nxp/mcuxpressoide_11.3.1_5262/ide/plugins/com.nxp.mcuxpresso.tools.win32_11.3.0.202008311133/tools/bin/../lib/gcc/arm-none-eabi/9.3.1/thumb/v7-m/nofp\libcr_eabihelpers.a
LOAD c:/nxp/mcuxpressoide_11.3.1_5262/ide/plugins/com.nxp.mcuxpresso.tools.win32_11.3.0.202008311133/tools/bin/../lib/gcc/arm-none-eabi/9.3.1/thumb/v7-m/nofp\libgcc.a
END GROUP
                0x00000000                __base_MFlash512 = 0x0
                0x00000000                __base_Flash = 0x0
                0x00080000                __top_MFlash512 = 0x80000
                0x00080000                __top_Flash = 0x80000
                0x10000000                __base_RamLoc32 = 0x10000000
                0x10000000                __base_RAM = 0x10000000
                0x10008000                __top_RamLoc32 = 0x10008000
                0x10008000                __top_RAM = 0x10008000
                0x2007c000                __base_RamAHB32 = 0x2007c000
                0x2007c000                __base_RAM2 = 0x2007c000
                0x20084000                __top_RamAHB32 = 0x20084000
                0x20084000                __top_RAM2 = 0x20084000

.text           0x00000000     0x3cd8
 FILL mask 0xff
                0x00000000                __vectors_start__ = ABSOLUTE (.)
 *(.isr_vector)
 .isr_vector    0x00000000       0xcc ./src/cr_startup_lpc175x_6x-FreeRTOS.o
                0x00000000                g_pfnVectors
                0x000000cc                . = ALIGN (0x4)
                0x000000cc                __section_table_start = .
                0x000000cc                __data_section_table = .
                0x000000cc        0x4 LONG 0x3cd8 LOADADDR (.data)
                0x000000d0        0x4 LONG 0x10000000 ADDR (.data)
                0x000000d4        0x4 LONG 0xc SIZEOF (.data)
                0x000000d8        0x4 LONG 0x3cd8 LOADADDR (.data_RAM2)
                0x000000dc        0x4 LONG 0x2007c000 ADDR (.data_RAM2)
                0x000000e0        0x4 LONG 0x0 SIZEOF (.data_RAM2)
                0x000000e4                __data_section_table_end = .
                0x000000e4                __bss_section_table = .
                0x000000e4        0x4 LONG 0x1000000c ADDR (.bss)
                0x000000e8        0x4 LONG 0x6728 SIZEOF (.bss)
                0x000000ec        0x4 LONG 0x2007c000 ADDR (.bss_RAM2)
                0x000000f0        0x4 LONG 0x0 SIZEOF (.bss_RAM2)
                0x000000f4                __bss_section_table_end = .
                0x000000f4                __section_table_end = .
 *(.after_vectors*)
 .after_vectors
                0x000000f4      0x130 ./src/cr_startup_lpc175x_6x-FreeRTOS.o
                0x000000f4                data_init
                0x00000138                bss_init
                0x00000170                ResetISR
                0x000001e8                NMI_Handler
                0x000001ee                HardFault_Handler
                0x000001f4                MemManage_Handler
                0x000001fa                BusFault_Handler
                0x00000200                UsageFault_Handler
                0x00000206                SVC_Handler
                0x0000020c                DebugMon_Handler
                0x00000212                PendSV_Handler
                0x00000218                SysTick_Handler
                0x0000021e                CANActivity_IRQHandler
                0x0000021e                TIMER3_IRQHandler
                0x0000021e                UART0_IRQHandler
                0x0000021e                USBActivity_IRQHandler
                0x0000021e                UART1_IRQHandler
                0x0000021e                IntDefaultHandler
                0x0000021e                PLL0_IRQHandler
                0x0000021e                CAN_IRQHandler
                0x0000021e                EINT3_IRQHandler
                0x0000021e                SSP0_IRQHandler
                0x0000021e                EINT2_IRQHandler
                0x0000021e                RTC_IRQHandler
                0x0000021e                TIMER0_IRQHandler
                0x0000021e                SPI_IRQHandler
                0x0000021e                RIT_IRQHandler
                0x0000021e                EINT1_IRQHandler
                0x0000021e                TIMER1_IRQHandler
                0x0000021e                UART2_IRQHandler
                0x0000021e                ADC_IRQHandler
                0x0000021e                SSP1_IRQHandler
                0x0000021e                USB_IRQHandler
                0x0000021e                BOD_IRQHandler
                0x0000021e                PWM1_IRQHandler
                0x0000021e                WDT_IRQHandler
                0x0000021e                I2S_IRQHandler
                0x0000021e                QEI_IRQHandler
                0x0000021e                EINT0_IRQHandler
                0x0000021e                PLL1_IRQHandler
                0x0000021e                DMA_IRQHandler
                0x0000021e                TIMER2_IRQHandler
                0x0000021e                UART3_IRQHandler
                0x0000021e                MCPWM_IRQHandler
                0x0000021e                ENET_IRQHandler
                0x000002fc                . = 0x2fc
 *fill*         0x00000224       0xd8 ff
                0x000002fc                PROVIDE (__CRP_WORD_START__ = .)
 *(.crp)
 .crp           0x000002fc        0x4 ./src/crp.o
                0x000002fc                CRP_WORD
                0x00000300                PROVIDE (__CRP_WORD_END__ = .)
                0x00000001                ASSERT (! ((__CRP_WORD_START__ == __CRP_WORD_END__)), Linker CRP Enabled, but no CRP_WORD provided within application)
 *(.text*)
 .text.vI2CTester
                0x00000300       0x6a ./src/I2CTest.o
                0x00000300                vI2CTester
 *fill*         0x0000036a        0x2 ff
 .text.main     0x0000036c       0x30 ./src/I2CTest.o
                0x0000036c                main
 .text.vApplicationStackOverflowHook
                0x0000039c        0xc ./src/I2CTest.o
                0x0000039c                vApplicationStackOverflowHook
 .text.vConfigureTimerForRunTimeStats
                0x000003a8       0x74 ./src/I2CTest.o
                0x000003a8                vConfigureTimerForRunTimeStats
 .text.SystemInit
                0x0000041c       0xdc C:\Users\josee\Documents\ISEL\3_Ano-6_Semestre\SE2\CMSIS_CORE_LPC17xx\Debug\libCMSIS_CORE_LPC17xx.a(system_LPC17xx.o)
                0x0000041c                SystemInit
 .text.pageEnding
                0x000004f8       0x26 C:\Users\josee\Documents\ISEL\3_Ano-6_Semestre\SE2\SE2021\Debug\libSE2021.a(EEPROM.o)
                0x000004f8                pageEnding
 *fill*         0x0000051e        0x2 ff
 .text.EEPROM_WriteData
                0x00000520      0x134 C:\Users\josee\Documents\ISEL\3_Ano-6_Semestre\SE2\SE2021\Debug\libSE2021.a(EEPROM.o)
                0x00000520                EEPROM_WriteData
 .text.EEPROM_ReadData
                0x00000654       0x8c C:\Users\josee\Documents\ISEL\3_Ano-6_Semestre\SE2\SE2021\Debug\libSE2021.a(EEPROM.o)
                0x00000654                EEPROM_ReadData
 .text.NVIC_EnableIRQ
                0x000006e0       0x30 C:\Users\josee\Documents\ISEL\3_Ano-6_Semestre\SE2\SE2021\Debug\libSE2021.a(i2c.o)
 .text.I2C_Init
                0x00000710      0x154 C:\Users\josee\Documents\ISEL\3_Ano-6_Semestre\SE2\SE2021\Debug\libSE2021.a(i2c.o)
                0x00000710                I2C_Init
 .text.I2C_SetFrequency
                0x00000864       0x44 C:\Users\josee\Documents\ISEL\3_Ano-6_Semestre\SE2\SE2021\Debug\libSE2021.a(i2c.o)
                0x00000864                I2C_SetFrequency
 .text.I2C_IRQRoutine
                0x000008a8      0x420 C:\Users\josee\Documents\ISEL\3_Ano-6_Semestre\SE2\SE2021\Debug\libSE2021.a(i2c.o)
                0x000008a8                I2C_IRQRoutine
 .text.I2C0_IRQHandler
                0x00000cc8        0xc C:\Users\josee\Documents\ISEL\3_Ano-6_Semestre\SE2\SE2021\Debug\libSE2021.a(i2c.o)
                0x00000cc8                I2C0_IRQHandler
 .text.I2C1_IRQHandler
                0x00000cd4        0xc C:\Users\josee\Documents\ISEL\3_Ano-6_Semestre\SE2\SE2021\Debug\libSE2021.a(i2c.o)
                0x00000cd4                I2C1_IRQHandler
 .text.I2C2_IRQHandler
                0x00000ce0        0xc C:\Users\josee\Documents\ISEL\3_Ano-6_Semestre\SE2\SE2021\Debug\libSE2021.a(i2c.o)
                0x00000ce0                I2C2_IRQHandler
 .text.I2C_Transmit
                0x00000cec       0xb4 C:\Users\josee\Documents\ISEL\3_Ano-6_Semestre\SE2\SE2021\Debug\libSE2021.a(i2c.o)
                0x00000cec                I2C_Transmit
 .text.I2C_Read
                0x00000da0       0x2e C:\Users\josee\Documents\ISEL\3_Ano-6_Semestre\SE2\SE2021\Debug\libSE2021.a(i2c.o)
                0x00000da0                I2C_Read
 .text.I2C_Write
                0x00000dce       0x2e C:\Users\josee\Documents\ISEL\3_Ano-6_Semestre\SE2\SE2021\Debug\libSE2021.a(i2c.o)
                0x00000dce                I2C_Write
 .text.I2C_Await
                0x00000dfc       0x24 C:\Users\josee\Documents\ISEL\3_Ano-6_Semestre\SE2\SE2021\Debug\libSE2021.a(i2c.o)
                0x00000dfc                I2C_Await
 .text.WAIT_Milliseconds
                0x00000e20       0x16 C:\Users\josee\Documents\ISEL\3_Ano-6_Semestre\SE2\SE2021\Debug\libSE2021.a(wait.o)
                0x00000e20                WAIT_Milliseconds
 *fill*         0x00000e36        0x2 ff
 .text.WAIT_Init
                0x00000e38       0x68 C:\Users\josee\Documents\ISEL\3_Ano-6_Semestre\SE2\SE2021\Debug\libSE2021.a(wait.o)
                0x00000e38                WAIT_Init
 .text          0x00000ea0      0x418 C:\Users\josee\Documents\ISEL\3_Ano-6_Semestre\SE2\FreeRTOS-Kernel\Debug\libFreeRTOS-Kernel.a(heap_4.o)
                0x00000ea0                pvPortMalloc
                0x00000fd4                vPortFree
                0x00001054                xPortGetFreeHeapSize
                0x00001068                xPortGetMinimumEverFreeHeapSize
                0x0000107c                vPortInitialiseBlocks
                0x000011fc                vPortGetHeapStats
 *fill*         0x000012b8        0x8 ff
 .text          0x000012c0      0x264 C:\Users\josee\Documents\ISEL\3_Ano-6_Semestre\SE2\FreeRTOS-Kernel\Debug\libFreeRTOS-Kernel.a(port.o)
                0x000012c0                pxPortInitialiseStack
                0x0000134a                vPortSVCHandler
                0x00001392                xPortStartScheduler
                0x000013d4                vPortEndScheduler
                0x000013e0                vPortEnterCritical
                0x00001414                vPortExitCritical
                0x00001448                xPortPendSVHandler
                0x00001496                xPortSysTickHandler
                0x000014dc                vPortSetupTimerInterrupt
 .text          0x00001524     0x1dec C:\Users\josee\Documents\ISEL\3_Ano-6_Semestre\SE2\FreeRTOS-Kernel\Debug\libFreeRTOS-Kernel.a(tasks.o)
                0x00001524                xTaskCreate
                0x0000178c                vTaskDelete
                0x00001888                vTaskDelayUntil
                0x00001928                vTaskDelay
                0x00001970                eTaskGetState
                0x00001a20                uxTaskPriorityGet
                0x00001a54                uxTaskPriorityGetFromISR
                0x00001aac                vTaskPrioritySet
                0x00001be4                vTaskSuspend
                0x00001d2c                vTaskResume
                0x00001dcc                xTaskResumeFromISR
                0x00001e90                vTaskStartScheduler
                0x00001f04                vTaskEndScheduler
                0x00001f34                vTaskSuspendAll
                0x00001f50                xTaskResumeAll
                0x0000206c                xTaskGetTickCount
                0x00002088                xTaskGetTickCountFromISR
                0x000020a8                uxTaskGetNumberOfTasks
                0x000020bc                pcTaskGetName
                0x000020e8                uxTaskGetSystemState
                0x00002208                xTaskCatchUpTicks
                0x00002234                xTaskIncrementTick
                0x00002384                vTaskSwitchContext
                0x0000246c                vTaskPlaceOnEventList
                0x00002498                vTaskPlaceOnUnorderedEventList
                0x000024d4                xTaskRemoveFromEventList
                0x0000257c                vTaskRemoveFromUnorderedEventList
                0x00002600                vTaskSetTimeOutState
                0x00002630                vTaskInternalSetTimeOutState
                0x0000265c                xTaskCheckForTimeOut
                0x000026e8                vTaskMissedYield
                0x00002700                uxTaskGetTaskNumber
                0x0000272a                vTaskSetTaskNumber
                0x00002838                vTaskGetInfo
                0x00002a34                xTaskGetCurrentTaskHandle
                0x00002a50                xTaskPriorityInherit
                0x00002b3c                xTaskPriorityDisinherit
                0x00002bf0                vTaskPriorityDisinheritAfterTimeout
                0x00002ccc                uxTaskResetEventItemValue
                0x00002cfc                pvTaskIncrementMutexHeldCount
                0x00002d24                ulTaskNotifyTake
                0x00002db4                xTaskNotifyWait
                0x00002e68                xTaskGenericNotify
                0x00002f78                xTaskGenericNotifyFromISR
                0x000030cc                vTaskNotifyGiveFromISR
                0x000031b0                xTaskNotifyStateClear
                0x000031fc                ulTaskNotifyValueClear
 .text          0x00003310      0x15e C:\Users\josee\Documents\ISEL\3_Ano-6_Semestre\SE2\FreeRTOS-Kernel\Debug\libFreeRTOS-Kernel.a(list.o)
                0x00003310                vListInitialise
                0x0000334e                vListInitialiseItem
                0x00003366                vListInsertEnd
                0x000033ac                vListInsert
                0x0000341c                uxListRemove
 .text.__main   0x0000346e        0xe c:/nxp/mcuxpressoide_11.3.1_5262/ide/plugins/com.nxp.mcuxpresso.tools.win32_11.3.0.202008311133/tools/bin/../lib/gcc/arm-none-eabi/9.3.1/../../../../arm-none-eabi/lib/thumb/v7-m/nofp\libcr_semihost.a(_cr__main.o)
                0x0000346e                __CR_SEMIHOST
                0x0000346e                __main
 .text.memcpy   0x0000347c        0x4 c:/nxp/mcuxpressoide_11.3.1_5262/ide/plugins/com.nxp.mcuxpresso.tools.win32_11.3.0.202008311133/tools/bin/../lib/gcc/arm-none-eabi/9.3.1/../../../../arm-none-eabi/lib/thumb/v7-m/nofp\libcr_c.a(memcpy.o)
                0x0000347c                memcpy
 .text.memset   0x00003480        0x4 c:/nxp/mcuxpressoide_11.3.1_5262/ide/plugins/com.nxp.mcuxpresso.tools.win32_11.3.0.202008311133/tools/bin/../lib/gcc/arm-none-eabi/9.3.1/../../../../arm-none-eabi/lib/thumb/v7-m/nofp\libcr_c.a(memset.o)
                0x00003480                memset
 .text._initio  0x00003484       0x78 c:/nxp/mcuxpressoide_11.3.1_5262/ide/plugins/com.nxp.mcuxpresso.tools.win32_11.3.0.202008311133/tools/bin/../lib/gcc/arm-none-eabi/9.3.1/../../../../arm-none-eabi/lib/thumb/v7-m/nofp\libcr_c.a(initio.o)
                0x00003484                _initio
 .text.setvbuf  0x000034fc       0x3e c:/nxp/mcuxpressoide_11.3.1_5262/ide/plugins/com.nxp.mcuxpresso.tools.win32_11.3.0.202008311133/tools/bin/../lib/gcc/arm-none-eabi/9.3.1/../../../../arm-none-eabi/lib/thumb/v7-m/nofp\libcr_c.a(setvbuf.o)
                0x000034fc                setvbuf
 .text._fdopen  0x0000353a       0x68 c:/nxp/mcuxpressoide_11.3.1_5262/ide/plugins/com.nxp.mcuxpresso.tools.win32_11.3.0.202008311133/tools/bin/../lib/gcc/arm-none-eabi/9.3.1/../../../../arm-none-eabi/lib/thumb/v7-m/nofp\libcr_c.a(_fdopen.o)
                0x0000353a                _fdopen
 .text.fclose   0x000035a2       0x58 c:/nxp/mcuxpressoide_11.3.1_5262/ide/plugins/com.nxp.mcuxpresso.tools.win32_11.3.0.202008311133/tools/bin/../lib/gcc/arm-none-eabi/9.3.1/../../../../arm-none-eabi/lib/thumb/v7-m/nofp\libcr_c.a(fclose.o)
                0x000035a2                fclose
 *fill*         0x000035fa        0x2 ff
 .text.fflush   0x000035fc       0x44 c:/nxp/mcuxpressoide_11.3.1_5262/ide/plugins/com.nxp.mcuxpresso.tools.win32_11.3.0.202008311133/tools/bin/../lib/gcc/arm-none-eabi/9.3.1/../../../../arm-none-eabi/lib/thumb/v7-m/nofp\libcr_c.a(fflush.o)
                0x000035fc                fflush
 .text.fseek    0x00003640      0x100 c:/nxp/mcuxpressoide_11.3.1_5262/ide/plugins/com.nxp.mcuxpresso.tools.win32_11.3.0.202008311133/tools/bin/../lib/gcc/arm-none-eabi/9.3.1/../../../../arm-none-eabi/lib/thumb/v7-m/nofp\libcr_c.a(fseek.o)
                0x00003640                fseek
 .text.ftell    0x00003740       0x44 c:/nxp/mcuxpressoide_11.3.1_5262/ide/plugins/com.nxp.mcuxpresso.tools.win32_11.3.0.202008311133/tools/bin/../lib/gcc/arm-none-eabi/9.3.1/../../../../arm-none-eabi/lib/thumb/v7-m/nofp\libcr_c.a(ftell.o)
                0x00003740                ftell
 .text.remove   0x00003784       0x14 c:/nxp/mcuxpressoide_11.3.1_5262/ide/plugins/com.nxp.mcuxpresso.tools.win32_11.3.0.202008311133/tools/bin/../lib/gcc/arm-none-eabi/9.3.1/../../../../arm-none-eabi/lib/thumb/v7-m/nofp\libcr_c.a(remove.o)
                0x00003784                remove
 .text.strlen   0x00003798       0x4c c:/nxp/mcuxpressoide_11.3.1_5262/ide/plugins/com.nxp.mcuxpresso.tools.win32_11.3.0.202008311133/tools/bin/../lib/gcc/arm-none-eabi/9.3.1/../../../../arm-none-eabi/lib/thumb/v7-m/nofp\libcr_c.a(strlen.o)
                0x00003798                strlen
 .text._do_fflush
                0x000037e4       0x40 c:/nxp/mcuxpressoide_11.3.1_5262/ide/plugins/com.nxp.mcuxpresso.tools.win32_11.3.0.202008311133/tools/bin/../lib/gcc/arm-none-eabi/9.3.1/../../../../arm-none-eabi/lib/thumb/v7-m/nofp\libcr_c.a(_do_fflush.o)
                0x000037e4                _do_fflush
 .text._fflush  0x00003824       0x52 c:/nxp/mcuxpressoide_11.3.1_5262/ide/plugins/com.nxp.mcuxpresso.tools.win32_11.3.0.202008311133/tools/bin/../lib/gcc/arm-none-eabi/9.3.1/../../../../arm-none-eabi/lib/thumb/v7-m/nofp\libcr_c.a(_fflush.o)
                0x00003824                _fflush
 *fill*         0x00003876        0x2 ff
 .text._Cwritebuf
                0x00003878       0x6c c:/nxp/mcuxpressoide_11.3.1_5262/ide/plugins/com.nxp.mcuxpresso.tools.win32_11.3.0.202008311133/tools/bin/../lib/gcc/arm-none-eabi/9.3.1/../../../../arm-none-eabi/lib/thumb/v7-m/nofp\libcr_c.a(_writebuf.o)
                0x00003878                _Cwritebuf
 .text.free     0x000038e4       0x30 c:/nxp/mcuxpressoide_11.3.1_5262/ide/plugins/com.nxp.mcuxpresso.tools.win32_11.3.0.202008311133/tools/bin/../lib/gcc/arm-none-eabi/9.3.1/../../../../arm-none-eabi/lib/thumb/v7-m/nofp\libcr_c.a(alloc.o)
                0x000038e4                free
 .text._deferredlazyseek
                0x00003914       0x40 c:/nxp/mcuxpressoide_11.3.1_5262/ide/plugins/com.nxp.mcuxpresso.tools.win32_11.3.0.202008311133/tools/bin/../lib/gcc/arm-none-eabi/9.3.1/../../../../arm-none-eabi/lib/thumb/v7-m/nofp\libcr_c.a(_deferredlazyseek.o)
                0x00003914                _deferredlazyseek
 .text.__aeabi_fdiv
                0x00003954       0xc0 c:/nxp/mcuxpressoide_11.3.1_5262/ide/plugins/com.nxp.mcuxpresso.tools.win32_11.3.0.202008311133/tools/bin/../lib/gcc/arm-none-eabi/9.3.1/thumb/v7-m/nofp\libcr_eabihelpers.a(float.o)
                0x00003954                __aeabi_fdiv
 .text.__aeabi_fsub
                0x00003a14       0xe4 c:/nxp/mcuxpressoide_11.3.1_5262/ide/plugins/com.nxp.mcuxpresso.tools.win32_11.3.0.202008311133/tools/bin/../lib/gcc/arm-none-eabi/9.3.1/thumb/v7-m/nofp\libcr_eabihelpers.a(float.o)
                0x00003a14                __aeabi_fsub
 .text.__aeabi_fadd
                0x00003af8       0xb4 c:/nxp/mcuxpressoide_11.3.1_5262/ide/plugins/com.nxp.mcuxpresso.tools.win32_11.3.0.202008311133/tools/bin/../lib/gcc/arm-none-eabi/9.3.1/thumb/v7-m/nofp\libcr_eabihelpers.a(float.o)
                0x00003af8                __aeabi_fadd
 .text.__aeabi_f2uiz
                0x00003bac       0x28 c:/nxp/mcuxpressoide_11.3.1_5262/ide/plugins/com.nxp.mcuxpresso.tools.win32_11.3.0.202008311133/tools/bin/../lib/gcc/arm-none-eabi/9.3.1/thumb/v7-m/nofp\libcr_eabihelpers.a(float.o)
                0x00003bac                __aeabi_f2uiz
 .text.__bhs_ui2f
                0x00003bd4       0x26 c:/nxp/mcuxpressoide_11.3.1_5262/ide/plugins/com.nxp.mcuxpresso.tools.win32_11.3.0.202008311133/tools/bin/../lib/gcc/arm-none-eabi/9.3.1/thumb/v7-m/nofp\libcr_eabihelpers.a(float.o)
                0x00003bd4                __bhs_ui2f
 .text.__aeabi_ui2f
                0x00003bfa        0x8 c:/nxp/mcuxpressoide_11.3.1_5262/ide/plugins/com.nxp.mcuxpresso.tools.win32_11.3.0.202008311133/tools/bin/../lib/gcc/arm-none-eabi/9.3.1/thumb/v7-m/nofp\libcr_eabihelpers.a(float.o)
                0x00003bfa                __aeabi_ui2f
 .text.__aeabi_memcpy
                0x00003c02       0x34 c:/nxp/mcuxpressoide_11.3.1_5262/ide/plugins/com.nxp.mcuxpresso.tools.win32_11.3.0.202008311133/tools/bin/../lib/gcc/arm-none-eabi/9.3.1/thumb/v7-m/nofp\libcr_eabihelpers.a(memcpy.o)
                0x00003c02                __aeabi_memcpy
                0x00003c0c                __aeabi_memcpy8
                0x00003c0c                __aeabi_memcpy4
 .text.__aeabi_memset_lowlevel
                0x00003c36       0x32 c:/nxp/mcuxpressoide_11.3.1_5262/ide/plugins/com.nxp.mcuxpresso.tools.win32_11.3.0.202008311133/tools/bin/../lib/gcc/arm-none-eabi/9.3.1/thumb/v7-m/nofp\libcr_eabihelpers.a(memcpy.o)
                0x00003c36                __aeabi_lowlevel_memset
 .text.__sys_close
                0x00003c68        0xc c:/nxp/mcuxpressoide_11.3.1_5262/ide/plugins/com.nxp.mcuxpresso.tools.win32_11.3.0.202008311133/tools/bin/../lib/gcc/arm-none-eabi/9.3.1/../../../../arm-none-eabi/lib/thumb/v7-m/nofp\libcr_semihost.a(__sys_close.o)
                0x00003c68                __sys_close
 .text.__sys_flen
                0x00003c74        0xc c:/nxp/mcuxpressoide_11.3.1_5262/ide/plugins/com.nxp.mcuxpresso.tools.win32_11.3.0.202008311133/tools/bin/../lib/gcc/arm-none-eabi/9.3.1/../../../../arm-none-eabi/lib/thumb/v7-m/nofp\libcr_semihost.a(__sys_flen.o)
                0x00003c74                __sys_flen
 .text.__sys_istty
                0x00003c80        0xc c:/nxp/mcuxpressoide_11.3.1_5262/ide/plugins/com.nxp.mcuxpresso.tools.win32_11.3.0.202008311133/tools/bin/../lib/gcc/arm-none-eabi/9.3.1/../../../../arm-none-eabi/lib/thumb/v7-m/nofp\libcr_semihost.a(__sys_istty.o)
                0x00003c80                __sys_istty
 .text.__sys_remove
                0x00003c8c        0xc c:/nxp/mcuxpressoide_11.3.1_5262/ide/plugins/com.nxp.mcuxpresso.tools.win32_11.3.0.202008311133/tools/bin/../lib/gcc/arm-none-eabi/9.3.1/../../../../arm-none-eabi/lib/thumb/v7-m/nofp\libcr_semihost.a(__sys_remove.o)
                0x00003c8c                __sys_remove
 .text.__sys_seek
                0x00003c98        0xc c:/nxp/mcuxpressoide_11.3.1_5262/ide/plugins/com.nxp.mcuxpresso.tools.win32_11.3.0.202008311133/tools/bin/../lib/gcc/arm-none-eabi/9.3.1/../../../../arm-none-eabi/lib/thumb/v7-m/nofp\libcr_semihost.a(__sys_seek.o)
                0x00003c98                __sys_seek
 .text.__sys_tmpnam
                0x00003ca4        0xc c:/nxp/mcuxpressoide_11.3.1_5262/ide/plugins/com.nxp.mcuxpresso.tools.win32_11.3.0.202008311133/tools/bin/../lib/gcc/arm-none-eabi/9.3.1/../../../../arm-none-eabi/lib/thumb/v7-m/nofp\libcr_semihost.a(__sys_tmpnam.o)
                0x00003ca4                __sys_tmpnam
 .text.__sys_write
                0x00003cb0        0xc c:/nxp/mcuxpressoide_11.3.1_5262/ide/plugins/com.nxp.mcuxpresso.tools.win32_11.3.0.202008311133/tools/bin/../lib/gcc/arm-none-eabi/9.3.1/../../../../arm-none-eabi/lib/thumb/v7-m/nofp\libcr_semihost.a(__sys_write.o)
                0x00003cb0                __sys_write
 *(.rodata .rodata.* .constdata .constdata.*)
 .rodata.main.str1.4
                0x00003cbc        0xa ./src/I2CTest.o
 *fill*         0x00003cc6        0x2 ff
 .rodata.str1.4
                0x00003cc8        0x5 C:\Users\josee\Documents\ISEL\3_Ano-6_Semestre\SE2\FreeRTOS-Kernel\Debug\libFreeRTOS-Kernel.a(tasks.o)
 .rodata._initio.str1.1
                0x00003ccd        0x4 c:/nxp/mcuxpressoide_11.3.1_5262/ide/plugins/com.nxp.mcuxpresso.tools.win32_11.3.0.202008311133/tools/bin/../lib/gcc/arm-none-eabi/9.3.1/../../../../arm-none-eabi/lib/thumb/v7-m/nofp\libcr_c.a(initio.o)
 *fill*         0x00003cd1        0x3 ff
 .rodata.__num_Ciob_streams
                0x00003cd4        0x4 c:/nxp/mcuxpressoide_11.3.1_5262/ide/plugins/com.nxp.mcuxpresso.tools.win32_11.3.0.202008311133/tools/bin/../lib/gcc/arm-none-eabi/9.3.1/../../../../arm-none-eabi/lib/thumb/v7-m/nofp\libcr_semihost.a(__ciob.o)
                0x00003cd4                __num_Ciob_streams
                0x00003cd8                . = ALIGN (0x4)

.glue_7         0x00003cd8        0x0
 .glue_7        0x00003cd8        0x0 linker stubs

.glue_7t        0x00003cd8        0x0
 .glue_7t       0x00003cd8        0x0 linker stubs

.vfp11_veneer   0x00003cd8        0x0
 .vfp11_veneer  0x00003cd8        0x0 linker stubs

.v4_bx          0x00003cd8        0x0
 .v4_bx         0x00003cd8        0x0 linker stubs

.iplt           0x00003cd8        0x0
 .iplt          0x00003cd8        0x0 ./src/I2CTest.o

.rel.dyn        0x00003cd8        0x0
 .rel.iplt      0x00003cd8        0x0 ./src/I2CTest.o

.ARM.extab
 *(.ARM.extab* .gnu.linkonce.armextab.*)

.ARM.exidx      0x00003cd8        0x0
                0x00003cd8                __exidx_start = .
 *(.ARM.exidx* .gnu.linkonce.armexidx.*)
                0x00003cd8                __exidx_end = .
                0x00003cd8                _etext = .

.data_RAM2      0x2007c000        0x0 load address 0x00003cd8
 FILL mask 0xff
                [!provide]                PROVIDE (__start_data_RAM2 = .)
                [!provide]                PROVIDE (__start_data_RamAHB32 = .)
 *(.ramfunc.$RAM2)
 *(.ramfunc.$RamAHB32)
 *(.data.$RAM2)
 *(.data.$RamAHB32)
 *(.data.$RAM2.*)
 *(.data.$RamAHB32.*)
                0x2007c000                . = ALIGN (0x4)
                [!provide]                PROVIDE (__end_data_RAM2 = .)
                [!provide]                PROVIDE (__end_data_RamAHB32 = .)

.uninit_RESERVED
                0x10000000        0x0
                0x10000000                _start_uninit_RESERVED = .
 *(.bss.$RESERVED*)
                0x10000000                . = ALIGN (0x4)
                0x10000000                _end_uninit_RESERVED = .

.data           0x10000000        0xc load address 0x00003cd8
 FILL mask 0xff
                0x10000000                _data = .
                [!provide]                PROVIDE (__start_data_RAM = .)
                [!provide]                PROVIDE (__start_data_RamLoc32 = .)
 *(vtable)
 *(.ramfunc*)
 *(CodeQuickAccess)
 *(DataQuickAccess)
 *(RamFunction)
 *(.data*)
 .data.SystemCoreClock
                0x10000000        0x4 C:\Users\josee\Documents\ISEL\3_Ano-6_Semestre\SE2\CMSIS_CORE_LPC17xx\Debug\libCMSIS_CORE_LPC17xx.a(system_LPC17xx.o)
                0x10000000                SystemCoreClock
 .data.ctrl     0x10000004        0x4 C:\Users\josee\Documents\ISEL\3_Ano-6_Semestre\SE2\SE2021\Debug\libSE2021.a(i2c.o)
 .data          0x10000008        0x4 C:\Users\josee\Documents\ISEL\3_Ano-6_Semestre\SE2\FreeRTOS-Kernel\Debug\libFreeRTOS-Kernel.a(port.o)
                0x1000000c                . = ALIGN (0x4)
                0x1000000c                _edata = .
                [!provide]                PROVIDE (__end_data_RAM = .)
                [!provide]                PROVIDE (__end_data_RamLoc32 = .)

.igot.plt       0x1000000c        0x0 load address 0x00003ce4
 .igot.plt      0x1000000c        0x0 ./src/I2CTest.o

.bss_RAM2       0x2007c000        0x0
                [!provide]                PROVIDE (__start_bss_RAM2 = .)
                [!provide]                PROVIDE (__start_bss_RamAHB32 = .)
 *(.bss.$RAM2)
 *(.bss.$RamAHB32)
 *(.bss.$RAM2.*)
 *(.bss.$RamAHB32.*)
                0x2007c000                . = ALIGN ((. != 0x0)?0x4:0x1)
                [!provide]                PROVIDE (__end_bss_RAM2 = .)
                [!provide]                PROVIDE (__end_bss_RamAHB32 = .)

.bss            0x1000000c     0x6728
                0x1000000c                _bss = .
                [!provide]                PROVIDE (__start_bss_RAM = .)
                [!provide]                PROVIDE (__start_bss_RamLoc32 = .)
 *(.bss*)
 .bss.addr      0x1000000c        0x1 C:\Users\josee\Documents\ISEL\3_Ano-6_Semestre\SE2\SE2021\Debug\libSE2021.a(i2c.o)
 .bss.rpt_start
                0x1000000d        0x1 C:\Users\josee\Documents\ISEL\3_Ano-6_Semestre\SE2\SE2021\Debug\libSE2021.a(i2c.o)
 *fill*         0x1000000e        0x2 
 .bss.data_buf  0x10000010        0x4 C:\Users\josee\Documents\ISEL\3_Ano-6_Semestre\SE2\SE2021\Debug\libSE2021.a(i2c.o)
 .bss.data_len  0x10000014        0x4 C:\Users\josee\Documents\ISEL\3_Ano-6_Semestre\SE2\SE2021\Debug\libSE2021.a(i2c.o)
 .bss.data_count
                0x10000018        0x4 C:\Users\josee\Documents\ISEL\3_Ano-6_Semestre\SE2\SE2021\Debug\libSE2021.a(i2c.o)
 .bss.error     0x1000001c        0x4 C:\Users\josee\Documents\ISEL\3_Ano-6_Semestre\SE2\SE2021\Debug\libSE2021.a(i2c.o)
 .bss.busy      0x10000020        0x1 C:\Users\josee\Documents\ISEL\3_Ano-6_Semestre\SE2\SE2021\Debug\libSE2021.a(i2c.o)
                0x10000020                busy
 .bss.irq       0x10000021        0x1 C:\Users\josee\Documents\ISEL\3_Ano-6_Semestre\SE2\SE2021\Debug\libSE2021.a(i2c.o)
                0x10000021                irq
 *fill*         0x10000022        0x2 
 .bss           0x10000024     0x6420 C:\Users\josee\Documents\ISEL\3_Ano-6_Semestre\SE2\FreeRTOS-Kernel\Debug\libFreeRTOS-Kernel.a(heap_4.o)
 .bss           0x10006444      0x10c C:\Users\josee\Documents\ISEL\3_Ano-6_Semestre\SE2\FreeRTOS-Kernel\Debug\libFreeRTOS-Kernel.a(tasks.o)
                0x10006444                pxCurrentTCB
 .bss.errno     0x10006550        0x4 c:/nxp/mcuxpressoide_11.3.1_5262/ide/plugins/com.nxp.mcuxpresso.tools.win32_11.3.0.202008311133/tools/bin/../lib/gcc/arm-none-eabi/9.3.1/../../../../arm-none-eabi/lib/thumb/v7-m/nofp\libcr_c.a(errno.o)
                0x10006550                errno
 .bss.__Ciob    0x10006554      0x1e0 c:/nxp/mcuxpressoide_11.3.1_5262/ide/plugins/com.nxp.mcuxpresso.tools.win32_11.3.0.202008311133/tools/bin/../lib/gcc/arm-none-eabi/9.3.1/../../../../arm-none-eabi/lib/thumb/v7-m/nofp\libcr_semihost.a(__ciob.o)
                0x10006554                __Ciob
 *(COMMON)
                0x10006734                . = ALIGN (0x4)
                0x10006734                _ebss = .
                [!provide]                PROVIDE (__end_bss_RAM = .)
                [!provide]                PROVIDE (__end_bss_RamLoc32 = .)
                [!provide]                PROVIDE (end = .)

.noinit_RAM2    0x2007c000        0x0
                [!provide]                PROVIDE (__start_noinit_RAM2 = .)
                [!provide]                PROVIDE (__start_noinit_RamAHB32 = .)
 *(.noinit.$RAM2)
 *(.noinit.$RamAHB32)
 *(.noinit.$RAM2.*)
 *(.noinit.$RamAHB32.*)
                0x2007c000                . = ALIGN (0x4)
                [!provide]                PROVIDE (__end_noinit_RAM2 = .)
                [!provide]                PROVIDE (__end_noinit_RamAHB32 = .)

.noinit         0x10006734        0x0
                0x10006734                _noinit = .
                [!provide]                PROVIDE (__start_noinit_RAM = .)
                [!provide]                PROVIDE (__start_noinit_RamLoc32 = .)
 *(.noinit*)
                0x10006734                . = ALIGN (0x4)
                0x10006734                _end_noinit = .
                [!provide]                PROVIDE (__end_noinit_RAM = .)
                [!provide]                PROVIDE (__end_noinit_RamLoc32 = .)
                0x10006734                PROVIDE (_pvHeapStart = DEFINED (__user_heap_base)?__user_heap_base:.)
                0x10008000                PROVIDE (_vStackTop = DEFINED (__user_stack_top)?__user_stack_top:(__top_RamLoc32 - 0x0))
                0xefff74c6                PROVIDE (__valid_user_code_checksum = (0x0 - ((((((_vStackTop + (ResetISR + 0x1)) + (NMI_Handler + 0x1)) + (HardFault_Handler + 0x1)) + (DEFINED (MemManage_Handler)?MemManage_Handler:0x0 + 0x1)) + (DEFINED (BusFault_Handler)?BusFault_Handler:0x0 + 0x1)) + (DEFINED (UsageFault_Handler)?UsageFault_Handler:0x0 + 0x1))))
                0x00000000                _image_start = LOADADDR (.text)
                0x00003ce4                _image_end = (LOADADDR (.data) + SIZEOF (.data))
                0x00003ce4                _image_size = (_image_end - _image_start)
OUTPUT(I2CTest.axf elf32-littlearm)
LOAD linker stubs

.debug_info     0x00000000     0x694b
 .debug_info    0x00000000      0x6de ./src/I2CTest.o
 .debug_info    0x000006de      0x276 ./src/cr_startup_lpc175x_6x-FreeRTOS.o
 .debug_info    0x00000954       0x40 ./src/crp.o
 .debug_info    0x00000994      0x37d C:\Users\josee\Documents\ISEL\3_Ano-6_Semestre\SE2\CMSIS_CORE_LPC17xx\Debug\libCMSIS_CORE_LPC17xx.a(system_LPC17xx.o)
 .debug_info    0x00000d11      0xb7d C:\Users\josee\Documents\ISEL\3_Ano-6_Semestre\SE2\SE2021\Debug\libSE2021.a(EEPROM.o)
 .debug_info    0x0000188e      0xb63 C:\Users\josee\Documents\ISEL\3_Ano-6_Semestre\SE2\SE2021\Debug\libSE2021.a(i2c.o)
 .debug_info    0x000023f1      0x4e2 C:\Users\josee\Documents\ISEL\3_Ano-6_Semestre\SE2\SE2021\Debug\libSE2021.a(wait.o)
 .debug_info    0x000028d3      0xd0e C:\Users\josee\Documents\ISEL\3_Ano-6_Semestre\SE2\FreeRTOS-Kernel\Debug\libFreeRTOS-Kernel.a(heap_4.o)
 .debug_info    0x000035e1      0x317 C:\Users\josee\Documents\ISEL\3_Ano-6_Semestre\SE2\FreeRTOS-Kernel\Debug\libFreeRTOS-Kernel.a(port.o)
 .debug_info    0x000038f8     0x24a7 C:\Users\josee\Documents\ISEL\3_Ano-6_Semestre\SE2\FreeRTOS-Kernel\Debug\libFreeRTOS-Kernel.a(tasks.o)
 .debug_info    0x00005d9f      0xbac C:\Users\josee\Documents\ISEL\3_Ano-6_Semestre\SE2\FreeRTOS-Kernel\Debug\libFreeRTOS-Kernel.a(list.o)

.debug_abbrev   0x00000000     0x157a
 .debug_abbrev  0x00000000      0x20f ./src/I2CTest.o
 .debug_abbrev  0x0000020f      0x12a ./src/cr_startup_lpc175x_6x-FreeRTOS.o
 .debug_abbrev  0x00000339       0x38 ./src/crp.o
 .debug_abbrev  0x00000371      0x11c C:\Users\josee\Documents\ISEL\3_Ano-6_Semestre\SE2\CMSIS_CORE_LPC17xx\Debug\libCMSIS_CORE_LPC17xx.a(system_LPC17xx.o)
 .debug_abbrev  0x0000048d      0x276 C:\Users\josee\Documents\ISEL\3_Ano-6_Semestre\SE2\SE2021\Debug\libSE2021.a(EEPROM.o)
 .debug_abbrev  0x00000703      0x2bd C:\Users\josee\Documents\ISEL\3_Ano-6_Semestre\SE2\SE2021\Debug\libSE2021.a(i2c.o)
 .debug_abbrev  0x000009c0      0x196 C:\Users\josee\Documents\ISEL\3_Ano-6_Semestre\SE2\SE2021\Debug\libSE2021.a(wait.o)
 .debug_abbrev  0x00000b56      0x278 C:\Users\josee\Documents\ISEL\3_Ano-6_Semestre\SE2\FreeRTOS-Kernel\Debug\libFreeRTOS-Kernel.a(heap_4.o)
 .debug_abbrev  0x00000dce      0x20c C:\Users\josee\Documents\ISEL\3_Ano-6_Semestre\SE2\FreeRTOS-Kernel\Debug\libFreeRTOS-Kernel.a(port.o)
 .debug_abbrev  0x00000fda      0x3a9 C:\Users\josee\Documents\ISEL\3_Ano-6_Semestre\SE2\FreeRTOS-Kernel\Debug\libFreeRTOS-Kernel.a(tasks.o)
 .debug_abbrev  0x00001383      0x1f7 C:\Users\josee\Documents\ISEL\3_Ano-6_Semestre\SE2\FreeRTOS-Kernel\Debug\libFreeRTOS-Kernel.a(list.o)

.debug_aranges  0x00000000      0x268
 .debug_aranges
                0x00000000       0x38 ./src/I2CTest.o
 .debug_aranges
                0x00000038       0x80 ./src/cr_startup_lpc175x_6x-FreeRTOS.o
 .debug_aranges
                0x000000b8       0x18 ./src/crp.o
 .debug_aranges
                0x000000d0       0x28 C:\Users\josee\Documents\ISEL\3_Ano-6_Semestre\SE2\CMSIS_CORE_LPC17xx\Debug\libCMSIS_CORE_LPC17xx.a(system_LPC17xx.o)
 .debug_aranges
                0x000000f8       0x40 C:\Users\josee\Documents\ISEL\3_Ano-6_Semestre\SE2\SE2021\Debug\libSE2021.a(EEPROM.o)
 .debug_aranges
                0x00000138       0x78 C:\Users\josee\Documents\ISEL\3_Ano-6_Semestre\SE2\SE2021\Debug\libSE2021.a(i2c.o)
 .debug_aranges
                0x000001b0       0x38 C:\Users\josee\Documents\ISEL\3_Ano-6_Semestre\SE2\SE2021\Debug\libSE2021.a(wait.o)
 .debug_aranges
                0x000001e8       0x20 C:\Users\josee\Documents\ISEL\3_Ano-6_Semestre\SE2\FreeRTOS-Kernel\Debug\libFreeRTOS-Kernel.a(heap_4.o)
 .debug_aranges
                0x00000208       0x20 C:\Users\josee\Documents\ISEL\3_Ano-6_Semestre\SE2\FreeRTOS-Kernel\Debug\libFreeRTOS-Kernel.a(port.o)
 .debug_aranges
                0x00000228       0x20 C:\Users\josee\Documents\ISEL\3_Ano-6_Semestre\SE2\FreeRTOS-Kernel\Debug\libFreeRTOS-Kernel.a(tasks.o)
 .debug_aranges
                0x00000248       0x20 C:\Users\josee\Documents\ISEL\3_Ano-6_Semestre\SE2\FreeRTOS-Kernel\Debug\libFreeRTOS-Kernel.a(list.o)

.debug_ranges   0x00000000      0x170
 .debug_ranges  0x00000000       0x28 ./src/I2CTest.o
 .debug_ranges  0x00000028       0x70 ./src/cr_startup_lpc175x_6x-FreeRTOS.o
 .debug_ranges  0x00000098       0x18 C:\Users\josee\Documents\ISEL\3_Ano-6_Semestre\SE2\CMSIS_CORE_LPC17xx\Debug\libCMSIS_CORE_LPC17xx.a(system_LPC17xx.o)
 .debug_ranges  0x000000b0       0x30 C:\Users\josee\Documents\ISEL\3_Ano-6_Semestre\SE2\SE2021\Debug\libSE2021.a(EEPROM.o)
 .debug_ranges  0x000000e0       0x68 C:\Users\josee\Documents\ISEL\3_Ano-6_Semestre\SE2\SE2021\Debug\libSE2021.a(i2c.o)
 .debug_ranges  0x00000148       0x28 C:\Users\josee\Documents\ISEL\3_Ano-6_Semestre\SE2\SE2021\Debug\libSE2021.a(wait.o)

.debug_macro    0x00000000     0x6f17
 .debug_macro   0x00000000      0x153 ./src/I2CTest.o
 .debug_macro   0x00000153      0xab4 ./src/I2CTest.o
 .debug_macro   0x00000c07       0x1c ./src/I2CTest.o
 .debug_macro   0x00000c23       0x3a ./src/I2CTest.o
 .debug_macro   0x00000c5d       0x10 ./src/I2CTest.o
 .debug_macro   0x00000c6d      0x12e ./src/I2CTest.o
 .debug_macro   0x00000d9b      0x5b3 ./src/I2CTest.o
 .debug_macro   0x0000134e       0x2d ./src/I2CTest.o
 .debug_macro   0x0000137b      0xbb1 ./src/I2CTest.o
 .debug_macro   0x00001f2c      0x2c7 ./src/I2CTest.o
 .debug_macro   0x000021f3       0x16 ./src/I2CTest.o
 .debug_macro   0x00002209       0xe2 ./src/I2CTest.o
 .debug_macro   0x000022eb      0x15a ./src/I2CTest.o
 .debug_macro   0x00002445       0xe3 ./src/I2CTest.o
 .debug_macro   0x00002528       0x1c ./src/I2CTest.o
 .debug_macro   0x00002544       0x26 ./src/I2CTest.o
 .debug_macro   0x0000256a      0x4e8 ./src/I2CTest.o
 .debug_macro   0x00002a52       0xb5 ./src/I2CTest.o
 .debug_macro   0x00002b07       0xaa ./src/I2CTest.o
 .debug_macro   0x00002bb1       0x80 ./src/I2CTest.o
 .debug_macro   0x00002c31       0x9a ./src/I2CTest.o
 .debug_macro   0x00002ccb       0x1c ./src/I2CTest.o
 .debug_macro   0x00002ce7       0x22 ./src/I2CTest.o
 .debug_macro   0x00002d09       0x5e ./src/I2CTest.o
 .debug_macro   0x00002d67       0x16 ./src/I2CTest.o
 .debug_macro   0x00002d7d       0x1d ./src/cr_startup_lpc175x_6x-FreeRTOS.o
 .debug_macro   0x00002d9a       0x1a ./src/crp.o
 .debug_macro   0x00002db4       0x34 ./src/crp.o
 .debug_macro   0x00002de8      0x12d C:\Users\josee\Documents\ISEL\3_Ano-6_Semestre\SE2\CMSIS_CORE_LPC17xx\Debug\libCMSIS_CORE_LPC17xx.a(system_LPC17xx.o)
 .debug_macro   0x00002f15      0xaae C:\Users\josee\Documents\ISEL\3_Ano-6_Semestre\SE2\CMSIS_CORE_LPC17xx\Debug\libCMSIS_CORE_LPC17xx.a(system_LPC17xx.o)
 .debug_macro   0x000039c3      0x1dc C:\Users\josee\Documents\ISEL\3_Ano-6_Semestre\SE2\SE2021\Debug\libSE2021.a(EEPROM.o)
 .debug_macro   0x00003b9f      0xab4 C:\Users\josee\Documents\ISEL\3_Ano-6_Semestre\SE2\SE2021\Debug\libSE2021.a(EEPROM.o)
 .debug_macro   0x00004653       0x22 C:\Users\josee\Documents\ISEL\3_Ano-6_Semestre\SE2\SE2021\Debug\libSE2021.a(EEPROM.o)
 .debug_macro   0x00004675       0x8e C:\Users\josee\Documents\ISEL\3_Ano-6_Semestre\SE2\SE2021\Debug\libSE2021.a(EEPROM.o)
 .debug_macro   0x00004703       0x51 C:\Users\josee\Documents\ISEL\3_Ano-6_Semestre\SE2\SE2021\Debug\libSE2021.a(EEPROM.o)
 .debug_macro   0x00004754      0x103 C:\Users\josee\Documents\ISEL\3_Ano-6_Semestre\SE2\SE2021\Debug\libSE2021.a(EEPROM.o)
 .debug_macro   0x00004857       0x6a C:\Users\josee\Documents\ISEL\3_Ano-6_Semestre\SE2\SE2021\Debug\libSE2021.a(EEPROM.o)
 .debug_macro   0x000048c1      0x1df C:\Users\josee\Documents\ISEL\3_Ano-6_Semestre\SE2\SE2021\Debug\libSE2021.a(EEPROM.o)
 .debug_macro   0x00004aa0      0x174 C:\Users\josee\Documents\ISEL\3_Ano-6_Semestre\SE2\SE2021\Debug\libSE2021.a(EEPROM.o)
 .debug_macro   0x00004c14       0xe2 C:\Users\josee\Documents\ISEL\3_Ano-6_Semestre\SE2\SE2021\Debug\libSE2021.a(EEPROM.o)
 .debug_macro   0x00004cf6       0x22 C:\Users\josee\Documents\ISEL\3_Ano-6_Semestre\SE2\SE2021\Debug\libSE2021.a(EEPROM.o)
 .debug_macro   0x00004d18       0x18 C:\Users\josee\Documents\ISEL\3_Ano-6_Semestre\SE2\SE2021\Debug\libSE2021.a(EEPROM.o)
 .debug_macro   0x00004d30       0x64 C:\Users\josee\Documents\ISEL\3_Ano-6_Semestre\SE2\SE2021\Debug\libSE2021.a(EEPROM.o)
 .debug_macro   0x00004d94       0x35 C:\Users\josee\Documents\ISEL\3_Ano-6_Semestre\SE2\SE2021\Debug\libSE2021.a(EEPROM.o)
 .debug_macro   0x00004dc9       0x34 C:\Users\josee\Documents\ISEL\3_Ano-6_Semestre\SE2\SE2021\Debug\libSE2021.a(EEPROM.o)
 .debug_macro   0x00004dfd       0x16 C:\Users\josee\Documents\ISEL\3_Ano-6_Semestre\SE2\SE2021\Debug\libSE2021.a(EEPROM.o)
 .debug_macro   0x00004e13       0x35 C:\Users\josee\Documents\ISEL\3_Ano-6_Semestre\SE2\SE2021\Debug\libSE2021.a(EEPROM.o)
 .debug_macro   0x00004e48       0x16 C:\Users\josee\Documents\ISEL\3_Ano-6_Semestre\SE2\SE2021\Debug\libSE2021.a(EEPROM.o)
 .debug_macro   0x00004e5e       0x43 C:\Users\josee\Documents\ISEL\3_Ano-6_Semestre\SE2\SE2021\Debug\libSE2021.a(EEPROM.o)
 .debug_macro   0x00004ea1       0x34 C:\Users\josee\Documents\ISEL\3_Ano-6_Semestre\SE2\SE2021\Debug\libSE2021.a(EEPROM.o)
 .debug_macro   0x00004ed5       0x10 C:\Users\josee\Documents\ISEL\3_Ano-6_Semestre\SE2\SE2021\Debug\libSE2021.a(EEPROM.o)
 .debug_macro   0x00004ee5       0x58 C:\Users\josee\Documents\ISEL\3_Ano-6_Semestre\SE2\SE2021\Debug\libSE2021.a(EEPROM.o)
 .debug_macro   0x00004f3d      0x182 C:\Users\josee\Documents\ISEL\3_Ano-6_Semestre\SE2\SE2021\Debug\libSE2021.a(EEPROM.o)
 .debug_macro   0x000050bf      0x339 C:\Users\josee\Documents\ISEL\3_Ano-6_Semestre\SE2\SE2021\Debug\libSE2021.a(EEPROM.o)
 .debug_macro   0x000053f8       0x16 C:\Users\josee\Documents\ISEL\3_Ano-6_Semestre\SE2\SE2021\Debug\libSE2021.a(EEPROM.o)
 .debug_macro   0x0000540e       0x29 C:\Users\josee\Documents\ISEL\3_Ano-6_Semestre\SE2\SE2021\Debug\libSE2021.a(EEPROM.o)
 .debug_macro   0x00005437       0xb7 C:\Users\josee\Documents\ISEL\3_Ano-6_Semestre\SE2\SE2021\Debug\libSE2021.a(i2c.o)
 .debug_macro   0x000054ee      0x11c C:\Users\josee\Documents\ISEL\3_Ano-6_Semestre\SE2\SE2021\Debug\libSE2021.a(wait.o)
 .debug_macro   0x0000560a      0x1ef C:\Users\josee\Documents\ISEL\3_Ano-6_Semestre\SE2\FreeRTOS-Kernel\Debug\libFreeRTOS-Kernel.a(heap_4.o)
 .debug_macro   0x000057f9      0xa96 C:\Users\josee\Documents\ISEL\3_Ano-6_Semestre\SE2\FreeRTOS-Kernel\Debug\libFreeRTOS-Kernel.a(heap_4.o)
 .debug_macro   0x0000628f       0x4c C:\Users\josee\Documents\ISEL\3_Ano-6_Semestre\SE2\FreeRTOS-Kernel\Debug\libFreeRTOS-Kernel.a(heap_4.o)
 .debug_macro   0x000062db       0x94 C:\Users\josee\Documents\ISEL\3_Ano-6_Semestre\SE2\FreeRTOS-Kernel\Debug\libFreeRTOS-Kernel.a(heap_4.o)
 .debug_macro   0x0000636f       0x3c C:\Users\josee\Documents\ISEL\3_Ano-6_Semestre\SE2\FreeRTOS-Kernel\Debug\libFreeRTOS-Kernel.a(heap_4.o)
 .debug_macro   0x000063ab      0x10e C:\Users\josee\Documents\ISEL\3_Ano-6_Semestre\SE2\FreeRTOS-Kernel\Debug\libFreeRTOS-Kernel.a(heap_4.o)
 .debug_macro   0x000064b9       0x8d C:\Users\josee\Documents\ISEL\3_Ano-6_Semestre\SE2\FreeRTOS-Kernel\Debug\libFreeRTOS-Kernel.a(heap_4.o)
 .debug_macro   0x00006546       0x57 C:\Users\josee\Documents\ISEL\3_Ano-6_Semestre\SE2\FreeRTOS-Kernel\Debug\libFreeRTOS-Kernel.a(heap_4.o)
 .debug_macro   0x0000659d       0x71 C:\Users\josee\Documents\ISEL\3_Ano-6_Semestre\SE2\FreeRTOS-Kernel\Debug\libFreeRTOS-Kernel.a(heap_4.o)
 .debug_macro   0x0000660e       0x1c C:\Users\josee\Documents\ISEL\3_Ano-6_Semestre\SE2\FreeRTOS-Kernel\Debug\libFreeRTOS-Kernel.a(heap_4.o)
 .debug_macro   0x0000662a      0x12a C:\Users\josee\Documents\ISEL\3_Ano-6_Semestre\SE2\FreeRTOS-Kernel\Debug\libFreeRTOS-Kernel.a(heap_4.o)
 .debug_macro   0x00006754       0xdc C:\Users\josee\Documents\ISEL\3_Ano-6_Semestre\SE2\FreeRTOS-Kernel\Debug\libFreeRTOS-Kernel.a(heap_4.o)
 .debug_macro   0x00006830      0x1b3 C:\Users\josee\Documents\ISEL\3_Ano-6_Semestre\SE2\FreeRTOS-Kernel\Debug\libFreeRTOS-Kernel.a(port.o)
 .debug_macro   0x000069e3      0x2b5 C:\Users\josee\Documents\ISEL\3_Ano-6_Semestre\SE2\FreeRTOS-Kernel\Debug\libFreeRTOS-Kernel.a(tasks.o)
 .debug_macro   0x00006c98       0x16 C:\Users\josee\Documents\ISEL\3_Ano-6_Semestre\SE2\FreeRTOS-Kernel\Debug\libFreeRTOS-Kernel.a(tasks.o)
 .debug_macro   0x00006cae       0x91 C:\Users\josee\Documents\ISEL\3_Ano-6_Semestre\SE2\FreeRTOS-Kernel\Debug\libFreeRTOS-Kernel.a(tasks.o)
 .debug_macro   0x00006d3f       0x10 C:\Users\josee\Documents\ISEL\3_Ano-6_Semestre\SE2\FreeRTOS-Kernel\Debug\libFreeRTOS-Kernel.a(tasks.o)
 .debug_macro   0x00006d4f      0x1c8 C:\Users\josee\Documents\ISEL\3_Ano-6_Semestre\SE2\FreeRTOS-Kernel\Debug\libFreeRTOS-Kernel.a(list.o)

.debug_line     0x00000000     0x4392
 .debug_line    0x00000000      0x4d8 ./src/I2CTest.o
 .debug_line    0x000004d8      0x169 ./src/cr_startup_lpc175x_6x-FreeRTOS.o
 .debug_line    0x00000641       0xad ./src/crp.o
 .debug_line    0x000006ee      0x473 C:\Users\josee\Documents\ISEL\3_Ano-6_Semestre\SE2\CMSIS_CORE_LPC17xx\Debug\libCMSIS_CORE_LPC17xx.a(system_LPC17xx.o)
 .debug_line    0x00000b61      0x642 C:\Users\josee\Documents\ISEL\3_Ano-6_Semestre\SE2\SE2021\Debug\libSE2021.a(EEPROM.o)
 .debug_line    0x000011a3      0x6fd C:\Users\josee\Documents\ISEL\3_Ano-6_Semestre\SE2\SE2021\Debug\libSE2021.a(i2c.o)
 .debug_line    0x000018a0      0x4dc C:\Users\josee\Documents\ISEL\3_Ano-6_Semestre\SE2\SE2021\Debug\libSE2021.a(wait.o)
 .debug_line    0x00001d7c      0x77c C:\Users\josee\Documents\ISEL\3_Ano-6_Semestre\SE2\FreeRTOS-Kernel\Debug\libFreeRTOS-Kernel.a(heap_4.o)
 .debug_line    0x000024f8      0x545 C:\Users\josee\Documents\ISEL\3_Ano-6_Semestre\SE2\FreeRTOS-Kernel\Debug\libFreeRTOS-Kernel.a(port.o)
 .debug_line    0x00002a3d     0x135c C:\Users\josee\Documents\ISEL\3_Ano-6_Semestre\SE2\FreeRTOS-Kernel\Debug\libFreeRTOS-Kernel.a(tasks.o)
 .debug_line    0x00003d99      0x5f9 C:\Users\josee\Documents\ISEL\3_Ano-6_Semestre\SE2\FreeRTOS-Kernel\Debug\libFreeRTOS-Kernel.a(list.o)

.debug_str      0x00000000    0x16d22
 .debug_str     0x00000000     0xe97e ./src/I2CTest.o
                               0xea56 (size before relaxing)
 .debug_str     0x0000e97e      0x1df ./src/cr_startup_lpc175x_6x-FreeRTOS.o
                               0x2fbb (size before relaxing)
 .debug_str     0x0000eb5d      0x106 ./src/crp.o
                               0x2e9b (size before relaxing)
 .debug_str     0x0000ec63      0x402 C:\Users\josee\Documents\ISEL\3_Ano-6_Semestre\SE2\CMSIS_CORE_LPC17xx\Debug\libCMSIS_CORE_LPC17xx.a(system_LPC17xx.o)
                               0xa226 (size before relaxing)
 .debug_str     0x0000f065     0x3d4e C:\Users\josee\Documents\ISEL\3_Ano-6_Semestre\SE2\SE2021\Debug\libSE2021.a(EEPROM.o)
                               0xf75d (size before relaxing)
 .debug_str     0x00012db3      0x50c C:\Users\josee\Documents\ISEL\3_Ano-6_Semestre\SE2\SE2021\Debug\libSE2021.a(i2c.o)
                               0x9e64 (size before relaxing)
 .debug_str     0x000132bf       0x87 C:\Users\josee\Documents\ISEL\3_Ano-6_Semestre\SE2\SE2021\Debug\libSE2021.a(wait.o)
                               0xd83e (size before relaxing)
 .debug_str     0x00013346     0x15cb C:\Users\josee\Documents\ISEL\3_Ano-6_Semestre\SE2\FreeRTOS-Kernel\Debug\libFreeRTOS-Kernel.a(heap_4.o)
                              0x10c1f (size before relaxing)
 .debug_str     0x00014911      0x68c C:\Users\josee\Documents\ISEL\3_Ano-6_Semestre\SE2\FreeRTOS-Kernel\Debug\libFreeRTOS-Kernel.a(port.o)
                               0xdc97 (size before relaxing)
 .debug_str     0x00014f9d     0x1cf5 C:\Users\josee\Documents\ISEL\3_Ano-6_Semestre\SE2\FreeRTOS-Kernel\Debug\libFreeRTOS-Kernel.a(tasks.o)
                              0x1279c (size before relaxing)
 .debug_str     0x00016c92       0x90 C:\Users\josee\Documents\ISEL\3_Ano-6_Semestre\SE2\FreeRTOS-Kernel\Debug\libFreeRTOS-Kernel.a(list.o)
                              0x1034b (size before relaxing)

.comment        0x00000000       0x4c
 .comment       0x00000000       0x4c ./src/I2CTest.o
                                 0x4d (size before relaxing)
 .comment       0x0000004c       0x4d ./src/cr_startup_lpc175x_6x-FreeRTOS.o
 .comment       0x0000004c       0x4d ./src/crp.o
 .comment       0x0000004c       0x4d C:\Users\josee\Documents\ISEL\3_Ano-6_Semestre\SE2\CMSIS_CORE_LPC17xx\Debug\libCMSIS_CORE_LPC17xx.a(system_LPC17xx.o)
 .comment       0x0000004c       0x4d C:\Users\josee\Documents\ISEL\3_Ano-6_Semestre\SE2\SE2021\Debug\libSE2021.a(EEPROM.o)
 .comment       0x0000004c       0x4d C:\Users\josee\Documents\ISEL\3_Ano-6_Semestre\SE2\SE2021\Debug\libSE2021.a(i2c.o)
 .comment       0x0000004c       0x4d C:\Users\josee\Documents\ISEL\3_Ano-6_Semestre\SE2\SE2021\Debug\libSE2021.a(wait.o)
 .comment       0x0000004c       0x4d C:\Users\josee\Documents\ISEL\3_Ano-6_Semestre\SE2\FreeRTOS-Kernel\Debug\libFreeRTOS-Kernel.a(heap_4.o)
 .comment       0x0000004c       0x4d C:\Users\josee\Documents\ISEL\3_Ano-6_Semestre\SE2\FreeRTOS-Kernel\Debug\libFreeRTOS-Kernel.a(port.o)
 .comment       0x0000004c       0x4d C:\Users\josee\Documents\ISEL\3_Ano-6_Semestre\SE2\FreeRTOS-Kernel\Debug\libFreeRTOS-Kernel.a(tasks.o)
 .comment       0x0000004c       0x4d C:\Users\josee\Documents\ISEL\3_Ano-6_Semestre\SE2\FreeRTOS-Kernel\Debug\libFreeRTOS-Kernel.a(list.o)
 .comment       0x0000004c       0x4d c:/nxp/mcuxpressoide_11.3.1_5262/ide/plugins/com.nxp.mcuxpresso.tools.win32_11.3.0.202008311133/tools/bin/../lib/gcc/arm-none-eabi/9.3.1/../../../../arm-none-eabi/lib/thumb/v7-m/nofp\libcr_semihost.a(_cr__main.o)
 .comment       0x0000004c       0x4d c:/nxp/mcuxpressoide_11.3.1_5262/ide/plugins/com.nxp.mcuxpresso.tools.win32_11.3.0.202008311133/tools/bin/../lib/gcc/arm-none-eabi/9.3.1/../../../../arm-none-eabi/lib/thumb/v7-m/nofp\libcr_c.a(memcpy.o)
 .comment       0x0000004c       0x4d c:/nxp/mcuxpressoide_11.3.1_5262/ide/plugins/com.nxp.mcuxpresso.tools.win32_11.3.0.202008311133/tools/bin/../lib/gcc/arm-none-eabi/9.3.1/../../../../arm-none-eabi/lib/thumb/v7-m/nofp\libcr_c.a(memset.o)
 .comment       0x0000004c       0x4d c:/nxp/mcuxpressoide_11.3.1_5262/ide/plugins/com.nxp.mcuxpresso.tools.win32_11.3.0.202008311133/tools/bin/../lib/gcc/arm-none-eabi/9.3.1/../../../../arm-none-eabi/lib/thumb/v7-m/nofp\libcr_c.a(initio.o)
 .comment       0x0000004c       0x4d c:/nxp/mcuxpressoide_11.3.1_5262/ide/plugins/com.nxp.mcuxpresso.tools.win32_11.3.0.202008311133/tools/bin/../lib/gcc/arm-none-eabi/9.3.1/../../../../arm-none-eabi/lib/thumb/v7-m/nofp\libcr_c.a(setvbuf.o)
 .comment       0x0000004c       0x4d c:/nxp/mcuxpressoide_11.3.1_5262/ide/plugins/com.nxp.mcuxpresso.tools.win32_11.3.0.202008311133/tools/bin/../lib/gcc/arm-none-eabi/9.3.1/../../../../arm-none-eabi/lib/thumb/v7-m/nofp\libcr_c.a(_fdopen.o)
 .comment       0x0000004c       0x4d c:/nxp/mcuxpressoide_11.3.1_5262/ide/plugins/com.nxp.mcuxpresso.tools.win32_11.3.0.202008311133/tools/bin/../lib/gcc/arm-none-eabi/9.3.1/../../../../arm-none-eabi/lib/thumb/v7-m/nofp\libcr_c.a(fclose.o)
 .comment       0x0000004c       0x4d c:/nxp/mcuxpressoide_11.3.1_5262/ide/plugins/com.nxp.mcuxpresso.tools.win32_11.3.0.202008311133/tools/bin/../lib/gcc/arm-none-eabi/9.3.1/../../../../arm-none-eabi/lib/thumb/v7-m/nofp\libcr_c.a(fflush.o)
 .comment       0x0000004c       0x4d c:/nxp/mcuxpressoide_11.3.1_5262/ide/plugins/com.nxp.mcuxpresso.tools.win32_11.3.0.202008311133/tools/bin/../lib/gcc/arm-none-eabi/9.3.1/../../../../arm-none-eabi/lib/thumb/v7-m/nofp\libcr_c.a(fseek.o)
 .comment       0x0000004c       0x4d c:/nxp/mcuxpressoide_11.3.1_5262/ide/plugins/com.nxp.mcuxpresso.tools.win32_11.3.0.202008311133/tools/bin/../lib/gcc/arm-none-eabi/9.3.1/../../../../arm-none-eabi/lib/thumb/v7-m/nofp\libcr_c.a(ftell.o)
 .comment       0x0000004c       0x4d c:/nxp/mcuxpressoide_11.3.1_5262/ide/plugins/com.nxp.mcuxpresso.tools.win32_11.3.0.202008311133/tools/bin/../lib/gcc/arm-none-eabi/9.3.1/../../../../arm-none-eabi/lib/thumb/v7-m/nofp\libcr_c.a(remove.o)
 .comment       0x0000004c       0x4d c:/nxp/mcuxpressoide_11.3.1_5262/ide/plugins/com.nxp.mcuxpresso.tools.win32_11.3.0.202008311133/tools/bin/../lib/gcc/arm-none-eabi/9.3.1/../../../../arm-none-eabi/lib/thumb/v7-m/nofp\libcr_c.a(strlen.o)
 .comment       0x0000004c       0x4d c:/nxp/mcuxpressoide_11.3.1_5262/ide/plugins/com.nxp.mcuxpresso.tools.win32_11.3.0.202008311133/tools/bin/../lib/gcc/arm-none-eabi/9.3.1/../../../../arm-none-eabi/lib/thumb/v7-m/nofp\libcr_c.a(_do_fflush.o)
 .comment       0x0000004c       0x4d c:/nxp/mcuxpressoide_11.3.1_5262/ide/plugins/com.nxp.mcuxpresso.tools.win32_11.3.0.202008311133/tools/bin/../lib/gcc/arm-none-eabi/9.3.1/../../../../arm-none-eabi/lib/thumb/v7-m/nofp\libcr_c.a(_fflush.o)
 .comment       0x0000004c       0x4d c:/nxp/mcuxpressoide_11.3.1_5262/ide/plugins/com.nxp.mcuxpresso.tools.win32_11.3.0.202008311133/tools/bin/../lib/gcc/arm-none-eabi/9.3.1/../../../../arm-none-eabi/lib/thumb/v7-m/nofp\libcr_c.a(_writebuf.o)
 .comment       0x0000004c       0x4d c:/nxp/mcuxpressoide_11.3.1_5262/ide/plugins/com.nxp.mcuxpresso.tools.win32_11.3.0.202008311133/tools/bin/../lib/gcc/arm-none-eabi/9.3.1/../../../../arm-none-eabi/lib/thumb/v7-m/nofp\libcr_c.a(alloc.o)
 .comment       0x0000004c       0x4d c:/nxp/mcuxpressoide_11.3.1_5262/ide/plugins/com.nxp.mcuxpresso.tools.win32_11.3.0.202008311133/tools/bin/../lib/gcc/arm-none-eabi/9.3.1/../../../../arm-none-eabi/lib/thumb/v7-m/nofp\libcr_c.a(errno.o)
 .comment       0x0000004c       0x4d c:/nxp/mcuxpressoide_11.3.1_5262/ide/plugins/com.nxp.mcuxpresso.tools.win32_11.3.0.202008311133/tools/bin/../lib/gcc/arm-none-eabi/9.3.1/../../../../arm-none-eabi/lib/thumb/v7-m/nofp\libcr_c.a(_deferredlazyseek.o)
 .comment       0x0000004c       0x4d c:/nxp/mcuxpressoide_11.3.1_5262/ide/plugins/com.nxp.mcuxpresso.tools.win32_11.3.0.202008311133/tools/bin/../lib/gcc/arm-none-eabi/9.3.1/thumb/v7-m/nofp\libcr_eabihelpers.a(float.o)
 .comment       0x0000004c       0x4d c:/nxp/mcuxpressoide_11.3.1_5262/ide/plugins/com.nxp.mcuxpresso.tools.win32_11.3.0.202008311133/tools/bin/../lib/gcc/arm-none-eabi/9.3.1/../../../../arm-none-eabi/lib/thumb/v7-m/nofp\libcr_semihost.a(__ciob.o)

.ARM.attributes
                0x00000000       0x2b
 .ARM.attributes
                0x00000000       0x2d ./src/I2CTest.o
 .ARM.attributes
                0x0000002d       0x2d ./src/cr_startup_lpc175x_6x-FreeRTOS.o
 .ARM.attributes
                0x0000005a       0x33 ./src/crp.o
 .ARM.attributes
                0x0000008d       0x2d C:\Users\josee\Documents\ISEL\3_Ano-6_Semestre\SE2\CMSIS_CORE_LPC17xx\Debug\libCMSIS_CORE_LPC17xx.a(system_LPC17xx.o)
 .ARM.attributes
                0x000000ba       0x2d C:\Users\josee\Documents\ISEL\3_Ano-6_Semestre\SE2\SE2021\Debug\libSE2021.a(EEPROM.o)
 .ARM.attributes
                0x000000e7       0x2d C:\Users\josee\Documents\ISEL\3_Ano-6_Semestre\SE2\SE2021\Debug\libSE2021.a(i2c.o)
 .ARM.attributes
                0x00000114       0x2d C:\Users\josee\Documents\ISEL\3_Ano-6_Semestre\SE2\SE2021\Debug\libSE2021.a(wait.o)
 .ARM.attributes
                0x00000141       0x2d C:\Users\josee\Documents\ISEL\3_Ano-6_Semestre\SE2\FreeRTOS-Kernel\Debug\libFreeRTOS-Kernel.a(heap_4.o)
 .ARM.attributes
                0x0000016e       0x2d C:\Users\josee\Documents\ISEL\3_Ano-6_Semestre\SE2\FreeRTOS-Kernel\Debug\libFreeRTOS-Kernel.a(port.o)
 .ARM.attributes
                0x0000019b       0x2d C:\Users\josee\Documents\ISEL\3_Ano-6_Semestre\SE2\FreeRTOS-Kernel\Debug\libFreeRTOS-Kernel.a(tasks.o)
 .ARM.attributes
                0x000001c8       0x2d C:\Users\josee\Documents\ISEL\3_Ano-6_Semestre\SE2\FreeRTOS-Kernel\Debug\libFreeRTOS-Kernel.a(list.o)
 .ARM.attributes
                0x000001f5       0x2d c:/nxp/mcuxpressoide_11.3.1_5262/ide/plugins/com.nxp.mcuxpresso.tools.win32_11.3.0.202008311133/tools/bin/../lib/gcc/arm-none-eabi/9.3.1/../../../../arm-none-eabi/lib/thumb/v7-m/nofp\libcr_semihost.a(_cr__main.o)
 .ARM.attributes
                0x00000222       0x2d c:/nxp/mcuxpressoide_11.3.1_5262/ide/plugins/com.nxp.mcuxpresso.tools.win32_11.3.0.202008311133/tools/bin/../lib/gcc/arm-none-eabi/9.3.1/../../../../arm-none-eabi/lib/thumb/v7-m/nofp\libcr_c.a(memcpy.o)
 .ARM.attributes
                0x0000024f       0x2d c:/nxp/mcuxpressoide_11.3.1_5262/ide/plugins/com.nxp.mcuxpresso.tools.win32_11.3.0.202008311133/tools/bin/../lib/gcc/arm-none-eabi/9.3.1/../../../../arm-none-eabi/lib/thumb/v7-m/nofp\libcr_c.a(memset.o)
 .ARM.attributes
                0x0000027c       0x2d c:/nxp/mcuxpressoide_11.3.1_5262/ide/plugins/com.nxp.mcuxpresso.tools.win32_11.3.0.202008311133/tools/bin/../lib/gcc/arm-none-eabi/9.3.1/../../../../arm-none-eabi/lib/thumb/v7-m/nofp\libcr_c.a(initio.o)
 .ARM.attributes
                0x000002a9       0x2d c:/nxp/mcuxpressoide_11.3.1_5262/ide/plugins/com.nxp.mcuxpresso.tools.win32_11.3.0.202008311133/tools/bin/../lib/gcc/arm-none-eabi/9.3.1/../../../../arm-none-eabi/lib/thumb/v7-m/nofp\libcr_c.a(setvbuf.o)
 .ARM.attributes
                0x000002d6       0x2d c:/nxp/mcuxpressoide_11.3.1_5262/ide/plugins/com.nxp.mcuxpresso.tools.win32_11.3.0.202008311133/tools/bin/../lib/gcc/arm-none-eabi/9.3.1/../../../../arm-none-eabi/lib/thumb/v7-m/nofp\libcr_c.a(_fdopen.o)
 .ARM.attributes
                0x00000303       0x2d c:/nxp/mcuxpressoide_11.3.1_5262/ide/plugins/com.nxp.mcuxpresso.tools.win32_11.3.0.202008311133/tools/bin/../lib/gcc/arm-none-eabi/9.3.1/../../../../arm-none-eabi/lib/thumb/v7-m/nofp\libcr_c.a(fclose.o)
 .ARM.attributes
                0x00000330       0x2d c:/nxp/mcuxpressoide_11.3.1_5262/ide/plugins/com.nxp.mcuxpresso.tools.win32_11.3.0.202008311133/tools/bin/../lib/gcc/arm-none-eabi/9.3.1/../../../../arm-none-eabi/lib/thumb/v7-m/nofp\libcr_c.a(fflush.o)
 .ARM.attributes
                0x0000035d       0x2d c:/nxp/mcuxpressoide_11.3.1_5262/ide/plugins/com.nxp.mcuxpresso.tools.win32_11.3.0.202008311133/tools/bin/../lib/gcc/arm-none-eabi/9.3.1/../../../../arm-none-eabi/lib/thumb/v7-m/nofp\libcr_c.a(fseek.o)
 .ARM.attributes
                0x0000038a       0x2d c:/nxp/mcuxpressoide_11.3.1_5262/ide/plugins/com.nxp.mcuxpresso.tools.win32_11.3.0.202008311133/tools/bin/../lib/gcc/arm-none-eabi/9.3.1/../../../../arm-none-eabi/lib/thumb/v7-m/nofp\libcr_c.a(ftell.o)
 .ARM.attributes
                0x000003b7       0x2d c:/nxp/mcuxpressoide_11.3.1_5262/ide/plugins/com.nxp.mcuxpresso.tools.win32_11.3.0.202008311133/tools/bin/../lib/gcc/arm-none-eabi/9.3.1/../../../../arm-none-eabi/lib/thumb/v7-m/nofp\libcr_c.a(remove.o)
 .ARM.attributes
                0x000003e4       0x2d c:/nxp/mcuxpressoide_11.3.1_5262/ide/plugins/com.nxp.mcuxpresso.tools.win32_11.3.0.202008311133/tools/bin/../lib/gcc/arm-none-eabi/9.3.1/../../../../arm-none-eabi/lib/thumb/v7-m/nofp\libcr_c.a(strlen.o)
 .ARM.attributes
                0x00000411       0x2d c:/nxp/mcuxpressoide_11.3.1_5262/ide/plugins/com.nxp.mcuxpresso.tools.win32_11.3.0.202008311133/tools/bin/../lib/gcc/arm-none-eabi/9.3.1/../../../../arm-none-eabi/lib/thumb/v7-m/nofp\libcr_c.a(_do_fflush.o)
 .ARM.attributes
                0x0000043e       0x2d c:/nxp/mcuxpressoide_11.3.1_5262/ide/plugins/com.nxp.mcuxpresso.tools.win32_11.3.0.202008311133/tools/bin/../lib/gcc/arm-none-eabi/9.3.1/../../../../arm-none-eabi/lib/thumb/v7-m/nofp\libcr_c.a(_fflush.o)
 .ARM.attributes
                0x0000046b       0x2d c:/nxp/mcuxpressoide_11.3.1_5262/ide/plugins/com.nxp.mcuxpresso.tools.win32_11.3.0.202008311133/tools/bin/../lib/gcc/arm-none-eabi/9.3.1/../../../../arm-none-eabi/lib/thumb/v7-m/nofp\libcr_c.a(_writebuf.o)
 .ARM.attributes
                0x00000498       0x2d c:/nxp/mcuxpressoide_11.3.1_5262/ide/plugins/com.nxp.mcuxpresso.tools.win32_11.3.0.202008311133/tools/bin/../lib/gcc/arm-none-eabi/9.3.1/../../../../arm-none-eabi/lib/thumb/v7-m/nofp\libcr_c.a(alloc.o)
 .ARM.attributes
                0x000004c5       0x33 c:/nxp/mcuxpressoide_11.3.1_5262/ide/plugins/com.nxp.mcuxpresso.tools.win32_11.3.0.202008311133/tools/bin/../lib/gcc/arm-none-eabi/9.3.1/../../../../arm-none-eabi/lib/thumb/v7-m/nofp\libcr_c.a(errno.o)
 .ARM.attributes
                0x000004f8       0x2d c:/nxp/mcuxpressoide_11.3.1_5262/ide/plugins/com.nxp.mcuxpresso.tools.win32_11.3.0.202008311133/tools/bin/../lib/gcc/arm-none-eabi/9.3.1/../../../../arm-none-eabi/lib/thumb/v7-m/nofp\libcr_c.a(_deferredlazyseek.o)
 .ARM.attributes
                0x00000525       0x2d c:/nxp/mcuxpressoide_11.3.1_5262/ide/plugins/com.nxp.mcuxpresso.tools.win32_11.3.0.202008311133/tools/bin/../lib/gcc/arm-none-eabi/9.3.1/thumb/v7-m/nofp\libcr_eabihelpers.a(float.o)
 .ARM.attributes
                0x00000552       0x1b c:/nxp/mcuxpressoide_11.3.1_5262/ide/plugins/com.nxp.mcuxpresso.tools.win32_11.3.0.202008311133/tools/bin/../lib/gcc/arm-none-eabi/9.3.1/thumb/v7-m/nofp\libcr_eabihelpers.a(memcpy.o)
 .ARM.attributes
                0x0000056d       0x33 c:/nxp/mcuxpressoide_11.3.1_5262/ide/plugins/com.nxp.mcuxpresso.tools.win32_11.3.0.202008311133/tools/bin/../lib/gcc/arm-none-eabi/9.3.1/../../../../arm-none-eabi/lib/thumb/v7-m/nofp\libcr_semihost.a(__ciob.o)
 .ARM.attributes
                0x000005a0       0x1b c:/nxp/mcuxpressoide_11.3.1_5262/ide/plugins/com.nxp.mcuxpresso.tools.win32_11.3.0.202008311133/tools/bin/../lib/gcc/arm-none-eabi/9.3.1/../../../../arm-none-eabi/lib/thumb/v7-m/nofp\libcr_semihost.a(__sys_close.o)
 .ARM.attributes
                0x000005bb       0x1b c:/nxp/mcuxpressoide_11.3.1_5262/ide/plugins/com.nxp.mcuxpresso.tools.win32_11.3.0.202008311133/tools/bin/../lib/gcc/arm-none-eabi/9.3.1/../../../../arm-none-eabi/lib/thumb/v7-m/nofp\libcr_semihost.a(__sys_flen.o)
 .ARM.attributes
                0x000005d6       0x1b c:/nxp/mcuxpressoide_11.3.1_5262/ide/plugins/com.nxp.mcuxpresso.tools.win32_11.3.0.202008311133/tools/bin/../lib/gcc/arm-none-eabi/9.3.1/../../../../arm-none-eabi/lib/thumb/v7-m/nofp\libcr_semihost.a(__sys_istty.o)
 .ARM.attributes
                0x000005f1       0x1b c:/nxp/mcuxpressoide_11.3.1_5262/ide/plugins/com.nxp.mcuxpresso.tools.win32_11.3.0.202008311133/tools/bin/../lib/gcc/arm-none-eabi/9.3.1/../../../../arm-none-eabi/lib/thumb/v7-m/nofp\libcr_semihost.a(__sys_remove.o)
 .ARM.attributes
                0x0000060c       0x1b c:/nxp/mcuxpressoide_11.3.1_5262/ide/plugins/com.nxp.mcuxpresso.tools.win32_11.3.0.202008311133/tools/bin/../lib/gcc/arm-none-eabi/9.3.1/../../../../arm-none-eabi/lib/thumb/v7-m/nofp\libcr_semihost.a(__sys_seek.o)
 .ARM.attributes
                0x00000627       0x1b c:/nxp/mcuxpressoide_11.3.1_5262/ide/plugins/com.nxp.mcuxpresso.tools.win32_11.3.0.202008311133/tools/bin/../lib/gcc/arm-none-eabi/9.3.1/../../../../arm-none-eabi/lib/thumb/v7-m/nofp\libcr_semihost.a(__sys_tmpnam.o)
 .ARM.attributes
                0x00000642       0x1b c:/nxp/mcuxpressoide_11.3.1_5262/ide/plugins/com.nxp.mcuxpresso.tools.win32_11.3.0.202008311133/tools/bin/../lib/gcc/arm-none-eabi/9.3.1/../../../../arm-none-eabi/lib/thumb/v7-m/nofp\libcr_semihost.a(__sys_write.o)

.debug_frame    0x00000000     0x1118
 .debug_frame   0x00000000       0x9c ./src/I2CTest.o
 .debug_frame   0x0000009c      0x170 ./src/cr_startup_lpc175x_6x-FreeRTOS.o
 .debug_frame   0x0000020c       0x3c C:\Users\josee\Documents\ISEL\3_Ano-6_Semestre\SE2\CMSIS_CORE_LPC17xx\Debug\libCMSIS_CORE_LPC17xx.a(system_LPC17xx.o)
 .debug_frame   0x00000248       0xc8 C:\Users\josee\Documents\ISEL\3_Ano-6_Semestre\SE2\SE2021\Debug\libSE2021.a(EEPROM.o)
 .debug_frame   0x00000310      0x1b8 C:\Users\josee\Documents\ISEL\3_Ano-6_Semestre\SE2\SE2021\Debug\libSE2021.a(i2c.o)
 .debug_frame   0x000004c8       0xa0 C:\Users\josee\Documents\ISEL\3_Ano-6_Semestre\SE2\SE2021\Debug\libSE2021.a(wait.o)
 .debug_frame   0x00000568      0x12c C:\Users\josee\Documents\ISEL\3_Ano-6_Semestre\SE2\FreeRTOS-Kernel\Debug\libFreeRTOS-Kernel.a(heap_4.o)
 .debug_frame   0x00000694      0x160 C:\Users\josee\Documents\ISEL\3_Ano-6_Semestre\SE2\FreeRTOS-Kernel\Debug\libFreeRTOS-Kernel.a(port.o)
 .debug_frame   0x000007f4      0x84c C:\Users\josee\Documents\ISEL\3_Ano-6_Semestre\SE2\FreeRTOS-Kernel\Debug\libFreeRTOS-Kernel.a(tasks.o)
 .debug_frame   0x00001040       0xd8 C:\Users\josee\Documents\ISEL\3_Ano-6_Semestre\SE2\FreeRTOS-Kernel\Debug\libFreeRTOS-Kernel.a(list.o)

Cross Reference Table

Symbol                                            File
ADC_IRQHandler                                    ./src/cr_startup_lpc175x_6x-FreeRTOS.o
BOD_IRQHandler                                    ./src/cr_startup_lpc175x_6x-FreeRTOS.o
BusFault_Handler                                  ./src/cr_startup_lpc175x_6x-FreeRTOS.o
CANActivity_IRQHandler                            ./src/cr_startup_lpc175x_6x-FreeRTOS.o
CAN_IRQHandler                                    ./src/cr_startup_lpc175x_6x-FreeRTOS.o
CRP_WORD                                          ./src/crp.o
DMA_IRQHandler                                    ./src/cr_startup_lpc175x_6x-FreeRTOS.o
DebugMon_Handler                                  ./src/cr_startup_lpc175x_6x-FreeRTOS.o
EEPROM_ReadByte                                   C:\Users\josee\Documents\ISEL\3_Ano-6_Semestre\SE2\SE2021\Debug\libSE2021.a(EEPROM.o)
EEPROM_ReadData                                   C:\Users\josee\Documents\ISEL\3_Ano-6_Semestre\SE2\SE2021\Debug\libSE2021.a(EEPROM.o)
                                                  ./src/I2CTest.o
EEPROM_WriteByte                                  C:\Users\josee\Documents\ISEL\3_Ano-6_Semestre\SE2\SE2021\Debug\libSE2021.a(EEPROM.o)
EEPROM_WriteData                                  C:\Users\josee\Documents\ISEL\3_Ano-6_Semestre\SE2\SE2021\Debug\libSE2021.a(EEPROM.o)
                                                  ./src/I2CTest.o
EINT0_IRQHandler                                  ./src/cr_startup_lpc175x_6x-FreeRTOS.o
EINT1_IRQHandler                                  ./src/cr_startup_lpc175x_6x-FreeRTOS.o
EINT2_IRQHandler                                  ./src/cr_startup_lpc175x_6x-FreeRTOS.o
EINT3_IRQHandler                                  ./src/cr_startup_lpc175x_6x-FreeRTOS.o
ENET_IRQHandler                                   ./src/cr_startup_lpc175x_6x-FreeRTOS.o
HardFault_Handler                                 ./src/cr_startup_lpc175x_6x-FreeRTOS.o
I2C0_IRQHandler                                   C:\Users\josee\Documents\ISEL\3_Ano-6_Semestre\SE2\SE2021\Debug\libSE2021.a(i2c.o)
                                                  ./src/cr_startup_lpc175x_6x-FreeRTOS.o
I2C1_IRQHandler                                   C:\Users\josee\Documents\ISEL\3_Ano-6_Semestre\SE2\SE2021\Debug\libSE2021.a(i2c.o)
                                                  ./src/cr_startup_lpc175x_6x-FreeRTOS.o
I2C2_IRQHandler                                   C:\Users\josee\Documents\ISEL\3_Ano-6_Semestre\SE2\SE2021\Debug\libSE2021.a(i2c.o)
                                                  ./src/cr_startup_lpc175x_6x-FreeRTOS.o
I2C_Await                                         C:\Users\josee\Documents\ISEL\3_Ano-6_Semestre\SE2\SE2021\Debug\libSE2021.a(i2c.o)
                                                  C:\Users\josee\Documents\ISEL\3_Ano-6_Semestre\SE2\SE2021\Debug\libSE2021.a(EEPROM.o)
I2C_IRQRoutine                                    C:\Users\josee\Documents\ISEL\3_Ano-6_Semestre\SE2\SE2021\Debug\libSE2021.a(i2c.o)
I2C_Init                                          C:\Users\josee\Documents\ISEL\3_Ano-6_Semestre\SE2\SE2021\Debug\libSE2021.a(i2c.o)
                                                  ./src/I2CTest.o
I2C_Read                                          C:\Users\josee\Documents\ISEL\3_Ano-6_Semestre\SE2\SE2021\Debug\libSE2021.a(i2c.o)
                                                  C:\Users\josee\Documents\ISEL\3_Ano-6_Semestre\SE2\SE2021\Debug\libSE2021.a(EEPROM.o)
I2C_SetFrequency                                  C:\Users\josee\Documents\ISEL\3_Ano-6_Semestre\SE2\SE2021\Debug\libSE2021.a(i2c.o)
                                                  C:\Users\josee\Documents\ISEL\3_Ano-6_Semestre\SE2\SE2021\Debug\libSE2021.a(EEPROM.o)
I2C_SetFrequencyDutyCycle                         C:\Users\josee\Documents\ISEL\3_Ano-6_Semestre\SE2\SE2021\Debug\libSE2021.a(i2c.o)
I2C_Transmit                                      C:\Users\josee\Documents\ISEL\3_Ano-6_Semestre\SE2\SE2021\Debug\libSE2021.a(i2c.o)
I2C_Write                                         C:\Users\josee\Documents\ISEL\3_Ano-6_Semestre\SE2\SE2021\Debug\libSE2021.a(i2c.o)
                                                  C:\Users\josee\Documents\ISEL\3_Ano-6_Semestre\SE2\SE2021\Debug\libSE2021.a(EEPROM.o)
I2S_IRQHandler                                    ./src/cr_startup_lpc175x_6x-FreeRTOS.o
IntDefaultHandler                                 ./src/cr_startup_lpc175x_6x-FreeRTOS.o
MCPWM_IRQHandler                                  ./src/cr_startup_lpc175x_6x-FreeRTOS.o
MemManage_Handler                                 ./src/cr_startup_lpc175x_6x-FreeRTOS.o
NMI_Handler                                       ./src/cr_startup_lpc175x_6x-FreeRTOS.o
PLL0_IRQHandler                                   ./src/cr_startup_lpc175x_6x-FreeRTOS.o
PLL1_IRQHandler                                   ./src/cr_startup_lpc175x_6x-FreeRTOS.o
PWM1_IRQHandler                                   ./src/cr_startup_lpc175x_6x-FreeRTOS.o
PendSV_Handler                                    ./src/cr_startup_lpc175x_6x-FreeRTOS.o
QEI_IRQHandler                                    ./src/cr_startup_lpc175x_6x-FreeRTOS.o
RIT_IRQHandler                                    ./src/cr_startup_lpc175x_6x-FreeRTOS.o
RTC_IRQHandler                                    ./src/cr_startup_lpc175x_6x-FreeRTOS.o
ResetISR                                          ./src/cr_startup_lpc175x_6x-FreeRTOS.o
SPI_IRQHandler                                    ./src/cr_startup_lpc175x_6x-FreeRTOS.o
SSP0_IRQHandler                                   ./src/cr_startup_lpc175x_6x-FreeRTOS.o
SSP1_IRQHandler                                   ./src/cr_startup_lpc175x_6x-FreeRTOS.o
SVC_Handler                                       ./src/cr_startup_lpc175x_6x-FreeRTOS.o
SysTick_Handler                                   ./src/cr_startup_lpc175x_6x-FreeRTOS.o
SystemCoreClock                                   C:\Users\josee\Documents\ISEL\3_Ano-6_Semestre\SE2\CMSIS_CORE_LPC17xx\Debug\libCMSIS_CORE_LPC17xx.a(system_LPC17xx.o)
                                                  C:\Users\josee\Documents\ISEL\3_Ano-6_Semestre\SE2\FreeRTOS-Kernel\Debug\libFreeRTOS-Kernel.a(port.o)
                                                  C:\Users\josee\Documents\ISEL\3_Ano-6_Semestre\SE2\SE2021\Debug\libSE2021.a(wait.o)
                                                  C:\Users\josee\Documents\ISEL\3_Ano-6_Semestre\SE2\SE2021\Debug\libSE2021.a(i2c.o)
                                                  ./src/I2CTest.o
SystemCoreClockUpdate                             C:\Users\josee\Documents\ISEL\3_Ano-6_Semestre\SE2\CMSIS_CORE_LPC17xx\Debug\libCMSIS_CORE_LPC17xx.a(system_LPC17xx.o)
SystemInit                                        C:\Users\josee\Documents\ISEL\3_Ano-6_Semestre\SE2\CMSIS_CORE_LPC17xx\Debug\libCMSIS_CORE_LPC17xx.a(system_LPC17xx.o)
                                                  ./src/cr_startup_lpc175x_6x-FreeRTOS.o
TIMER0_IRQHandler                                 ./src/cr_startup_lpc175x_6x-FreeRTOS.o
TIMER1_IRQHandler                                 ./src/cr_startup_lpc175x_6x-FreeRTOS.o
TIMER2_IRQHandler                                 ./src/cr_startup_lpc175x_6x-FreeRTOS.o
TIMER3_IRQHandler                                 ./src/cr_startup_lpc175x_6x-FreeRTOS.o
UART0_IRQHandler                                  ./src/cr_startup_lpc175x_6x-FreeRTOS.o
UART1_IRQHandler                                  ./src/cr_startup_lpc175x_6x-FreeRTOS.o
UART2_IRQHandler                                  ./src/cr_startup_lpc175x_6x-FreeRTOS.o
UART3_IRQHandler                                  ./src/cr_startup_lpc175x_6x-FreeRTOS.o
USBActivity_IRQHandler                            ./src/cr_startup_lpc175x_6x-FreeRTOS.o
USB_IRQHandler                                    ./src/cr_startup_lpc175x_6x-FreeRTOS.o
UsageFault_Handler                                ./src/cr_startup_lpc175x_6x-FreeRTOS.o
WAIT_ChronoUs                                     C:\Users\josee\Documents\ISEL\3_Ano-6_Semestre\SE2\SE2021\Debug\libSE2021.a(wait.o)
WAIT_GetElapsedMillis                             C:\Users\josee\Documents\ISEL\3_Ano-6_Semestre\SE2\SE2021\Debug\libSE2021.a(wait.o)
WAIT_Init                                         C:\Users\josee\Documents\ISEL\3_Ano-6_Semestre\SE2\SE2021\Debug\libSE2021.a(wait.o)
                                                  ./src/I2CTest.o
WAIT_Milliseconds                                 C:\Users\josee\Documents\ISEL\3_Ano-6_Semestre\SE2\SE2021\Debug\libSE2021.a(wait.o)
                                                  C:\Users\josee\Documents\ISEL\3_Ano-6_Semestre\SE2\SE2021\Debug\libSE2021.a(EEPROM.o)
WDT_IRQHandler                                    ./src/cr_startup_lpc175x_6x-FreeRTOS.o
_Csys_alloc                                       c:/nxp/mcuxpressoide_11.3.1_5262/ide/plugins/com.nxp.mcuxpresso.tools.win32_11.3.0.202008311133/tools/bin/../lib/gcc/arm-none-eabi/9.3.1/../../../../arm-none-eabi/lib/thumb/v7-m/nofp\libcr_c.a(alloc.o)
                                                  c:/nxp/mcuxpressoide_11.3.1_5262/ide/plugins/com.nxp.mcuxpresso.tools.win32_11.3.0.202008311133/tools/bin/../lib/gcc/arm-none-eabi/9.3.1/../../../../arm-none-eabi/lib/thumb/v7-m/nofp\libcr_c.a(_deferredlazyseek.o)
_Cwritebuf                                        c:/nxp/mcuxpressoide_11.3.1_5262/ide/plugins/com.nxp.mcuxpresso.tools.win32_11.3.0.202008311133/tools/bin/../lib/gcc/arm-none-eabi/9.3.1/../../../../arm-none-eabi/lib/thumb/v7-m/nofp\libcr_c.a(_writebuf.o)
                                                  c:/nxp/mcuxpressoide_11.3.1_5262/ide/plugins/com.nxp.mcuxpresso.tools.win32_11.3.0.202008311133/tools/bin/../lib/gcc/arm-none-eabi/9.3.1/../../../../arm-none-eabi/lib/thumb/v7-m/nofp\libcr_c.a(_deferredlazyseek.o)
                                                  c:/nxp/mcuxpressoide_11.3.1_5262/ide/plugins/com.nxp.mcuxpresso.tools.win32_11.3.0.202008311133/tools/bin/../lib/gcc/arm-none-eabi/9.3.1/../../../../arm-none-eabi/lib/thumb/v7-m/nofp\libcr_c.a(_fflush.o)
__CR_SEMIHOST                                     c:/nxp/mcuxpressoide_11.3.1_5262/ide/plugins/com.nxp.mcuxpresso.tools.win32_11.3.0.202008311133/tools/bin/../lib/gcc/arm-none-eabi/9.3.1/../../../../arm-none-eabi/lib/thumb/v7-m/nofp\libcr_semihost.a(_cr__main.o)
__Ciob                                            c:/nxp/mcuxpressoide_11.3.1_5262/ide/plugins/com.nxp.mcuxpresso.tools.win32_11.3.0.202008311133/tools/bin/../lib/gcc/arm-none-eabi/9.3.1/../../../../arm-none-eabi/lib/thumb/v7-m/nofp\libcr_semihost.a(__ciob.o)
                                                  c:/nxp/mcuxpressoide_11.3.1_5262/ide/plugins/com.nxp.mcuxpresso.tools.win32_11.3.0.202008311133/tools/bin/../lib/gcc/arm-none-eabi/9.3.1/../../../../arm-none-eabi/lib/thumb/v7-m/nofp\libcr_c.a(fflush.o)
                                                  c:/nxp/mcuxpressoide_11.3.1_5262/ide/plugins/com.nxp.mcuxpresso.tools.win32_11.3.0.202008311133/tools/bin/../lib/gcc/arm-none-eabi/9.3.1/../../../../arm-none-eabi/lib/thumb/v7-m/nofp\libcr_c.a(initio.o)
__aeabi_cfcmpeq                                   c:/nxp/mcuxpressoide_11.3.1_5262/ide/plugins/com.nxp.mcuxpresso.tools.win32_11.3.0.202008311133/tools/bin/../lib/gcc/arm-none-eabi/9.3.1/thumb/v7-m/nofp\libcr_eabihelpers.a(float.o)
__aeabi_cfcmple                                   c:/nxp/mcuxpressoide_11.3.1_5262/ide/plugins/com.nxp.mcuxpresso.tools.win32_11.3.0.202008311133/tools/bin/../lib/gcc/arm-none-eabi/9.3.1/thumb/v7-m/nofp\libcr_eabihelpers.a(float.o)
__aeabi_cfrcmple                                  c:/nxp/mcuxpressoide_11.3.1_5262/ide/plugins/com.nxp.mcuxpresso.tools.win32_11.3.0.202008311133/tools/bin/../lib/gcc/arm-none-eabi/9.3.1/thumb/v7-m/nofp\libcr_eabihelpers.a(float.o)
__aeabi_f2d                                       c:/nxp/mcuxpressoide_11.3.1_5262/ide/plugins/com.nxp.mcuxpresso.tools.win32_11.3.0.202008311133/tools/bin/../lib/gcc/arm-none-eabi/9.3.1/thumb/v7-m/nofp\libcr_eabihelpers.a(float.o)
__aeabi_f2iz                                      c:/nxp/mcuxpressoide_11.3.1_5262/ide/plugins/com.nxp.mcuxpresso.tools.win32_11.3.0.202008311133/tools/bin/../lib/gcc/arm-none-eabi/9.3.1/thumb/v7-m/nofp\libcr_eabihelpers.a(float.o)
__aeabi_f2lz                                      c:/nxp/mcuxpressoide_11.3.1_5262/ide/plugins/com.nxp.mcuxpresso.tools.win32_11.3.0.202008311133/tools/bin/../lib/gcc/arm-none-eabi/9.3.1/thumb/v7-m/nofp\libcr_eabihelpers.a(float.o)
__aeabi_f2uiz                                     c:/nxp/mcuxpressoide_11.3.1_5262/ide/plugins/com.nxp.mcuxpresso.tools.win32_11.3.0.202008311133/tools/bin/../lib/gcc/arm-none-eabi/9.3.1/thumb/v7-m/nofp\libcr_eabihelpers.a(float.o)
                                                  C:\Users\josee\Documents\ISEL\3_Ano-6_Semestre\SE2\SE2021\Debug\libSE2021.a(wait.o)
__aeabi_f2ulz                                     c:/nxp/mcuxpressoide_11.3.1_5262/ide/plugins/com.nxp.mcuxpresso.tools.win32_11.3.0.202008311133/tools/bin/../lib/gcc/arm-none-eabi/9.3.1/thumb/v7-m/nofp\libcr_eabihelpers.a(float.o)
__aeabi_fadd                                      c:/nxp/mcuxpressoide_11.3.1_5262/ide/plugins/com.nxp.mcuxpresso.tools.win32_11.3.0.202008311133/tools/bin/../lib/gcc/arm-none-eabi/9.3.1/thumb/v7-m/nofp\libcr_eabihelpers.a(float.o)
__aeabi_fcmpeq                                    c:/nxp/mcuxpressoide_11.3.1_5262/ide/plugins/com.nxp.mcuxpresso.tools.win32_11.3.0.202008311133/tools/bin/../lib/gcc/arm-none-eabi/9.3.1/thumb/v7-m/nofp\libcr_eabihelpers.a(float.o)
__aeabi_fcmpge                                    c:/nxp/mcuxpressoide_11.3.1_5262/ide/plugins/com.nxp.mcuxpresso.tools.win32_11.3.0.202008311133/tools/bin/../lib/gcc/arm-none-eabi/9.3.1/thumb/v7-m/nofp\libcr_eabihelpers.a(float.o)
__aeabi_fcmpgt                                    c:/nxp/mcuxpressoide_11.3.1_5262/ide/plugins/com.nxp.mcuxpresso.tools.win32_11.3.0.202008311133/tools/bin/../lib/gcc/arm-none-eabi/9.3.1/thumb/v7-m/nofp\libcr_eabihelpers.a(float.o)
__aeabi_fcmple                                    c:/nxp/mcuxpressoide_11.3.1_5262/ide/plugins/com.nxp.mcuxpresso.tools.win32_11.3.0.202008311133/tools/bin/../lib/gcc/arm-none-eabi/9.3.1/thumb/v7-m/nofp\libcr_eabihelpers.a(float.o)
__aeabi_fcmplt                                    c:/nxp/mcuxpressoide_11.3.1_5262/ide/plugins/com.nxp.mcuxpresso.tools.win32_11.3.0.202008311133/tools/bin/../lib/gcc/arm-none-eabi/9.3.1/thumb/v7-m/nofp\libcr_eabihelpers.a(float.o)
__aeabi_fcmpun                                    c:/nxp/mcuxpressoide_11.3.1_5262/ide/plugins/com.nxp.mcuxpresso.tools.win32_11.3.0.202008311133/tools/bin/../lib/gcc/arm-none-eabi/9.3.1/thumb/v7-m/nofp\libcr_eabihelpers.a(float.o)
__aeabi_fdiv                                      c:/nxp/mcuxpressoide_11.3.1_5262/ide/plugins/com.nxp.mcuxpresso.tools.win32_11.3.0.202008311133/tools/bin/../lib/gcc/arm-none-eabi/9.3.1/thumb/v7-m/nofp\libcr_eabihelpers.a(float.o)
                                                  C:\Users\josee\Documents\ISEL\3_Ano-6_Semestre\SE2\SE2021\Debug\libSE2021.a(wait.o)
__aeabi_fmul                                      c:/nxp/mcuxpressoide_11.3.1_5262/ide/plugins/com.nxp.mcuxpresso.tools.win32_11.3.0.202008311133/tools/bin/../lib/gcc/arm-none-eabi/9.3.1/thumb/v7-m/nofp\libcr_eabihelpers.a(float.o)
__aeabi_fneg                                      c:/nxp/mcuxpressoide_11.3.1_5262/ide/plugins/com.nxp.mcuxpresso.tools.win32_11.3.0.202008311133/tools/bin/../lib/gcc/arm-none-eabi/9.3.1/thumb/v7-m/nofp\libcr_eabihelpers.a(float.o)
__aeabi_frsub                                     c:/nxp/mcuxpressoide_11.3.1_5262/ide/plugins/com.nxp.mcuxpresso.tools.win32_11.3.0.202008311133/tools/bin/../lib/gcc/arm-none-eabi/9.3.1/thumb/v7-m/nofp\libcr_eabihelpers.a(float.o)
__aeabi_fsub                                      c:/nxp/mcuxpressoide_11.3.1_5262/ide/plugins/com.nxp.mcuxpresso.tools.win32_11.3.0.202008311133/tools/bin/../lib/gcc/arm-none-eabi/9.3.1/thumb/v7-m/nofp\libcr_eabihelpers.a(float.o)
                                                  C:\Users\josee\Documents\ISEL\3_Ano-6_Semestre\SE2\SE2021\Debug\libSE2021.a(wait.o)
__aeabi_i2f                                       c:/nxp/mcuxpressoide_11.3.1_5262/ide/plugins/com.nxp.mcuxpresso.tools.win32_11.3.0.202008311133/tools/bin/../lib/gcc/arm-none-eabi/9.3.1/thumb/v7-m/nofp\libcr_eabihelpers.a(float.o)
__aeabi_idiv0                                     c:/nxp/mcuxpressoide_11.3.1_5262/ide/plugins/com.nxp.mcuxpresso.tools.win32_11.3.0.202008311133/tools/bin/../lib/gcc/arm-none-eabi/9.3.1/thumb/v7-m/nofp\libcr_eabihelpers.a(division_idiv0.o)
                                                  c:/nxp/mcuxpressoide_11.3.1_5262/ide/plugins/com.nxp.mcuxpresso.tools.win32_11.3.0.202008311133/tools/bin/../lib/gcc/arm-none-eabi/9.3.1/thumb/v7-m/nofp\libcr_eabihelpers.a(division_64.o)
__aeabi_l2f                                       c:/nxp/mcuxpressoide_11.3.1_5262/ide/plugins/com.nxp.mcuxpresso.tools.win32_11.3.0.202008311133/tools/bin/../lib/gcc/arm-none-eabi/9.3.1/thumb/v7-m/nofp\libcr_eabihelpers.a(float.o)
__aeabi_ldivmod                                   c:/nxp/mcuxpressoide_11.3.1_5262/ide/plugins/com.nxp.mcuxpresso.tools.win32_11.3.0.202008311133/tools/bin/../lib/gcc/arm-none-eabi/9.3.1/thumb/v7-m/nofp\libcr_eabihelpers.a(division_64.o)
                                                  C:\Users\josee\Documents\ISEL\3_Ano-6_Semestre\SE2\CMSIS_CORE_LPC17xx\Debug\libCMSIS_CORE_LPC17xx.a(system_LPC17xx.o)
__aeabi_lowlevel_memset                           c:/nxp/mcuxpressoide_11.3.1_5262/ide/plugins/com.nxp.mcuxpresso.tools.win32_11.3.0.202008311133/tools/bin/../lib/gcc/arm-none-eabi/9.3.1/thumb/v7-m/nofp\libcr_eabihelpers.a(memcpy.o)
                                                  c:/nxp/mcuxpressoide_11.3.1_5262/ide/plugins/com.nxp.mcuxpresso.tools.win32_11.3.0.202008311133/tools/bin/../lib/gcc/arm-none-eabi/9.3.1/../../../../arm-none-eabi/lib/thumb/v7-m/nofp\libcr_c.a(memset.o)
__aeabi_memclr                                    c:/nxp/mcuxpressoide_11.3.1_5262/ide/plugins/com.nxp.mcuxpresso.tools.win32_11.3.0.202008311133/tools/bin/../lib/gcc/arm-none-eabi/9.3.1/thumb/v7-m/nofp\libcr_eabihelpers.a(memcpy.o)
__aeabi_memclr4                                   c:/nxp/mcuxpressoide_11.3.1_5262/ide/plugins/com.nxp.mcuxpresso.tools.win32_11.3.0.202008311133/tools/bin/../lib/gcc/arm-none-eabi/9.3.1/thumb/v7-m/nofp\libcr_eabihelpers.a(memcpy.o)
__aeabi_memclr8                                   c:/nxp/mcuxpressoide_11.3.1_5262/ide/plugins/com.nxp.mcuxpresso.tools.win32_11.3.0.202008311133/tools/bin/../lib/gcc/arm-none-eabi/9.3.1/thumb/v7-m/nofp\libcr_eabihelpers.a(memcpy.o)
__aeabi_memcpy                                    c:/nxp/mcuxpressoide_11.3.1_5262/ide/plugins/com.nxp.mcuxpresso.tools.win32_11.3.0.202008311133/tools/bin/../lib/gcc/arm-none-eabi/9.3.1/thumb/v7-m/nofp\libcr_eabihelpers.a(memcpy.o)
                                                  c:/nxp/mcuxpressoide_11.3.1_5262/ide/plugins/com.nxp.mcuxpresso.tools.win32_11.3.0.202008311133/tools/bin/../lib/gcc/arm-none-eabi/9.3.1/../../../../arm-none-eabi/lib/thumb/v7-m/nofp\libcr_c.a(memcpy.o)
__aeabi_memcpy4                                   c:/nxp/mcuxpressoide_11.3.1_5262/ide/plugins/com.nxp.mcuxpresso.tools.win32_11.3.0.202008311133/tools/bin/../lib/gcc/arm-none-eabi/9.3.1/thumb/v7-m/nofp\libcr_eabihelpers.a(memcpy.o)
__aeabi_memcpy8                                   c:/nxp/mcuxpressoide_11.3.1_5262/ide/plugins/com.nxp.mcuxpresso.tools.win32_11.3.0.202008311133/tools/bin/../lib/gcc/arm-none-eabi/9.3.1/thumb/v7-m/nofp\libcr_eabihelpers.a(memcpy.o)
__aeabi_memmove                                   c:/nxp/mcuxpressoide_11.3.1_5262/ide/plugins/com.nxp.mcuxpresso.tools.win32_11.3.0.202008311133/tools/bin/../lib/gcc/arm-none-eabi/9.3.1/thumb/v7-m/nofp\libcr_eabihelpers.a(memcpy.o)
__aeabi_memmove4                                  c:/nxp/mcuxpressoide_11.3.1_5262/ide/plugins/com.nxp.mcuxpresso.tools.win32_11.3.0.202008311133/tools/bin/../lib/gcc/arm-none-eabi/9.3.1/thumb/v7-m/nofp\libcr_eabihelpers.a(memcpy.o)
__aeabi_memmove8                                  c:/nxp/mcuxpressoide_11.3.1_5262/ide/plugins/com.nxp.mcuxpresso.tools.win32_11.3.0.202008311133/tools/bin/../lib/gcc/arm-none-eabi/9.3.1/thumb/v7-m/nofp\libcr_eabihelpers.a(memcpy.o)
__aeabi_memset                                    c:/nxp/mcuxpressoide_11.3.1_5262/ide/plugins/com.nxp.mcuxpresso.tools.win32_11.3.0.202008311133/tools/bin/../lib/gcc/arm-none-eabi/9.3.1/thumb/v7-m/nofp\libcr_eabihelpers.a(memcpy.o)
__aeabi_memset4                                   c:/nxp/mcuxpressoide_11.3.1_5262/ide/plugins/com.nxp.mcuxpresso.tools.win32_11.3.0.202008311133/tools/bin/../lib/gcc/arm-none-eabi/9.3.1/thumb/v7-m/nofp\libcr_eabihelpers.a(memcpy.o)
__aeabi_memset8                                   c:/nxp/mcuxpressoide_11.3.1_5262/ide/plugins/com.nxp.mcuxpresso.tools.win32_11.3.0.202008311133/tools/bin/../lib/gcc/arm-none-eabi/9.3.1/thumb/v7-m/nofp\libcr_eabihelpers.a(memcpy.o)
__aeabi_ui2f                                      c:/nxp/mcuxpressoide_11.3.1_5262/ide/plugins/com.nxp.mcuxpresso.tools.win32_11.3.0.202008311133/tools/bin/../lib/gcc/arm-none-eabi/9.3.1/thumb/v7-m/nofp\libcr_eabihelpers.a(float.o)
                                                  C:\Users\josee\Documents\ISEL\3_Ano-6_Semestre\SE2\SE2021\Debug\libSE2021.a(wait.o)
__aeabi_ul2f                                      c:/nxp/mcuxpressoide_11.3.1_5262/ide/plugins/com.nxp.mcuxpresso.tools.win32_11.3.0.202008311133/tools/bin/../lib/gcc/arm-none-eabi/9.3.1/thumb/v7-m/nofp\libcr_eabihelpers.a(float.o)
__aeabi_uldivmod                                  c:/nxp/mcuxpressoide_11.3.1_5262/ide/plugins/com.nxp.mcuxpresso.tools.win32_11.3.0.202008311133/tools/bin/../lib/gcc/arm-none-eabi/9.3.1/thumb/v7-m/nofp\libcr_eabihelpers.a(division_64.o)
                                                  C:\Users\josee\Documents\ISEL\3_Ano-6_Semestre\SE2\CMSIS_CORE_LPC17xx\Debug\libCMSIS_CORE_LPC17xx.a(system_LPC17xx.o)
__bhs_ldivmod1                                    c:/nxp/mcuxpressoide_11.3.1_5262/ide/plugins/com.nxp.mcuxpresso.tools.win32_11.3.0.202008311133/tools/bin/../lib/gcc/arm-none-eabi/9.3.1/thumb/v7-m/nofp\libcr_eabihelpers.a(division_64.o)
__bhs_ui2f                                        c:/nxp/mcuxpressoide_11.3.1_5262/ide/plugins/com.nxp.mcuxpresso.tools.win32_11.3.0.202008311133/tools/bin/../lib/gcc/arm-none-eabi/9.3.1/thumb/v7-m/nofp\libcr_eabihelpers.a(float.o)
__bhs_ul2f                                        c:/nxp/mcuxpressoide_11.3.1_5262/ide/plugins/com.nxp.mcuxpresso.tools.win32_11.3.0.202008311133/tools/bin/../lib/gcc/arm-none-eabi/9.3.1/thumb/v7-m/nofp\libcr_eabihelpers.a(float.o)
__bss_section_table_end                           ./src/cr_startup_lpc175x_6x-FreeRTOS.o
__check_heap_overflow                             c:/nxp/mcuxpressoide_11.3.1_5262/ide/plugins/com.nxp.mcuxpresso.tools.win32_11.3.0.202008311133/tools/bin/../lib/gcc/arm-none-eabi/9.3.1/../../../../arm-none-eabi/lib/thumb/v7-m/nofp\libcr_c.a(_cr_check_heap.o)
                                                  c:/nxp/mcuxpressoide_11.3.1_5262/ide/plugins/com.nxp.mcuxpresso.tools.win32_11.3.0.202008311133/tools/bin/../lib/gcc/arm-none-eabi/9.3.1/../../../../arm-none-eabi/lib/thumb/v7-m/nofp\libcr_c.a(_cr_sbrk.o)
__data_section_table                              ./src/cr_startup_lpc175x_6x-FreeRTOS.o
__data_section_table_end                          ./src/cr_startup_lpc175x_6x-FreeRTOS.o
__end_of_heap                                     c:/nxp/mcuxpressoide_11.3.1_5262/ide/plugins/com.nxp.mcuxpresso.tools.win32_11.3.0.202008311133/tools/bin/../lib/gcc/arm-none-eabi/9.3.1/../../../../arm-none-eabi/lib/thumb/v7-m/nofp\libcr_c.a(__init_alloc.o)
                                                  c:/nxp/mcuxpressoide_11.3.1_5262/ide/plugins/com.nxp.mcuxpresso.tools.win32_11.3.0.202008311133/tools/bin/../lib/gcc/arm-none-eabi/9.3.1/../../../../arm-none-eabi/lib/thumb/v7-m/nofp\libcr_c.a(_cr_sbrk.o)
__exit                                            c:/nxp/mcuxpressoide_11.3.1_5262/ide/plugins/com.nxp.mcuxpresso.tools.win32_11.3.0.202008311133/tools/bin/../lib/gcc/arm-none-eabi/9.3.1/../../../../arm-none-eabi/lib/thumb/v7-m/nofp\libcr_semihost.a(__sys_appexit.o)
__flsbuf                                          c:/nxp/mcuxpressoide_11.3.1_5262/ide/plugins/com.nxp.mcuxpresso.tools.win32_11.3.0.202008311133/tools/bin/../lib/gcc/arm-none-eabi/9.3.1/../../../../arm-none-eabi/lib/thumb/v7-m/nofp\libcr_c.a(_deferredlazyseek.o)
__heaps                                           c:/nxp/mcuxpressoide_11.3.1_5262/ide/plugins/com.nxp.mcuxpresso.tools.win32_11.3.0.202008311133/tools/bin/../lib/gcc/arm-none-eabi/9.3.1/../../../../arm-none-eabi/lib/thumb/v7-m/nofp\libcr_c.a(__init_alloc.o)
                                                  c:/nxp/mcuxpressoide_11.3.1_5262/ide/plugins/com.nxp.mcuxpresso.tools.win32_11.3.0.202008311133/tools/bin/../lib/gcc/arm-none-eabi/9.3.1/../../../../arm-none-eabi/lib/thumb/v7-m/nofp\libcr_c.a(alloc.o)
__main                                            c:/nxp/mcuxpressoide_11.3.1_5262/ide/plugins/com.nxp.mcuxpresso.tools.win32_11.3.0.202008311133/tools/bin/../lib/gcc/arm-none-eabi/9.3.1/../../../../arm-none-eabi/lib/thumb/v7-m/nofp\libcr_semihost.a(_cr__main.o)
                                                  ./src/cr_startup_lpc175x_6x-FreeRTOS.o
__num_Ciob_streams                                c:/nxp/mcuxpressoide_11.3.1_5262/ide/plugins/com.nxp.mcuxpresso.tools.win32_11.3.0.202008311133/tools/bin/../lib/gcc/arm-none-eabi/9.3.1/../../../../arm-none-eabi/lib/thumb/v7-m/nofp\libcr_semihost.a(__ciob.o)
                                                  c:/nxp/mcuxpressoide_11.3.1_5262/ide/plugins/com.nxp.mcuxpresso.tools.win32_11.3.0.202008311133/tools/bin/../lib/gcc/arm-none-eabi/9.3.1/../../../../arm-none-eabi/lib/thumb/v7-m/nofp\libcr_c.a(fflush.o)
                                                  c:/nxp/mcuxpressoide_11.3.1_5262/ide/plugins/com.nxp.mcuxpresso.tools.win32_11.3.0.202008311133/tools/bin/../lib/gcc/arm-none-eabi/9.3.1/../../../../arm-none-eabi/lib/thumb/v7-m/nofp\libcr_c.a(initio.o)
__sys_appexit                                     c:/nxp/mcuxpressoide_11.3.1_5262/ide/plugins/com.nxp.mcuxpresso.tools.win32_11.3.0.202008311133/tools/bin/../lib/gcc/arm-none-eabi/9.3.1/../../../../arm-none-eabi/lib/thumb/v7-m/nofp\libcr_semihost.a(__sys_appexit.o)
                                                  c:/nxp/mcuxpressoide_11.3.1_5262/ide/plugins/com.nxp.mcuxpresso.tools.win32_11.3.0.202008311133/tools/bin/../lib/gcc/arm-none-eabi/9.3.1/../../../../arm-none-eabi/lib/thumb/v7-m/nofp\libcr_c.a(alloc.o)
__sys_close                                       c:/nxp/mcuxpressoide_11.3.1_5262/ide/plugins/com.nxp.mcuxpresso.tools.win32_11.3.0.202008311133/tools/bin/../lib/gcc/arm-none-eabi/9.3.1/../../../../arm-none-eabi/lib/thumb/v7-m/nofp\libcr_semihost.a(__sys_close.o)