Archive member included to satisfy reference by file (symbol)

C:\Users\josee\Documents\ISEL\3_Ano-6_Semestre\SE2\CMSIS_CORE_LPC17xx\Debug\libCMSIS_CORE_LPC17xx.a(system_LPC17xx.o)
                              ./src/cr_startup_lpc175x_6x-FreeRTOS.o (SystemInit)
C:\Users\josee\Documents\ISEL\3_Ano-6_Semestre\SE2\FreeRTOS-Kernel\Debug\libFreeRTOS-Kernel.a(port.o)
                              ./src/cr_startup_lpc175x_6x-FreeRTOS.o (vPortSVCHandler)
C:\Users\josee\Documents\ISEL\3_Ano-6_Semestre\SE2\FreeRTOS-Kernel\Debug\libFreeRTOS-Kernel.a(tasks.o)
                              C:\Users\josee\Documents\ISEL\3_Ano-6_Semestre\SE2\FreeRTOS-Kernel\Debug\libFreeRTOS-Kernel.a(port.o) (pxCurrentTCB)
C:\Users\josee\Documents\ISEL\3_Ano-6_Semestre\SE2\FreeRTOS-Kernel\Debug\libFreeRTOS-Kernel.a(heap_4.o)
                              C:\Users\josee\Documents\ISEL\3_Ano-6_Semestre\SE2\FreeRTOS-Kernel\Debug\libFreeRTOS-Kernel.a(tasks.o) (pvPortMalloc)
C:\Users\josee\Documents\ISEL\3_Ano-6_Semestre\SE2\FreeRTOS-Kernel\Debug\libFreeRTOS-Kernel.a(list.o)
                              C:\Users\josee\Documents\ISEL\3_Ano-6_Semestre\SE2\FreeRTOS-Kernel\Debug\libFreeRTOS-Kernel.a(tasks.o) (vListInitialise)
C:\Users\josee\Documents\ISEL\3_Ano-6_Semestre\SE2\SE2021\Debug\libSE2021.a(lcd.o)
                              ./src/lab4.o (LCDText_Init)
C:\Users\josee\Documents\ISEL\3_Ano-6_Semestre\SE2\SE2021\Debug\libSE2021.a(led.o)
                              ./src/lab4.o (LED_On)
C:\Users\josee\Documents\ISEL\3_Ano-6_Semestre\SE2\SE2021\Debug\libSE2021.a(printf-stdarg.o)
                              C:\Users\josee\Documents\ISEL\3_Ano-6_Semestre\SE2\SE2021\Debug\libSE2021.a(lcd.o) (vsprintf)
C:\Users\josee\Documents\ISEL\3_Ano-6_Semestre\SE2\SE2021\Debug\libSE2021.a(wait.o)
                              C:\Users\josee\Documents\ISEL\3_Ano-6_Semestre\SE2\SE2021\Debug\libSE2021.a(lcd.o) (WAIT_Milliseconds)
c:/nxp/mcuxpressoide_11.3.1_5262/ide/plugins/com.nxp.mcuxpresso.tools.win32_11.3.0.202008311133/tools/bin/../lib/gcc/arm-none-eabi/9.3.1/../../../../arm-none-eabi/lib/thumb/v7-m/nofp\libcr_semihost.a(_cr__main.o)
                              ./src/cr_startup_lpc175x_6x-FreeRTOS.o (__main)
c:/nxp/mcuxpressoide_11.3.1_5262/ide/plugins/com.nxp.mcuxpresso.tools.win32_11.3.0.202008311133/tools/bin/../lib/gcc/arm-none-eabi/9.3.1/../../../../arm-none-eabi/lib/thumb/v7-m/nofp\libcr_c.a(memset.o)
                              C:\Users\josee\Documents\ISEL\3_Ano-6_Semestre\SE2\FreeRTOS-Kernel\Debug\libFreeRTOS-Kernel.a(tasks.o) (memset)
c:/nxp/mcuxpressoide_11.3.1_5262/ide/plugins/com.nxp.mcuxpresso.tools.win32_11.3.0.202008311133/tools/bin/../lib/gcc/arm-none-eabi/9.3.1/../../../../arm-none-eabi/lib/thumb/v7-m/nofp\libcr_c.a(initio.o)
                              c:/nxp/mcuxpressoide_11.3.1_5262/ide/plugins/com.nxp.mcuxpresso.tools.win32_11.3.0.202008311133/tools/bin/../lib/gcc/arm-none-eabi/9.3.1/../../../../arm-none-eabi/lib/thumb/v7-m/nofp\libcr_semihost.a(_cr__main.o) (_initio)
c:/nxp/mcuxpressoide_11.3.1_5262/ide/plugins/com.nxp.mcuxpresso.tools.win32_11.3.0.202008311133/tools/bin/../lib/gcc/arm-none-eabi/9.3.1/../../../../arm-none-eabi/lib/thumb/v7-m/nofp\libcr_c.a(setvbuf.o)
                              c:/nxp/mcuxpressoide_11.3.1_5262/ide/plugins/com.nxp.mcuxpresso.tools.win32_11.3.0.202008311133/tools/bin/../lib/gcc/arm-none-eabi/9.3.1/../../../../arm-none-eabi/lib/thumb/v7-m/nofp\libcr_c.a(initio.o) (setvbuf)
c:/nxp/mcuxpressoide_11.3.1_5262/ide/plugins/com.nxp.mcuxpresso.tools.win32_11.3.0.202008311133/tools/bin/../lib/gcc/arm-none-eabi/9.3.1/../../../../arm-none-eabi/lib/thumb/v7-m/nofp\libcr_c.a(_fdopen.o)
                              c:/nxp/mcuxpressoide_11.3.1_5262/ide/plugins/com.nxp.mcuxpresso.tools.win32_11.3.0.202008311133/tools/bin/../lib/gcc/arm-none-eabi/9.3.1/../../../../arm-none-eabi/lib/thumb/v7-m/nofp\libcr_c.a(initio.o) (_fdopen)
c:/nxp/mcuxpressoide_11.3.1_5262/ide/plugins/com.nxp.mcuxpresso.tools.win32_11.3.0.202008311133/tools/bin/../lib/gcc/arm-none-eabi/9.3.1/../../../../arm-none-eabi/lib/thumb/v7-m/nofp\libcr_c.a(fclose.o)
                              c:/nxp/mcuxpressoide_11.3.1_5262/ide/plugins/com.nxp.mcuxpresso.tools.win32_11.3.0.202008311133/tools/bin/../lib/gcc/arm-none-eabi/9.3.1/../../../../arm-none-eabi/lib/thumb/v7-m/nofp\libcr_c.a(initio.o) (fclose)
c:/nxp/mcuxpressoide_11.3.1_5262/ide/plugins/com.nxp.mcuxpresso.tools.win32_11.3.0.202008311133/tools/bin/../lib/gcc/arm-none-eabi/9.3.1/../../../../arm-none-eabi/lib/thumb/v7-m/nofp\libcr_c.a(fflush.o)
                              c:/nxp/mcuxpressoide_11.3.1_5262/ide/plugins/com.nxp.mcuxpresso.tools.win32_11.3.0.202008311133/tools/bin/../lib/gcc/arm-none-eabi/9.3.1/../../../../arm-none-eabi/lib/thumb/v7-m/nofp\libcr_c.a(fclose.o) (fflush)
c:/nxp/mcuxpressoide_11.3.1_5262/ide/plugins/com.nxp.mcuxpresso.tools.win32_11.3.0.202008311133/tools/bin/../lib/gcc/arm-none-eabi/9.3.1/../../../../arm-none-eabi/lib/thumb/v7-m/nofp\libcr_c.a(fseek.o)
[...]
Memory Configuration

Name             Origin             Length             Attributes
MFlash512        0x00000000         0x00080000         xr
RamLoc32         0x10000000         0x00008000         xrw
RamAHB32         0x2007c000         0x00008000         xrw
*default*        0x00000000         0xffffffff

Linker script and memory map

LOAD ./src/cr_startup_lpc175x_6x-FreeRTOS.o
LOAD ./src/crp.o
LOAD ./src/lab4.o
LOAD C:\Users\josee\Documents\ISEL\3_Ano-6_Semestre\SE2\CMSIS_CORE_LPC17xx\Debug\libCMSIS_CORE_LPC17xx.a
LOAD C:\Users\josee\Documents\ISEL\3_Ano-6_Semestre\SE2\FreeRTOS-Kernel\Debug\libFreeRTOS-Kernel.a
LOAD C:\Users\josee\Documents\ISEL\3_Ano-6_Semestre\SE2\SE2021\Debug\libSE2021.a
START GROUP
LOAD c:/nxp/mcuxpressoide_11.3.1_5262/ide/plugins/com.nxp.mcuxpresso.tools.win32_11.3.0.202008311133/tools/bin/../lib/gcc/arm-none-eabi/9.3.1/../../../../arm-none-eabi/lib/thumb/v7-m/nofp\libcr_semihost.a
LOAD c:/nxp/mcuxpressoide_11.3.1_5262/ide/plugins/com.nxp.mcuxpresso.tools.win32_11.3.0.202008311133/tools/bin/../lib/gcc/arm-none-eabi/9.3.1/../../../../arm-none-eabi/lib/thumb/v7-m/nofp\libcr_c.a
LOAD c:/nxp/mcuxpressoide_11.3.1_5262/ide/plugins/com.nxp.mcuxpresso.tools.win32_11.3.0.202008311133/tools/bin/../lib/gcc/arm-none-eabi/9.3.1/thumb/v7-m/nofp\libcr_eabihelpers.a
LOAD c:/nxp/mcuxpressoide_11.3.1_5262/ide/plugins/com.nxp.mcuxpresso.tools.win32_11.3.0.202008311133/tools/bin/../lib/gcc/arm-none-eabi/9.3.1/thumb/v7-m/nofp\libgcc.a
END GROUP
                0x00000000                __base_MFlash512 = 0x0
                0x00000000                __base_Flash = 0x0
                0x00080000                __top_MFlash512 = 0x80000
                0x00080000                __top_Flash = 0x80000
                0x10000000                __base_RamLoc32 = 0x10000000
                0x10000000                __base_RAM = 0x10000000
                0x10008000                __top_RamLoc32 = 0x10008000
                0x10008000                __top_RAM = 0x10008000
                0x2007c000                __base_RamAHB32 = 0x2007c000
                0x2007c000                __base_RAM2 = 0x2007c000
                0x20084000                __top_RamAHB32 = 0x20084000
                0x20084000                __top_RAM2 = 0x20084000

.text           0x00000000     0x36b8
 FILL mask 0xff
                0x00000000                __vectors_start__ = ABSOLUTE (.)
 *(.isr_vector)
 .isr_vector    0x00000000       0xcc ./src/cr_startup_lpc175x_6x-FreeRTOS.o
                0x00000000                g_pfnVectors
                0x000000cc                . = ALIGN (0x4)
                0x000000cc                __section_table_start = .
                0x000000cc                __data_section_table = .
                0x000000cc        0x4 LONG 0x36b8 LOADADDR (.data)
                0x000000d0        0x4 LONG 0x10000000 ADDR (.data)
                0x000000d4        0x4 LONG 0x8 SIZEOF (.data)
                0x000000d8        0x4 LONG 0x36b8 LOADADDR (.data_RAM2)
                0x000000dc        0x4 LONG 0x2007c000 ADDR (.data_RAM2)
                0x000000e0        0x4 LONG 0x0 SIZEOF (.data_RAM2)
                0x000000e4                __data_section_table_end = .
                0x000000e4                __bss_section_table = .
                0x000000e4        0x4 LONG 0x10000008 ADDR (.bss)
                0x000000e8        0x4 LONG 0x3b1c SIZEOF (.bss)
                0x000000ec        0x4 LONG 0x2007c000 ADDR (.bss_RAM2)
                0x000000f0        0x4 LONG 0x0 SIZEOF (.bss_RAM2)
                0x000000f4                __bss_section_table_end = .
                0x000000f4                __section_table_end = .
 *(.after_vectors*)
 .after_vectors
                0x000000f4      0x130 ./src/cr_startup_lpc175x_6x-FreeRTOS.o
                0x000000f4                data_init
                0x00000138                bss_init
                0x00000170                ResetISR
                0x000001e8                NMI_Handler
                0x000001ee                HardFault_Handler
                0x000001f4                MemManage_Handler
                0x000001fa                BusFault_Handler
                0x00000200                UsageFault_Handler
                0x00000206                SVC_Handler
                0x0000020c                DebugMon_Handler
                0x00000212                PendSV_Handler
                0x00000218                SysTick_Handler
                0x0000021e                EINT3_IRQHandler
                0x0000021e                CANActivity_IRQHandler
                0x0000021e                TIMER3_IRQHandler
                0x0000021e                UART0_IRQHandler
                0x0000021e                UART1_IRQHandler
                0x0000021e                EINT2_IRQHandler
                0x0000021e                USBActivity_IRQHandler
                0x0000021e                IntDefaultHandler
                0x0000021e                PLL0_IRQHandler
                0x0000021e                I2C0_IRQHandler
                0x0000021e                I2C1_IRQHandler
                0x0000021e                SSP0_IRQHandler
                0x0000021e                I2S_IRQHandler
                0x0000021e                I2C2_IRQHandler
                0x0000021e                RTC_IRQHandler
                0x0000021e                TIMER0_IRQHandler
                0x0000021e                SPI_IRQHandler
                0x0000021e                RIT_IRQHandler
                0x0000021e                EINT1_IRQHandler
                0x0000021e                TIMER1_IRQHandler
                0x0000021e                UART2_IRQHandler
                0x0000021e                ADC_IRQHandler
                0x0000021e                SSP1_IRQHandler
                0x0000021e                USB_IRQHandler
                0x0000021e                BOD_IRQHandler
                0x0000021e                PLL1_IRQHandler
                0x0000021e                WDT_IRQHandler
                0x0000021e                PWM1_IRQHandler
                0x0000021e                QEI_IRQHandler
                0x0000021e                EINT0_IRQHandler
                0x0000021e                CAN_IRQHandler
                0x0000021e                DMA_IRQHandler
                0x0000021e                TIMER2_IRQHandler
                0x0000021e                UART3_IRQHandler
                0x0000021e                MCPWM_IRQHandler
                0x0000021e                ENET_IRQHandler
                0x000002fc                . = 0x2fc
 *fill*         0x00000224       0xd8 ff
                0x000002fc                PROVIDE (__CRP_WORD_START__ = .)
 *(.crp)
 .crp           0x000002fc        0x4 ./src/crp.o
                0x000002fc                CRP_WORD
                0x00000300                PROVIDE (__CRP_WORD_END__ = .)
                0x00000001                ASSERT (! ((__CRP_WORD_START__ == __CRP_WORD_END__)), Linker CRP Enabled, but no CRP_WORD provided within application)
 *(.text*)
 .text.vMainLoop
                0x00000300       0x94 ./src/lab4.o
                0x00000300                vMainLoop
 .text.main     0x00000394       0x34 ./src/lab4.o
                0x00000394                main
 .text.vApplicationStackOverflowHook
                0x000003c8        0xc ./src/lab4.o
                0x000003c8                vApplicationStackOverflowHook
 .text.vConfigureTimerForRunTimeStats
                0x000003d4       0x74 ./src/lab4.o
                0x000003d4                vConfigureTimerForRunTimeStats
 .text.SystemInit
                0x00000448       0xdc C:\Users\josee\Documents\ISEL\3_Ano-6_Semestre\SE2\CMSIS_CORE_LPC17xx\Debug\libCMSIS_CORE_LPC17xx.a(system_LPC17xx.o)
                0x00000448                SystemInit
 *fill*         0x00000524        0xc ff
 .text          0x00000530      0x264 C:\Users\josee\Documents\ISEL\3_Ano-6_Semestre\SE2\FreeRTOS-Kernel\Debug\libFreeRTOS-Kernel.a(port.o)
                0x00000530                pxPortInitialiseStack
                0x000005ba                vPortSVCHandler
                0x00000602                xPortStartScheduler
                0x00000644                vPortEndScheduler
                0x00000650                vPortEnterCritical
                0x00000684                vPortExitCritical
                0x000006b8                xPortPendSVHandler
                0x00000706                xPortSysTickHandler
                0x0000074c                vPortSetupTimerInterrupt
 .text          0x00000794     0x1dec C:\Users\josee\Documents\ISEL\3_Ano-6_Semestre\SE2\FreeRTOS-Kernel\Debug\libFreeRTOS-Kernel.a(tasks.o)
                0x00000794                xTaskCreate
                0x000009fc                vTaskDelete
                0x00000af8                vTaskDelayUntil
                0x00000b98                vTaskDelay
                0x00000be0                eTaskGetState
                0x00000c90                uxTaskPriorityGet
                0x00000cc4                uxTaskPriorityGetFromISR
                0x00000d1c                vTaskPrioritySet
                0x00000e54                vTaskSuspend
                0x00000f9c                vTaskResume
                0x0000103c                xTaskResumeFromISR
                0x00001100                vTaskStartScheduler
                0x00001174                vTaskEndScheduler
                0x000011a4                vTaskSuspendAll
                0x000011c0                xTaskResumeAll
                0x000012dc                xTaskGetTickCount
                0x000012f8                xTaskGetTickCountFromISR
                0x00001318                uxTaskGetNumberOfTasks
                0x0000132c                pcTaskGetName
                0x00001358                uxTaskGetSystemState
                0x00001478                xTaskCatchUpTicks
                0x000014a4                xTaskIncrementTick
                0x000015f4                vTaskSwitchContext
                0x000016dc                vTaskPlaceOnEventList
                0x00001708                vTaskPlaceOnUnorderedEventList
                0x00001744                xTaskRemoveFromEventList
                0x000017ec                vTaskRemoveFromUnorderedEventList
                0x00001870                vTaskSetTimeOutState
                0x000018a0                vTaskInternalSetTimeOutState
                0x000018cc                xTaskCheckForTimeOut
                0x00001958                vTaskMissedYield
                0x00001970                uxTaskGetTaskNumber
                0x0000199a                vTaskSetTaskNumber
                0x00001aa8                vTaskGetInfo
                0x00001ca4                xTaskGetCurrentTaskHandle
                0x00001cc0                xTaskPriorityInherit
                0x00001dac                xTaskPriorityDisinherit
                0x00001e60                vTaskPriorityDisinheritAfterTimeout
                0x00001f3c                uxTaskResetEventItemValue
                0x00001f6c                pvTaskIncrementMutexHeldCount
                0x00001f94                ulTaskNotifyTake
                0x00002024                xTaskNotifyWait
                0x000020d8                xTaskGenericNotify
                0x000021e8                xTaskGenericNotifyFromISR
                0x0000233c                vTaskNotifyGiveFromISR
                0x00002420                xTaskNotifyStateClear
                0x0000246c                ulTaskNotifyValueClear
 .text          0x00002580      0x418 C:\Users\josee\Documents\ISEL\3_Ano-6_Semestre\SE2\FreeRTOS-Kernel\Debug\libFreeRTOS-Kernel.a(heap_4.o)
                0x00002580                pvPortMalloc
                0x000026b4                vPortFree
                0x00002734                xPortGetFreeHeapSize
                0x00002748                xPortGetMinimumEverFreeHeapSize
                0x0000275c                vPortInitialiseBlocks
                0x000028dc                vPortGetHeapStats
 .text          0x00002998      0x15e C:\Users\josee\Documents\ISEL\3_Ano-6_Semestre\SE2\FreeRTOS-Kernel\Debug\libFreeRTOS-Kernel.a(list.o)
                0x00002998                vListInitialise
                0x000029d6                vListInitialiseItem
                0x000029ee                vListInsertEnd
                0x00002a34                vListInsert
                0x00002aa4                uxListRemove
 *fill*         0x00002af6        0x2 ff
 .text.LCDText_WriteNibble
                0x00002af8       0x5c C:\Users\josee\Documents\ISEL\3_Ano-6_Semestre\SE2\SE2021\Debug\libSE2021.a(lcd.o)
                0x00002af8                LCDText_WriteNibble
 .text.LCDText_WriteByte
                0x00002b54       0x32 C:\Users\josee\Documents\ISEL\3_Ano-6_Semestre\SE2\SE2021\Debug\libSE2021.a(lcd.o)
                0x00002b54                LCDText_WriteByte
 *fill*         0x00002b86        0x2 ff
 .text.LCDText_Init
                0x00002b88       0xac C:\Users\josee\Documents\ISEL\3_Ano-6_Semestre\SE2\SE2021\Debug\libSE2021.a(lcd.o)
                0x00002b88                LCDText_Init
 .text.LCDText_CreateChar
                0x00002c34       0x56 C:\Users\josee\Documents\ISEL\3_Ano-6_Semestre\SE2\SE2021\Debug\libSE2021.a(lcd.o)
                0x00002c34                LCDText_CreateChar
 .text.LCDText_WriteCmd
                0x00002c8a       0x22 C:\Users\josee\Documents\ISEL\3_Ano-6_Semestre\SE2\SE2021\Debug\libSE2021.a(lcd.o)
                0x00002c8a                LCDText_WriteCmd
 .text.LCDText_WriteChar
                0x00002cac       0x30 C:\Users\josee\Documents\ISEL\3_Ano-6_Semestre\SE2\SE2021\Debug\libSE2021.a(lcd.o)
                0x00002cac                LCDText_WriteChar
 .text.LCDText_Locate
                0x00002cdc       0x54 C:\Users\josee\Documents\ISEL\3_Ano-6_Semestre\SE2\SE2021\Debug\libSE2021.a(lcd.o)
                0x00002cdc                LCDText_Locate
 .text.LCDText_Clear
                0x00002d30       0x1c C:\Users\josee\Documents\ISEL\3_Ano-6_Semestre\SE2\SE2021\Debug\libSE2021.a(lcd.o)
                0x00002d30                LCDText_Clear
 .text.LED_On   0x00002d4c       0x24 C:\Users\josee\Documents\ISEL\3_Ano-6_Semestre\SE2\SE2021\Debug\libSE2021.a(led.o)
                0x00002d4c                LED_On
 .text.LED_Off  0x00002d70       0x24 C:\Users\josee\Documents\ISEL\3_Ano-6_Semestre\SE2\SE2021\Debug\libSE2021.a(led.o)
                0x00002d70                LED_Off
 .text.WAIT_Milliseconds
                0x00002d94       0x16 C:\Users\josee\Documents\ISEL\3_Ano-6_Semestre\SE2\SE2021\Debug\libSE2021.a(wait.o)
                0x00002d94                WAIT_Milliseconds
 *fill*         0x00002daa        0x2 ff
 .text.WAIT_Init
                0x00002dac       0x68 C:\Users\josee\Documents\ISEL\3_Ano-6_Semestre\SE2\SE2021\Debug\libSE2021.a(wait.o)
                0x00002dac                WAIT_Init
 .text.WAIT_ChronoUs
                0x00002e14       0x6a C:\Users\josee\Documents\ISEL\3_Ano-6_Semestre\SE2\SE2021\Debug\libSE2021.a(wait.o)
                0x00002e14                WAIT_ChronoUs
 .text.__main   0x00002e7e        0xe c:/nxp/mcuxpressoide_11.3.1_5262/ide/plugins/com.nxp.mcuxpresso.tools.win32_11.3.0.202008311133/tools/bin/../lib/gcc/arm-none-eabi/9.3.1/../../../../arm-none-eabi/lib/thumb/v7-m/nofp\libcr_semihost.a(_cr__main.o)
                0x00002e7e                __CR_SEMIHOST
                0x00002e7e                __main
 .text.memset   0x00002e8c        0x4 c:/nxp/mcuxpressoide_11.3.1_5262/ide/plugins/com.nxp.mcuxpresso.tools.win32_11.3.0.202008311133/tools/bin/../lib/gcc/arm-none-eabi/9.3.1/../../../../arm-none-eabi/lib/thumb/v7-m/nofp\libcr_c.a(memset.o)
                0x00002e8c                memset
 .text._initio  0x00002e90       0x78 c:/nxp/mcuxpressoide_11.3.1_5262/ide/plugins/com.nxp.mcuxpresso.tools.win32_11.3.0.202008311133/tools/bin/../lib/gcc/arm-none-eabi/9.3.1/../../../../arm-none-eabi/lib/thumb/v7-m/nofp\libcr_c.a(initio.o)
                0x00002e90                _initio
 .text.setvbuf  0x00002f08       0x3e c:/nxp/mcuxpressoide_11.3.1_5262/ide/plugins/com.nxp.mcuxpresso.tools.win32_11.3.0.202008311133/tools/bin/../lib/gcc/arm-none-eabi/9.3.1/../../../../arm-none-eabi/lib/thumb/v7-m/nofp\libcr_c.a(setvbuf.o)
                0x00002f08                setvbuf
 .text._fdopen  0x00002f46       0x68 c:/nxp/mcuxpressoide_11.3.1_5262/ide/plugins/com.nxp.mcuxpresso.tools.win32_11.3.0.202008311133/tools/bin/../lib/gcc/arm-none-eabi/9.3.1/../../../../arm-none-eabi/lib/thumb/v7-m/nofp\libcr_c.a(_fdopen.o)
                0x00002f46                _fdopen
 .text.fclose   0x00002fae       0x58 c:/nxp/mcuxpressoide_11.3.1_5262/ide/plugins/com.nxp.mcuxpresso.tools.win32_11.3.0.202008311133/tools/bin/../lib/gcc/arm-none-eabi/9.3.1/../../../../arm-none-eabi/lib/thumb/v7-m/nofp\libcr_c.a(fclose.o)
                0x00002fae                fclose
 *fill*         0x00003006        0x2 ff
 .text.fflush   0x00003008       0x44 c:/nxp/mcuxpressoide_11.3.1_5262/ide/plugins/com.nxp.mcuxpresso.tools.win32_11.3.0.202008311133/tools/bin/../lib/gcc/arm-none-eabi/9.3.1/../../../../arm-none-eabi/lib/thumb/v7-m/nofp\libcr_c.a(fflush.o)
                0x00003008                fflush
 .text.fseek    0x0000304c      0x100 c:/nxp/mcuxpressoide_11.3.1_5262/ide/plugins/com.nxp.mcuxpresso.tools.win32_11.3.0.202008311133/tools/bin/../lib/gcc/arm-none-eabi/9.3.1/../../../../arm-none-eabi/lib/thumb/v7-m/nofp\libcr_c.a(fseek.o)
                0x0000304c                fseek
 .text.ftell    0x0000314c       0x44 c:/nxp/mcuxpressoide_11.3.1_5262/ide/plugins/com.nxp.mcuxpresso.tools.win32_11.3.0.202008311133/tools/bin/../lib/gcc/arm-none-eabi/9.3.1/../../../../arm-none-eabi/lib/thumb/v7-m/nofp\libcr_c.a(ftell.o)
                0x0000314c                ftell
 .text.remove   0x00003190       0x14 c:/nxp/mcuxpressoide_11.3.1_5262/ide/plugins/com.nxp.mcuxpresso.tools.win32_11.3.0.202008311133/tools/bin/../lib/gcc/arm-none-eabi/9.3.1/../../../../arm-none-eabi/lib/thumb/v7-m/nofp\libcr_c.a(remove.o)
                0x00003190                remove
 .text.strlen   0x000031a4       0x4c c:/nxp/mcuxpressoide_11.3.1_5262/ide/plugins/com.nxp.mcuxpresso.tools.win32_11.3.0.202008311133/tools/bin/../lib/gcc/arm-none-eabi/9.3.1/../../../../arm-none-eabi/lib/thumb/v7-m/nofp\libcr_c.a(strlen.o)
                0x000031a4                strlen
 .text._do_fflush
                0x000031f0       0x40 c:/nxp/mcuxpressoide_11.3.1_5262/ide/plugins/com.nxp.mcuxpresso.tools.win32_11.3.0.202008311133/tools/bin/../lib/gcc/arm-none-eabi/9.3.1/../../../../arm-none-eabi/lib/thumb/v7-m/nofp\libcr_c.a(_do_fflush.o)
                0x000031f0                _do_fflush
 .text._fflush  0x00003230       0x52 c:/nxp/mcuxpressoide_11.3.1_5262/ide/plugins/com.nxp.mcuxpresso.tools.win32_11.3.0.202008311133/tools/bin/../lib/gcc/arm-none-eabi/9.3.1/../../../../arm-none-eabi/lib/thumb/v7-m/nofp\libcr_c.a(_fflush.o)
                0x00003230                _fflush
 *fill*         0x00003282        0x2 ff
 .text._Cwritebuf
                0x00003284       0x6c c:/nxp/mcuxpressoide_11.3.1_5262/ide/plugins/com.nxp.mcuxpresso.tools.win32_11.3.0.202008311133/tools/bin/../lib/gcc/arm-none-eabi/9.3.1/../../../../arm-none-eabi/lib/thumb/v7-m/nofp\libcr_c.a(_writebuf.o)
                0x00003284                _Cwritebuf
 .text.free     0x000032f0       0x30 c:/nxp/mcuxpressoide_11.3.1_5262/ide/plugins/com.nxp.mcuxpresso.tools.win32_11.3.0.202008311133/tools/bin/../lib/gcc/arm-none-eabi/9.3.1/../../../../arm-none-eabi/lib/thumb/v7-m/nofp\libcr_c.a(alloc.o)
                0x000032f0                free
 .text._deferredlazyseek
                0x00003320       0x40 c:/nxp/mcuxpressoide_11.3.1_5262/ide/plugins/com.nxp.mcuxpresso.tools.win32_11.3.0.202008311133/tools/bin/../lib/gcc/arm-none-eabi/9.3.1/../../../../arm-none-eabi/lib/thumb/v7-m/nofp\libcr_c.a(_deferredlazyseek.o)
                0x00003320                _deferredlazyseek
 .text.__aeabi_fdiv
                0x00003360       0xc0 c:/nxp/mcuxpressoide_11.3.1_5262/ide/plugins/com.nxp.mcuxpresso.tools.win32_11.3.0.202008311133/tools/bin/../lib/gcc/arm-none-eabi/9.3.1/thumb/v7-m/nofp\libcr_eabihelpers.a(float.o)
                0x00003360                __aeabi_fdiv
 .text.__aeabi_fsub
                0x00003420       0xe4 c:/nxp/mcuxpressoide_11.3.1_5262/ide/plugins/com.nxp.mcuxpresso.tools.win32_11.3.0.202008311133/tools/bin/../lib/gcc/arm-none-eabi/9.3.1/thumb/v7-m/nofp\libcr_eabihelpers.a(float.o)
                0x00003420                __aeabi_fsub
 .text.__aeabi_fadd
                0x00003504       0xb4 c:/nxp/mcuxpressoide_11.3.1_5262/ide/plugins/com.nxp.mcuxpresso.tools.win32_11.3.0.202008311133/tools/bin/../lib/gcc/arm-none-eabi/9.3.1/thumb/v7-m/nofp\libcr_eabihelpers.a(float.o)
                0x00003504                __aeabi_fadd
 .text.__aeabi_f2uiz
                0x000035b8       0x28 c:/nxp/mcuxpressoide_11.3.1_5262/ide/plugins/com.nxp.mcuxpresso.tools.win32_11.3.0.202008311133/tools/bin/../lib/gcc/arm-none-eabi/9.3.1/thumb/v7-m/nofp\libcr_eabihelpers.a(float.o)
                0x000035b8                __aeabi_f2uiz
 .text.__bhs_ui2f
                0x000035e0       0x26 c:/nxp/mcuxpressoide_11.3.1_5262/ide/plugins/com.nxp.mcuxpresso.tools.win32_11.3.0.202008311133/tools/bin/../lib/gcc/arm-none-eabi/9.3.1/thumb/v7-m/nofp\libcr_eabihelpers.a(float.o)
                0x000035e0                __bhs_ui2f
 .text.__aeabi_ui2f
                0x00003606        0x8 c:/nxp/mcuxpressoide_11.3.1_5262/ide/plugins/com.nxp.mcuxpresso.tools.win32_11.3.0.202008311133/tools/bin/../lib/gcc/arm-none-eabi/9.3.1/thumb/v7-m/nofp\libcr_eabihelpers.a(float.o)
                0x00003606                __aeabi_ui2f
 .text.__aeabi_memset_lowlevel
                0x0000360e       0x32 c:/nxp/mcuxpressoide_11.3.1_5262/ide/plugins/com.nxp.mcuxpresso.tools.win32_11.3.0.202008311133/tools/bin/../lib/gcc/arm-none-eabi/9.3.1/thumb/v7-m/nofp\libcr_eabihelpers.a(memcpy.o)
                0x0000360e                __aeabi_lowlevel_memset
 .text.__sys_close
                0x00003640        0xc c:/nxp/mcuxpressoide_11.3.1_5262/ide/plugins/com.nxp.mcuxpresso.tools.win32_11.3.0.202008311133/tools/bin/../lib/gcc/arm-none-eabi/9.3.1/../../../../arm-none-eabi/lib/thumb/v7-m/nofp\libcr_semihost.a(__sys_close.o)
                0x00003640                __sys_close
 .text.__sys_flen
                0x0000364c        0xc c:/nxp/mcuxpressoide_11.3.1_5262/ide/plugins/com.nxp.mcuxpresso.tools.win32_11.3.0.202008311133/tools/bin/../lib/gcc/arm-none-eabi/9.3.1/../../../../arm-none-eabi/lib/thumb/v7-m/nofp\libcr_semihost.a(__sys_flen.o)
                0x0000364c                __sys_flen
 .text.__sys_istty
                0x00003658        0xc c:/nxp/mcuxpressoide_11.3.1_5262/ide/plugins/com.nxp.mcuxpresso.tools.win32_11.3.0.202008311133/tools/bin/../lib/gcc/arm-none-eabi/9.3.1/../../../../arm-none-eabi/lib/thumb/v7-m/nofp\libcr_semihost.a(__sys_istty.o)
                0x00003658                __sys_istty
 .text.__sys_remove
                0x00003664        0xc c:/nxp/mcuxpressoide_11.3.1_5262/ide/plugins/com.nxp.mcuxpresso.tools.win32_11.3.0.202008311133/tools/bin/../lib/gcc/arm-none-eabi/9.3.1/../../../../arm-none-eabi/lib/thumb/v7-m/nofp\libcr_semihost.a(__sys_remove.o)
                0x00003664                __sys_remove
 .text.__sys_seek
                0x00003670        0xc c:/nxp/mcuxpressoide_11.3.1_5262/ide/plugins/com.nxp.mcuxpresso.tools.win32_11.3.0.202008311133/tools/bin/../lib/gcc/arm-none-eabi/9.3.1/../../../../arm-none-eabi/lib/thumb/v7-m/nofp\libcr_semihost.a(__sys_seek.o)
                0x00003670                __sys_seek
 .text.__sys_tmpnam
                0x0000367c        0xc c:/nxp/mcuxpressoide_11.3.1_5262/ide/plugins/com.nxp.mcuxpresso.tools.win32_11.3.0.202008311133/tools/bin/../lib/gcc/arm-none-eabi/9.3.1/../../../../arm-none-eabi/lib/thumb/v7-m/nofp\libcr_semihost.a(__sys_tmpnam.o)
                0x0000367c                __sys_tmpnam
 .text.__sys_write
                0x00003688        0xc c:/nxp/mcuxpressoide_11.3.1_5262/ide/plugins/com.nxp.mcuxpresso.tools.win32_11.3.0.202008311133/tools/bin/../lib/gcc/arm-none-eabi/9.3.1/../../../../arm-none-eabi/lib/thumb/v7-m/nofp\libcr_semihost.a(__sys_write.o)
                0x00003688                __sys_write
 *(.rodata .rodata.* .constdata .constdata.*)
 .rodata.main.str1.4
                0x00003694        0x9 ./src/lab4.o
 *fill*         0x0000369d        0x3 ff
 .rodata.str1.4
                0x000036a0        0x5 C:\Users\josee\Documents\ISEL\3_Ano-6_Semestre\SE2\FreeRTOS-Kernel\Debug\libFreeRTOS-Kernel.a(tasks.o)
 *fill*         0x000036a5        0x3 ff
 .rodata.LCDText_Init.str1.4
                0x000036a8        0x8 C:\Users\josee\Documents\ISEL\3_Ano-6_Semestre\SE2\SE2021\Debug\libSE2021.a(lcd.o)
 .rodata._initio.str1.1
                0x000036b0        0x4 c:/nxp/mcuxpressoide_11.3.1_5262/ide/plugins/com.nxp.mcuxpresso.tools.win32_11.3.0.202008311133/tools/bin/../lib/gcc/arm-none-eabi/9.3.1/../../../../arm-none-eabi/lib/thumb/v7-m/nofp\libcr_c.a(initio.o)
 .rodata.__num_Ciob_streams
                0x000036b4        0x4 c:/nxp/mcuxpressoide_11.3.1_5262/ide/plugins/com.nxp.mcuxpresso.tools.win32_11.3.0.202008311133/tools/bin/../lib/gcc/arm-none-eabi/9.3.1/../../../../arm-none-eabi/lib/thumb/v7-m/nofp\libcr_semihost.a(__ciob.o)
                0x000036b4                __num_Ciob_streams
                0x000036b8                . = ALIGN (0x4)

.glue_7         0x000036b8        0x0
 .glue_7        0x000036b8        0x0 linker stubs

.glue_7t        0x000036b8        0x0
 .glue_7t       0x000036b8        0x0 linker stubs

.vfp11_veneer   0x000036b8        0x0
 .vfp11_veneer  0x000036b8        0x0 linker stubs

.v4_bx          0x000036b8        0x0
 .v4_bx         0x000036b8        0x0 linker stubs

.iplt           0x000036b8        0x0
 .iplt          0x000036b8        0x0 ./src/cr_startup_lpc175x_6x-FreeRTOS.o

.rel.dyn        0x000036b8        0x0
 .rel.iplt      0x000036b8        0x0 ./src/cr_startup_lpc175x_6x-FreeRTOS.o

.ARM.extab
 *(.ARM.extab* .gnu.linkonce.armextab.*)

.ARM.exidx      0x000036b8        0x0
                0x000036b8                __exidx_start = .
 *(.ARM.exidx* .gnu.linkonce.armexidx.*)
                0x000036b8                __exidx_end = .
                0x000036b8                _etext = .

.data_RAM2      0x2007c000        0x0 load address 0x000036b8
 FILL mask 0xff
                [!provide]                PROVIDE (__start_data_RAM2 = .)
                [!provide]                PROVIDE (__start_data_RamAHB32 = .)
 *(.ramfunc.$RAM2)
 *(.ramfunc.$RamAHB32)
 *(.data.$RAM2)
 *(.data.$RamAHB32)
 *(.data.$RAM2.*)
 *(.data.$RamAHB32.*)
                0x2007c000                . = ALIGN (0x4)
                [!provide]                PROVIDE (__end_data_RAM2 = .)
                [!provide]                PROVIDE (__end_data_RamAHB32 = .)

.uninit_RESERVED
                0x10000000        0x0
                0x10000000                _start_uninit_RESERVED = .
 *(.bss.$RESERVED*)
                0x10000000                . = ALIGN (0x4)
                0x10000000                _end_uninit_RESERVED = .

.data           0x10000000        0x8 load address 0x000036b8
 FILL mask 0xff
                0x10000000                _data = .
                [!provide]                PROVIDE (__start_data_RAM = .)
                [!provide]                PROVIDE (__start_data_RamLoc32 = .)
 *(vtable)
 *(.ramfunc*)
 *(CodeQuickAccess)
 *(DataQuickAccess)
 *(RamFunction)
 *(.data*)
 .data.SystemCoreClock
                0x10000000        0x4 C:\Users\josee\Documents\ISEL\3_Ano-6_Semestre\SE2\CMSIS_CORE_LPC17xx\Debug\libCMSIS_CORE_LPC17xx.a(system_LPC17xx.o)
                0x10000000                SystemCoreClock
 .data          0x10000004        0x4 C:\Users\josee\Documents\ISEL\3_Ano-6_Semestre\SE2\FreeRTOS-Kernel\Debug\libFreeRTOS-Kernel.a(port.o)
                0x10000008                . = ALIGN (0x4)
                0x10000008                _edata = .
                [!provide]                PROVIDE (__end_data_RAM = .)
                [!provide]                PROVIDE (__end_data_RamLoc32 = .)

.igot.plt       0x10000008        0x0 load address 0x000036c0
 .igot.plt      0x10000008        0x0 ./src/cr_startup_lpc175x_6x-FreeRTOS.o

.bss_RAM2       0x2007c000        0x0
                [!provide]                PROVIDE (__start_bss_RAM2 = .)
                [!provide]                PROVIDE (__start_bss_RamAHB32 = .)
 *(.bss.$RAM2)
 *(.bss.$RamAHB32)
 *(.bss.$RAM2.*)
 *(.bss.$RamAHB32.*)
                0x2007c000                . = ALIGN ((. != 0x0)?0x4:0x1)
                [!provide]                PROVIDE (__end_bss_RAM2 = .)
                [!provide]                PROVIDE (__end_bss_RamAHB32 = .)

.bss            0x10000008     0x3b1c
                0x10000008                _bss = .
                [!provide]                PROVIDE (__start_bss_RAM = .)
                [!provide]                PROVIDE (__start_bss_RamLoc32 = .)
 *(.bss*)
 .bss           0x10000008      0x10c C:\Users\josee\Documents\ISEL\3_Ano-6_Semestre\SE2\FreeRTOS-Kernel\Debug\libFreeRTOS-Kernel.a(tasks.o)
                0x10000008                pxCurrentTCB
 .bss           0x10000114     0x3820 C:\Users\josee\Documents\ISEL\3_Ano-6_Semestre\SE2\FreeRTOS-Kernel\Debug\libFreeRTOS-Kernel.a(heap_4.o)
 .bss.x         0x10003934        0x4 C:\Users\josee\Documents\ISEL\3_Ano-6_Semestre\SE2\SE2021\Debug\libSE2021.a(lcd.o)
                0x10003934                x
 .bss.y         0x10003938        0x4 C:\Users\josee\Documents\ISEL\3_Ano-6_Semestre\SE2\SE2021\Debug\libSE2021.a(lcd.o)
                0x10003938                y
 .bss.led_state
                0x1000393c        0x1 C:\Users\josee\Documents\ISEL\3_Ano-6_Semestre\SE2\SE2021\Debug\libSE2021.a(led.o)
                0x1000393c                led_state
 *fill*         0x1000393d        0x3 
 .bss.errno     0x10003940        0x4 c:/nxp/mcuxpressoide_11.3.1_5262/ide/plugins/com.nxp.mcuxpresso.tools.win32_11.3.0.202008311133/tools/bin/../lib/gcc/arm-none-eabi/9.3.1/../../../../arm-none-eabi/lib/thumb/v7-m/nofp\libcr_c.a(errno.o)
                0x10003940                errno
 .bss.__Ciob    0x10003944      0x1e0 c:/nxp/mcuxpressoide_11.3.1_5262/ide/plugins/com.nxp.mcuxpresso.tools.win32_11.3.0.202008311133/tools/bin/../lib/gcc/arm-none-eabi/9.3.1/../../../../arm-none-eabi/lib/thumb/v7-m/nofp\libcr_semihost.a(__ciob.o)
                0x10003944                __Ciob
 *(COMMON)
                0x10003b24                . = ALIGN (0x4)
                0x10003b24                _ebss = .
                [!provide]                PROVIDE (__end_bss_RAM = .)
                [!provide]                PROVIDE (__end_bss_RamLoc32 = .)
                [!provide]                PROVIDE (end = .)

.noinit_RAM2    0x2007c000        0x0
                [!provide]                PROVIDE (__start_noinit_RAM2 = .)
                [!provide]                PROVIDE (__start_noinit_RamAHB32 = .)
 *(.noinit.$RAM2)
 *(.noinit.$RamAHB32)
 *(.noinit.$RAM2.*)
 *(.noinit.$RamAHB32.*)
                0x2007c000                . = ALIGN (0x4)
                [!provide]                PROVIDE (__end_noinit_RAM2 = .)
                [!provide]                PROVIDE (__end_noinit_RamAHB32 = .)

.noinit         0x10003b24        0x0
                0x10003b24                _noinit = .
                [!provide]                PROVIDE (__start_noinit_RAM = .)
                [!provide]                PROVIDE (__start_noinit_RamLoc32 = .)
 *(.noinit*)
                0x10003b24                . = ALIGN (0x4)
                0x10003b24                _end_noinit = .
                [!provide]                PROVIDE (__end_noinit_RAM = .)
                [!provide]                PROVIDE (__end_noinit_RamLoc32 = .)
                0x10003b24                PROVIDE (_pvHeapStart = DEFINED (__user_heap_base)?__user_heap_base:.)
                0x10008000                PROVIDE (_vStackTop = DEFINED (__user_stack_top)?__user_stack_top:(__top_RamLoc32 - 0x0))
                0xefff74c6                PROVIDE (__valid_user_code_checksum = (0x0 - ((((((_vStackTop + (ResetISR + 0x1)) + (NMI_Handler + 0x1)) + (HardFault_Handler + 0x1)) + (DEFINED (MemManage_Handler)?MemManage_Handler:0x0 + 0x1)) + (DEFINED (BusFault_Handler)?BusFault_Handler:0x0 + 0x1)) + (DEFINED (UsageFault_Handler)?UsageFault_Handler:0x0 + 0x1))))
                0x00000000                _image_start = LOADADDR (.text)
                0x000036c0                _image_end = (LOADADDR (.data) + SIZEOF (.data))
                0x000036c0                _image_size = (_image_end - _image_start)
OUTPUT(lab4.axf elf32-littlearm)
LOAD linker stubs

.debug_info     0x00000000     0x6547
 .debug_info    0x00000000      0x276 ./src/cr_startup_lpc175x_6x-FreeRTOS.o
 .debug_info    0x00000276       0x40 ./src/crp.o
 .debug_info    0x000002b6      0x65e ./src/lab4.o
 .debug_info    0x00000914      0x37d C:\Users\josee\Documents\ISEL\3_Ano-6_Semestre\SE2\CMSIS_CORE_LPC17xx\Debug\libCMSIS_CORE_LPC17xx.a(system_LPC17xx.o)
 .debug_info    0x00000c91      0x317 C:\Users\josee\Documents\ISEL\3_Ano-6_Semestre\SE2\FreeRTOS-Kernel\Debug\libFreeRTOS-Kernel.a(port.o)
 .debug_info    0x00000fa8     0x24a7 C:\Users\josee\Documents\ISEL\3_Ano-6_Semestre\SE2\FreeRTOS-Kernel\Debug\libFreeRTOS-Kernel.a(tasks.o)
 .debug_info    0x0000344f      0xd0e C:\Users\josee\Documents\ISEL\3_Ano-6_Semestre\SE2\FreeRTOS-Kernel\Debug\libFreeRTOS-Kernel.a(heap_4.o)
 .debug_info    0x0000415d      0xbac C:\Users\josee\Documents\ISEL\3_Ano-6_Semestre\SE2\FreeRTOS-Kernel\Debug\libFreeRTOS-Kernel.a(list.o)
 .debug_info    0x00004d09      0xf0f C:\Users\josee\Documents\ISEL\3_Ano-6_Semestre\SE2\SE2021\Debug\libSE2021.a(lcd.o)
 .debug_info    0x00005c18      0x44d C:\Users\josee\Documents\ISEL\3_Ano-6_Semestre\SE2\SE2021\Debug\libSE2021.a(led.o)
 .debug_info    0x00006065      0x4e2 C:\Users\josee\Documents\ISEL\3_Ano-6_Semestre\SE2\SE2021\Debug\libSE2021.a(wait.o)

.debug_abbrev   0x00000000     0x13f5
 .debug_abbrev  0x00000000      0x12a ./src/cr_startup_lpc175x_6x-FreeRTOS.o
 .debug_abbrev  0x0000012a       0x38 ./src/crp.o
 .debug_abbrev  0x00000162      0x1c8 ./src/lab4.o
 .debug_abbrev  0x0000032a      0x11c C:\Users\josee\Documents\ISEL\3_Ano-6_Semestre\SE2\CMSIS_CORE_LPC17xx\Debug\libCMSIS_CORE_LPC17xx.a(system_LPC17xx.o)
 .debug_abbrev  0x00000446      0x20c C:\Users\josee\Documents\ISEL\3_Ano-6_Semestre\SE2\FreeRTOS-Kernel\Debug\libFreeRTOS-Kernel.a(port.o)
 .debug_abbrev  0x00000652      0x3a9 C:\Users\josee\Documents\ISEL\3_Ano-6_Semestre\SE2\FreeRTOS-Kernel\Debug\libFreeRTOS-Kernel.a(tasks.o)
 .debug_abbrev  0x000009fb      0x278 C:\Users\josee\Documents\ISEL\3_Ano-6_Semestre\SE2\FreeRTOS-Kernel\Debug\libFreeRTOS-Kernel.a(heap_4.o)
 .debug_abbrev  0x00000c73      0x1f7 C:\Users\josee\Documents\ISEL\3_Ano-6_Semestre\SE2\FreeRTOS-Kernel\Debug\libFreeRTOS-Kernel.a(list.o)
 .debug_abbrev  0x00000e6a      0x2b8 C:\Users\josee\Documents\ISEL\3_Ano-6_Semestre\SE2\SE2021\Debug\libSE2021.a(lcd.o)
 .debug_abbrev  0x00001122      0x13d C:\Users\josee\Documents\ISEL\3_Ano-6_Semestre\SE2\SE2021\Debug\libSE2021.a(led.o)
 .debug_abbrev  0x0000125f      0x196 C:\Users\josee\Documents\ISEL\3_Ano-6_Semestre\SE2\SE2021\Debug\libSE2021.a(wait.o)

.debug_aranges  0x00000000      0x260
 .debug_aranges
                0x00000000       0x80 ./src/cr_startup_lpc175x_6x-FreeRTOS.o
 .debug_aranges
                0x00000080       0x18 ./src/crp.o
 .debug_aranges
                0x00000098       0x38 ./src/lab4.o
 .debug_aranges
                0x000000d0       0x28 C:\Users\josee\Documents\ISEL\3_Ano-6_Semestre\SE2\CMSIS_CORE_LPC17xx\Debug\libCMSIS_CORE_LPC17xx.a(system_LPC17xx.o)
 .debug_aranges
                0x000000f8       0x20 C:\Users\josee\Documents\ISEL\3_Ano-6_Semestre\SE2\FreeRTOS-Kernel\Debug\libFreeRTOS-Kernel.a(port.o)
 .debug_aranges
                0x00000118       0x20 C:\Users\josee\Documents\ISEL\3_Ano-6_Semestre\SE2\FreeRTOS-Kernel\Debug\libFreeRTOS-Kernel.a(tasks.o)
 .debug_aranges
                0x00000138       0x20 C:\Users\josee\Documents\ISEL\3_Ano-6_Semestre\SE2\FreeRTOS-Kernel\Debug\libFreeRTOS-Kernel.a(heap_4.o)
 .debug_aranges
                0x00000158       0x20 C:\Users\josee\Documents\ISEL\3_Ano-6_Semestre\SE2\FreeRTOS-Kernel\Debug\libFreeRTOS-Kernel.a(list.o)
 .debug_aranges
                0x00000178       0x78 C:\Users\josee\Documents\ISEL\3_Ano-6_Semestre\SE2\SE2021\Debug\libSE2021.a(lcd.o)
 .debug_aranges
                0x000001f0       0x38 C:\Users\josee\Documents\ISEL\3_Ano-6_Semestre\SE2\SE2021\Debug\libSE2021.a(led.o)
 .debug_aranges
                0x00000228       0x38 C:\Users\josee\Documents\ISEL\3_Ano-6_Semestre\SE2\SE2021\Debug\libSE2021.a(wait.o)

.debug_ranges   0x00000000      0x168
 .debug_ranges  0x00000000       0x70 ./src/cr_startup_lpc175x_6x-FreeRTOS.o
 .debug_ranges  0x00000070       0x28 ./src/lab4.o
 .debug_ranges  0x00000098       0x18 C:\Users\josee\Documents\ISEL\3_Ano-6_Semestre\SE2\CMSIS_CORE_LPC17xx\Debug\libCMSIS_CORE_LPC17xx.a(system_LPC17xx.o)
 .debug_ranges  0x000000b0       0x68 C:\Users\josee\Documents\ISEL\3_Ano-6_Semestre\SE2\SE2021\Debug\libSE2021.a(lcd.o)
 .debug_ranges  0x00000118       0x28 C:\Users\josee\Documents\ISEL\3_Ano-6_Semestre\SE2\SE2021\Debug\libSE2021.a(led.o)
 .debug_ranges  0x00000140       0x28 C:\Users\josee\Documents\ISEL\3_Ano-6_Semestre\SE2\SE2021\Debug\libSE2021.a(wait.o)

.debug_macro    0x00000000     0x74af
 .debug_macro   0x00000000       0x1d ./src/cr_startup_lpc175x_6x-FreeRTOS.o
 .debug_macro   0x0000001d      0xaae ./src/cr_startup_lpc175x_6x-FreeRTOS.o
 .debug_macro   0x00000acb       0x1a ./src/crp.o
 .debug_macro   0x00000ae5       0x34 ./src/crp.o
 .debug_macro   0x00000b19      0x13a ./src/lab4.o
 .debug_macro   0x00000c53       0x1c ./src/lab4.o
 .debug_macro   0x00000c6f       0x3a ./src/lab4.o
 .debug_macro   0x00000ca9       0x10 ./src/lab4.o
 .debug_macro   0x00000cb9      0x12e ./src/lab4.o
 .debug_macro   0x00000de7      0x5b3 ./src/lab4.o
 .debug_macro   0x0000139a       0x2d ./src/lab4.o
 .debug_macro   0x000013c7      0xbb1 ./src/lab4.o
 .debug_macro   0x00001f78      0x2c7 ./src/lab4.o
 .debug_macro   0x0000223f       0x16 ./src/lab4.o
 .debug_macro   0x00002255       0xe2 ./src/lab4.o
 .debug_macro   0x00002337      0x15a ./src/lab4.o
 .debug_macro   0x00002491       0xe3 ./src/lab4.o
 .debug_macro   0x00002574       0x1c ./src/lab4.o
 .debug_macro   0x00002590       0x26 ./src/lab4.o
 .debug_macro   0x000025b6      0x4e8 ./src/lab4.o
 .debug_macro   0x00002a9e       0xb5 ./src/lab4.o
 .debug_macro   0x00002b53       0xaa ./src/lab4.o
 .debug_macro   0x00002bfd       0x82 ./src/lab4.o
 .debug_macro   0x00002c7f       0x9a ./src/lab4.o
 .debug_macro   0x00002d19       0x1c ./src/lab4.o
 .debug_macro   0x00002d35       0x22 ./src/lab4.o
 .debug_macro   0x00002d57       0x52 ./src/lab4.o
 .debug_macro   0x00002da9      0x12d C:\Users\josee\Documents\ISEL\3_Ano-6_Semestre\SE2\CMSIS_CORE_LPC17xx\Debug\libCMSIS_CORE_LPC17xx.a(system_LPC17xx.o)
 .debug_macro   0x00002ed6      0xaae C:\Users\josee\Documents\ISEL\3_Ano-6_Semestre\SE2\CMSIS_CORE_LPC17xx\Debug\libCMSIS_CORE_LPC17xx.a(system_LPC17xx.o)
 .debug_macro   0x00003984      0x1b3 C:\Users\josee\Documents\ISEL\3_Ano-6_Semestre\SE2\FreeRTOS-Kernel\Debug\libFreeRTOS-Kernel.a(port.o)
 .debug_macro   0x00003b37      0xa96 C:\Users\josee\Documents\ISEL\3_Ano-6_Semestre\SE2\FreeRTOS-Kernel\Debug\libFreeRTOS-Kernel.a(port.o)
 .debug_macro   0x000045cd      0x174 C:\Users\josee\Documents\ISEL\3_Ano-6_Semestre\SE2\FreeRTOS-Kernel\Debug\libFreeRTOS-Kernel.a(port.o)
 .debug_macro   0x00004741       0x22 C:\Users\josee\Documents\ISEL\3_Ano-6_Semestre\SE2\FreeRTOS-Kernel\Debug\libFreeRTOS-Kernel.a(port.o)
 .debug_macro   0x00004763       0x8e C:\Users\josee\Documents\ISEL\3_Ano-6_Semestre\SE2\FreeRTOS-Kernel\Debug\libFreeRTOS-Kernel.a(port.o)
 .debug_macro   0x000047f1       0x51 C:\Users\josee\Documents\ISEL\3_Ano-6_Semestre\SE2\FreeRTOS-Kernel\Debug\libFreeRTOS-Kernel.a(port.o)
 .debug_macro   0x00004842      0x103 C:\Users\josee\Documents\ISEL\3_Ano-6_Semestre\SE2\FreeRTOS-Kernel\Debug\libFreeRTOS-Kernel.a(port.o)
 .debug_macro   0x00004945       0x6a C:\Users\josee\Documents\ISEL\3_Ano-6_Semestre\SE2\FreeRTOS-Kernel\Debug\libFreeRTOS-Kernel.a(port.o)
 .debug_macro   0x000049af      0x1df C:\Users\josee\Documents\ISEL\3_Ano-6_Semestre\SE2\FreeRTOS-Kernel\Debug\libFreeRTOS-Kernel.a(port.o)
 .debug_macro   0x00004b8e       0xdc C:\Users\josee\Documents\ISEL\3_Ano-6_Semestre\SE2\FreeRTOS-Kernel\Debug\libFreeRTOS-Kernel.a(port.o)
 .debug_macro   0x00004c6a      0x2b5 C:\Users\josee\Documents\ISEL\3_Ano-6_Semestre\SE2\FreeRTOS-Kernel\Debug\libFreeRTOS-Kernel.a(tasks.o)
 .debug_macro   0x00004f1f       0x18 C:\Users\josee\Documents\ISEL\3_Ano-6_Semestre\SE2\FreeRTOS-Kernel\Debug\libFreeRTOS-Kernel.a(tasks.o)
 .debug_macro   0x00004f37       0x4c C:\Users\josee\Documents\ISEL\3_Ano-6_Semestre\SE2\FreeRTOS-Kernel\Debug\libFreeRTOS-Kernel.a(tasks.o)
 .debug_macro   0x00004f83       0x94 C:\Users\josee\Documents\ISEL\3_Ano-6_Semestre\SE2\FreeRTOS-Kernel\Debug\libFreeRTOS-Kernel.a(tasks.o)
 .debug_macro   0x00005017       0x3c C:\Users\josee\Documents\ISEL\3_Ano-6_Semestre\SE2\FreeRTOS-Kernel\Debug\libFreeRTOS-Kernel.a(tasks.o)
 .debug_macro   0x00005053       0x34 C:\Users\josee\Documents\ISEL\3_Ano-6_Semestre\SE2\FreeRTOS-Kernel\Debug\libFreeRTOS-Kernel.a(tasks.o)
 .debug_macro   0x00005087       0x16 C:\Users\josee\Documents\ISEL\3_Ano-6_Semestre\SE2\FreeRTOS-Kernel\Debug\libFreeRTOS-Kernel.a(tasks.o)
 .debug_macro   0x0000509d      0x10e C:\Users\josee\Documents\ISEL\3_Ano-6_Semestre\SE2\FreeRTOS-Kernel\Debug\libFreeRTOS-Kernel.a(tasks.o)
 .debug_macro   0x000051ab       0x8d C:\Users\josee\Documents\ISEL\3_Ano-6_Semestre\SE2\FreeRTOS-Kernel\Debug\libFreeRTOS-Kernel.a(tasks.o)
 .debug_macro   0x00005238       0x16 C:\Users\josee\Documents\ISEL\3_Ano-6_Semestre\SE2\FreeRTOS-Kernel\Debug\libFreeRTOS-Kernel.a(tasks.o)
 .debug_macro   0x0000524e       0x43 C:\Users\josee\Documents\ISEL\3_Ano-6_Semestre\SE2\FreeRTOS-Kernel\Debug\libFreeRTOS-Kernel.a(tasks.o)
 .debug_macro   0x00005291       0x57 C:\Users\josee\Documents\ISEL\3_Ano-6_Semestre\SE2\FreeRTOS-Kernel\Debug\libFreeRTOS-Kernel.a(tasks.o)
 .debug_macro   0x000052e8       0x34 C:\Users\josee\Documents\ISEL\3_Ano-6_Semestre\SE2\FreeRTOS-Kernel\Debug\libFreeRTOS-Kernel.a(tasks.o)
 .debug_macro   0x0000531c       0x10 C:\Users\josee\Documents\ISEL\3_Ano-6_Semestre\SE2\FreeRTOS-Kernel\Debug\libFreeRTOS-Kernel.a(tasks.o)
 .debug_macro   0x0000532c       0x58 C:\Users\josee\Documents\ISEL\3_Ano-6_Semestre\SE2\FreeRTOS-Kernel\Debug\libFreeRTOS-Kernel.a(tasks.o)
 .debug_macro   0x00005384       0x71 C:\Users\josee\Documents\ISEL\3_Ano-6_Semestre\SE2\FreeRTOS-Kernel\Debug\libFreeRTOS-Kernel.a(tasks.o)
 .debug_macro   0x000053f5       0x1c C:\Users\josee\Documents\ISEL\3_Ano-6_Semestre\SE2\FreeRTOS-Kernel\Debug\libFreeRTOS-Kernel.a(tasks.o)
 .debug_macro   0x00005411      0x12a C:\Users\josee\Documents\ISEL\3_Ano-6_Semestre\SE2\FreeRTOS-Kernel\Debug\libFreeRTOS-Kernel.a(tasks.o)
 .debug_macro   0x0000553b      0x339 C:\Users\josee\Documents\ISEL\3_Ano-6_Semestre\SE2\FreeRTOS-Kernel\Debug\libFreeRTOS-Kernel.a(tasks.o)
 .debug_macro   0x00005874       0x16 C:\Users\josee\Documents\ISEL\3_Ano-6_Semestre\SE2\FreeRTOS-Kernel\Debug\libFreeRTOS-Kernel.a(tasks.o)
 .debug_macro   0x0000588a       0x29 C:\Users\josee\Documents\ISEL\3_Ano-6_Semestre\SE2\FreeRTOS-Kernel\Debug\libFreeRTOS-Kernel.a(tasks.o)
 .debug_macro   0x000058b3       0x16 C:\Users\josee\Documents\ISEL\3_Ano-6_Semestre\SE2\FreeRTOS-Kernel\Debug\libFreeRTOS-Kernel.a(tasks.o)
 .debug_macro   0x000058c9       0x35 C:\Users\josee\Documents\ISEL\3_Ano-6_Semestre\SE2\FreeRTOS-Kernel\Debug\libFreeRTOS-Kernel.a(tasks.o)
 .debug_macro   0x000058fe       0x91 C:\Users\josee\Documents\ISEL\3_Ano-6_Semestre\SE2\FreeRTOS-Kernel\Debug\libFreeRTOS-Kernel.a(tasks.o)
 .debug_macro   0x0000598f       0x10 C:\Users\josee\Documents\ISEL\3_Ano-6_Semestre\SE2\FreeRTOS-Kernel\Debug\libFreeRTOS-Kernel.a(tasks.o)
 .debug_macro   0x0000599f      0x1ef C:\Users\josee\Documents\ISEL\3_Ano-6_Semestre\SE2\FreeRTOS-Kernel\Debug\libFreeRTOS-Kernel.a(heap_4.o)
 .debug_macro   0x00005b8e      0x1c8 C:\Users\josee\Documents\ISEL\3_Ano-6_Semestre\SE2\FreeRTOS-Kernel\Debug\libFreeRTOS-Kernel.a(list.o)
 .debug_macro   0x00005d56      0x213 C:\Users\josee\Documents\ISEL\3_Ano-6_Semestre\SE2\SE2021\Debug\libSE2021.a(lcd.o)
 .debug_macro   0x00005f69      0xab4 C:\Users\josee\Documents\ISEL\3_Ano-6_Semestre\SE2\SE2021\Debug\libSE2021.a(lcd.o)
 .debug_macro   0x00006a1d       0x58 C:\Users\josee\Documents\ISEL\3_Ano-6_Semestre\SE2\SE2021\Debug\libSE2021.a(lcd.o)
 .debug_macro   0x00006a75       0x64 C:\Users\josee\Documents\ISEL\3_Ano-6_Semestre\SE2\SE2021\Debug\libSE2021.a(lcd.o)
 .debug_macro   0x00006ad9       0x35 C:\Users\josee\Documents\ISEL\3_Ano-6_Semestre\SE2\SE2021\Debug\libSE2021.a(lcd.o)
 .debug_macro   0x00006b0e       0x16 C:\Users\josee\Documents\ISEL\3_Ano-6_Semestre\SE2\SE2021\Debug\libSE2021.a(lcd.o)
 .debug_macro   0x00006b24       0x97 C:\Users\josee\Documents\ISEL\3_Ano-6_Semestre\SE2\SE2021\Debug\libSE2021.a(lcd.o)
 .debug_macro   0x00006bbb       0xfd C:\Users\josee\Documents\ISEL\3_Ano-6_Semestre\SE2\SE2021\Debug\libSE2021.a(lcd.o)
 .debug_macro   0x00006cb8      0x182 C:\Users\josee\Documents\ISEL\3_Ano-6_Semestre\SE2\SE2021\Debug\libSE2021.a(lcd.o)
 .debug_macro   0x00006e3a       0x10 C:\Users\josee\Documents\ISEL\3_Ano-6_Semestre\SE2\SE2021\Debug\libSE2021.a(lcd.o)
 .debug_macro   0x00006e4a       0x1c C:\Users\josee\Documents\ISEL\3_Ano-6_Semestre\SE2\SE2021\Debug\libSE2021.a(lcd.o)
 .debug_macro   0x00006e66       0x52 C:\Users\josee\Documents\ISEL\3_Ano-6_Semestre\SE2\SE2021\Debug\libSE2021.a(lcd.o)
 .debug_macro   0x00006eb8       0x22 C:\Users\josee\Documents\ISEL\3_Ano-6_Semestre\SE2\SE2021\Debug\libSE2021.a(lcd.o)
 .debug_macro   0x00006eda       0x10 C:\Users\josee\Documents\ISEL\3_Ano-6_Semestre\SE2\SE2021\Debug\libSE2021.a(lcd.o)
 .debug_macro   0x00006eea       0x40 C:\Users\josee\Documents\ISEL\3_Ano-6_Semestre\SE2\SE2021\Debug\libSE2021.a(lcd.o)
 .debug_macro   0x00006f2a       0xd5 C:\Users\josee\Documents\ISEL\3_Ano-6_Semestre\SE2\SE2021\Debug\libSE2021.a(lcd.o)
 .debug_macro   0x00006fff       0x1c C:\Users\josee\Documents\ISEL\3_Ano-6_Semestre\SE2\SE2021\Debug\libSE2021.a(lcd.o)
 .debug_macro   0x0000701b       0x3d C:\Users\josee\Documents\ISEL\3_Ano-6_Semestre\SE2\SE2021\Debug\libSE2021.a(lcd.o)
 .debug_macro   0x00007058       0x16 C:\Users\josee\Documents\ISEL\3_Ano-6_Semestre\SE2\SE2021\Debug\libSE2021.a(lcd.o)
 .debug_macro   0x0000706e      0x16f C:\Users\josee\Documents\ISEL\3_Ano-6_Semestre\SE2\SE2021\Debug\libSE2021.a(lcd.o)
 .debug_macro   0x000071dd       0xb2 C:\Users\josee\Documents\ISEL\3_Ano-6_Semestre\SE2\SE2021\Debug\libSE2021.a(led.o)
 .debug_macro   0x0000728f       0x22 C:\Users\josee\Documents\ISEL\3_Ano-6_Semestre\SE2\SE2021\Debug\libSE2021.a(led.o)
 .debug_macro   0x000072b1      0x11c C:\Users\josee\Documents\ISEL\3_Ano-6_Semestre\SE2\SE2021\Debug\libSE2021.a(wait.o)
 .debug_macro   0x000073cd       0xe2 C:\Users\josee\Documents\ISEL\3_Ano-6_Semestre\SE2\SE2021\Debug\libSE2021.a(wait.o)

.debug_line     0x00000000     0x44ee
 .debug_line    0x00000000      0x169 ./src/cr_startup_lpc175x_6x-FreeRTOS.o
 .debug_line    0x00000169       0xb1 ./src/crp.o
 .debug_line    0x0000021a      0x535 ./src/lab4.o
 .debug_line    0x0000074f      0x473 C:\Users\josee\Documents\ISEL\3_Ano-6_Semestre\SE2\CMSIS_CORE_LPC17xx\Debug\libCMSIS_CORE_LPC17xx.a(system_LPC17xx.o)
 .debug_line    0x00000bc2      0x5e5 C:\Users\josee\Documents\ISEL\3_Ano-6_Semestre\SE2\FreeRTOS-Kernel\Debug\libFreeRTOS-Kernel.a(port.o)
 .debug_line    0x000011a7     0x1400 C:\Users\josee\Documents\ISEL\3_Ano-6_Semestre\SE2\FreeRTOS-Kernel\Debug\libFreeRTOS-Kernel.a(tasks.o)
 .debug_line    0x000025a7      0x820 C:\Users\josee\Documents\ISEL\3_Ano-6_Semestre\SE2\FreeRTOS-Kernel\Debug\libFreeRTOS-Kernel.a(heap_4.o)
 .debug_line    0x00002dc7      0x69d C:\Users\josee\Documents\ISEL\3_Ano-6_Semestre\SE2\FreeRTOS-Kernel\Debug\libFreeRTOS-Kernel.a(list.o)
 .debug_line    0x00003464      0x6d0 C:\Users\josee\Documents\ISEL\3_Ano-6_Semestre\SE2\SE2021\Debug\libSE2021.a(lcd.o)
 .debug_line    0x00003b34      0x416 C:\Users\josee\Documents\ISEL\3_Ano-6_Semestre\SE2\SE2021\Debug\libSE2021.a(led.o)
 .debug_line    0x00003f4a      0x5a4 C:\Users\josee\Documents\ISEL\3_Ano-6_Semestre\SE2\SE2021\Debug\libSE2021.a(wait.o)

.debug_str      0x00000000    0x17702
 .debug_str     0x00000000     0x2fa5 ./src/cr_startup_lpc175x_6x-FreeRTOS.o
                               0x2fb8 (size before relaxing)
 .debug_str     0x00002fa5       0xe9 ./src/crp.o
                               0x2ebc (size before relaxing)
 .debug_str     0x0000308e     0xb828 ./src/lab4.o
                               0xe6b2 (size before relaxing)
 .debug_str     0x0000e8b6      0x402 C:\Users\josee\Documents\ISEL\3_Ano-6_Semestre\SE2\CMSIS_CORE_LPC17xx\Debug\libCMSIS_CORE_LPC17xx.a(system_LPC17xx.o)
                               0xa226 (size before relaxing)
 .debug_str     0x0000ecb8     0x17b8 C:\Users\josee\Documents\ISEL\3_Ano-6_Semestre\SE2\FreeRTOS-Kernel\Debug\libFreeRTOS-Kernel.a(port.o)
                               0xdcbb (size before relaxing)
 .debug_str     0x00010470     0x4f55 C:\Users\josee\Documents\ISEL\3_Ano-6_Semestre\SE2\FreeRTOS-Kernel\Debug\libFreeRTOS-Kernel.a(tasks.o)
                              0x127c0 (size before relaxing)
 .debug_str     0x000153c5      0x32b C:\Users\josee\Documents\ISEL\3_Ano-6_Semestre\SE2\FreeRTOS-Kernel\Debug\libFreeRTOS-Kernel.a(heap_4.o)
                              0x10c43 (size before relaxing)
 .debug_str     0x000156f0       0x90 C:\Users\josee\Documents\ISEL\3_Ano-6_Semestre\SE2\FreeRTOS-Kernel\Debug\libFreeRTOS-Kernel.a(list.o)
                              0x1036f (size before relaxing)
 .debug_str     0x00015780     0x1e80 C:\Users\josee\Documents\ISEL\3_Ano-6_Semestre\SE2\SE2021\Debug\libSE2021.a(lcd.o)
                               0xd9d6 (size before relaxing)
 .debug_str     0x00017600       0x48 C:\Users\josee\Documents\ISEL\3_Ano-6_Semestre\SE2\SE2021\Debug\libSE2021.a(led.o)
                               0x9839 (size before relaxing)
 .debug_str     0x00017648       0xba C:\Users\josee\Documents\ISEL\3_Ano-6_Semestre\SE2\SE2021\Debug\libSE2021.a(wait.o)
                               0xd862 (size before relaxing)

.comment        0x00000000       0x4c
 .comment       0x00000000       0x4c ./src/cr_startup_lpc175x_6x-FreeRTOS.o
                                 0x4d (size before relaxing)
 .comment       0x0000004c       0x4d ./src/crp.o
 .comment       0x0000004c       0x4d ./src/lab4.o
 .comment       0x0000004c       0x4d C:\Users\josee\Documents\ISEL\3_Ano-6_Semestre\SE2\CMSIS_CORE_LPC17xx\Debug\libCMSIS_CORE_LPC17xx.a(system_LPC17xx.o)
 .comment       0x0000004c       0x4d C:\Users\josee\Documents\ISEL\3_Ano-6_Semestre\SE2\FreeRTOS-Kernel\Debug\libFreeRTOS-Kernel.a(port.o)
 .comment       0x0000004c       0x4d C:\Users\josee\Documents\ISEL\3_Ano-6_Semestre\SE2\FreeRTOS-Kernel\Debug\libFreeRTOS-Kernel.a(tasks.o)
 .comment       0x0000004c       0x4d C:\Users\josee\Documents\ISEL\3_Ano-6_Semestre\SE2\FreeRTOS-Kernel\Debug\libFreeRTOS-Kernel.a(heap_4.o)
 .comment       0x0000004c       0x4d C:\Users\josee\Documents\ISEL\3_Ano-6_Semestre\SE2\FreeRTOS-Kernel\Debug\libFreeRTOS-Kernel.a(list.o)
 .comment       0x0000004c       0x4d C:\Users\josee\Documents\ISEL\3_Ano-6_Semestre\SE2\SE2021\Debug\libSE2021.a(lcd.o)
 .comment       0x0000004c       0x4d C:\Users\josee\Documents\ISEL\3_Ano-6_Semestre\SE2\SE2021\Debug\libSE2021.a(led.o)
 .comment       0x0000004c       0x4d C:\Users\josee\Documents\ISEL\3_Ano-6_Semestre\SE2\SE2021\Debug\libSE2021.a(wait.o)
 .comment       0x0000004c       0x4d c:/nxp/mcuxpressoide_11.3.1_5262/ide/plugins/com.nxp.mcuxpresso.tools.win32_11.3.0.202008311133/tools/bin/../lib/gcc/arm-none-eabi/9.3.1/../../../../arm-none-eabi/lib/thumb/v7-m/nofp\libcr_semihost.a(_cr__main.o)
 .comment       0x0000004c       0x4d c:/nxp/mcuxpressoide_11.3.1_5262/ide/plugins/com.nxp.mcuxpresso.tools.win32_11.3.0.202008311133/tools/bin/../lib/gcc/arm-none-eabi/9.3.1/../../../../arm-none-eabi/lib/thumb/v7-m/nofp\libcr_c.a(memset.o)
 .comment       0x0000004c       0x4d c:/nxp/mcuxpressoide_11.3.1_5262/ide/plugins/com.nxp.mcuxpresso.tools.win32_11.3.0.202008311133/tools/bin/../lib/gcc/arm-none-eabi/9.3.1/../../../../arm-none-eabi/lib/thumb/v7-m/nofp\libcr_c.a(initio.o)
 .comment       0x0000004c       0x4d c:/nxp/mcuxpressoide_11.3.1_5262/ide/plugins/com.nxp.mcuxpresso.tools.win32_11.3.0.202008311133/tools/bin/../lib/gcc/arm-none-eabi/9.3.1/../../../../arm-none-eabi/lib/thumb/v7-m/nofp\libcr_c.a(setvbuf.o)
 .comment       0x0000004c       0x4d c:/nxp/mcuxpressoide_11.3.1_5262/ide/plugins/com.nxp.mcuxpresso.tools.win32_11.3.0.202008311133/tools/bin/../lib/gcc/arm-none-eabi/9.3.1/../../../../arm-none-eabi/lib/thumb/v7-m/nofp\libcr_c.a(_fdopen.o)
 .comment       0x0000004c       0x4d c:/nxp/mcuxpressoide_11.3.1_5262/ide/plugins/com.nxp.mcuxpresso.tools.win32_11.3.0.202008311133/tools/bin/../lib/gcc/arm-none-eabi/9.3.1/../../../../arm-none-eabi/lib/thumb/v7-m/nofp\libcr_c.a(fclose.o)
 .comment       0x0000004c       0x4d c:/nxp/mcuxpressoide_11.3.1_5262/ide/plugins/com.nxp.mcuxpresso.tools.win32_11.3.0.202008311133/tools/bin/../lib/gcc/arm-none-eabi/9.3.1/../../../../arm-none-eabi/lib/thumb/v7-m/nofp\libcr_c.a(fflush.o)
 .comment       0x0000004c       0x4d c:/nxp/mcuxpressoide_11.3.1_5262/ide/plugins/com.nxp.mcuxpresso.tools.win32_11.3.0.202008311133/tools/bin/../lib/gcc/arm-none-eabi/9.3.1/../../../../arm-none-eabi/lib/thumb/v7-m/nofp\libcr_c.a(fseek.o)
 .comment       0x0000004c       0x4d c:/nxp/mcuxpressoide_11.3.1_5262/ide/plugins/com.nxp.mcuxpresso.tools.win32_11.3.0.202008311133/tools/bin/../lib/gcc/arm-none-eabi/9.3.1/../../../../arm-none-eabi/lib/thumb/v7-m/nofp\libcr_c.a(ftell.o)
 .comment       0x0000004c       0x4d c:/nxp/mcuxpressoide_11.3.1_5262/ide/plugins/com.nxp.mcuxpresso.tools.win32_11.3.0.202008311133/tools/bin/../lib/gcc/arm-none-eabi/9.3.1/../../../../arm-none-eabi/lib/thumb/v7-m/nofp\libcr_c.a(remove.o)
 .comment       0x0000004c       0x4d c:/nxp/mcuxpressoide_11.3.1_5262/ide/plugins/com.nxp.mcuxpresso.tools.win32_11.3.0.202008311133/tools/bin/../lib/gcc/arm-none-eabi/9.3.1/../../../../arm-none-eabi/lib/thumb/v7-m/nofp\libcr_c.a(strlen.o)
 .comment       0x0000004c       0x4d c:/nxp/mcuxpressoide_11.3.1_5262/ide/plugins/com.nxp.mcuxpresso.tools.win32_11.3.0.202008311133/tools/bin/../lib/gcc/arm-none-eabi/9.3.1/../../../../arm-none-eabi/lib/thumb/v7-m/nofp\libcr_c.a(_do_fflush.o)
 .comment       0x0000004c       0x4d c:/nxp/mcuxpressoide_11.3.1_5262/ide/plugins/com.nxp.mcuxpresso.tools.win32_11.3.0.202008311133/tools/bin/../lib/gcc/arm-none-eabi/9.3.1/../../../../arm-none-eabi/lib/thumb/v7-m/nofp\libcr_c.a(_fflush.o)
 .comment       0x0000004c       0x4d c:/nxp/mcuxpressoide_11.3.1_5262/ide/plugins/com.nxp.mcuxpresso.tools.win32_11.3.0.202008311133/tools/bin/../lib/gcc/arm-none-eabi/9.3.1/../../../../arm-none-eabi/lib/thumb/v7-m/nofp\libcr_c.a(_writebuf.o)
 .comment       0x0000004c       0x4d c:/nxp/mcuxpressoide_11.3.1_5262/ide/plugins/com.nxp.mcuxpresso.tools.win32_11.3.0.202008311133/tools/bin/../lib/gcc/arm-none-eabi/9.3.1/../../../../arm-none-eabi/lib/thumb/v7-m/nofp\libcr_c.a(alloc.o)
 .comment       0x0000004c       0x4d c:/nxp/mcuxpressoide_11.3.1_5262/ide/plugins/com.nxp.mcuxpresso.tools.win32_11.3.0.202008311133/tools/bin/../lib/gcc/arm-none-eabi/9.3.1/../../../../arm-none-eabi/lib/thumb/v7-m/nofp\libcr_c.a(errno.o)
 .comment       0x0000004c       0x4d c:/nxp/mcuxpressoide_11.3.1_5262/ide/plugins/com.nxp.mcuxpresso.tools.win32_11.3.0.202008311133/tools/bin/../lib/gcc/arm-none-eabi/9.3.1/../../../../arm-none-eabi/lib/thumb/v7-m/nofp\libcr_c.a(_deferredlazyseek.o)
 .comment       0x0000004c       0x4d c:/nxp/mcuxpressoide_11.3.1_5262/ide/plugins/com.nxp.mcuxpresso.tools.win32_11.3.0.202008311133/tools/bin/../lib/gcc/arm-none-eabi/9.3.1/thumb/v7-m/nofp\libcr_eabihelpers.a(float.o)
 .comment       0x0000004c       0x4d c:/nxp/mcuxpressoide_11.3.1_5262/ide/plugins/com.nxp.mcuxpresso.tools.win32_11.3.0.202008311133/tools/bin/../lib/gcc/arm-none-eabi/9.3.1/../../../../arm-none-eabi/lib/thumb/v7-m/nofp\libcr_semihost.a(__ciob.o)

.ARM.attributes
                0x00000000       0x2b
 .ARM.attributes
                0x00000000       0x2d ./src/cr_startup_lpc175x_6x-FreeRTOS.o
 .ARM.attributes
                0x0000002d       0x33 ./src/crp.o
 .ARM.attributes
                0x00000060       0x2d ./src/lab4.o
 .ARM.attributes
                0x0000008d       0x2d C:\Users\josee\Documents\ISEL\3_Ano-6_Semestre\SE2\CMSIS_CORE_LPC17xx\Debug\libCMSIS_CORE_LPC17xx.a(system_LPC17xx.o)
 .ARM.attributes
                0x000000ba       0x2d C:\Users\josee\Documents\ISEL\3_Ano-6_Semestre\SE2\FreeRTOS-Kernel\Debug\libFreeRTOS-Kernel.a(port.o)
 .ARM.attributes
                0x000000e7       0x2d C:\Users\josee\Documents\ISEL\3_Ano-6_Semestre\SE2\FreeRTOS-Kernel\Debug\libFreeRTOS-Kernel.a(tasks.o)
 .ARM.attributes
                0x00000114       0x2d C:\Users\josee\Documents\ISEL\3_Ano-6_Semestre\SE2\FreeRTOS-Kernel\Debug\libFreeRTOS-Kernel.a(heap_4.o)
 .ARM.attributes
                0x00000141       0x2d C:\Users\josee\Documents\ISEL\3_Ano-6_Semestre\SE2\FreeRTOS-Kernel\Debug\libFreeRTOS-Kernel.a(list.o)
 .ARM.attributes
                0x0000016e       0x2d C:\Users\josee\Documents\ISEL\3_Ano-6_Semestre\SE2\SE2021\Debug\libSE2021.a(lcd.o)
 .ARM.attributes
                0x0000019b       0x2d C:\Users\josee\Documents\ISEL\3_Ano-6_Semestre\SE2\SE2021\Debug\libSE2021.a(led.o)
 .ARM.attributes
                0x000001c8       0x2d C:\Users\josee\Documents\ISEL\3_Ano-6_Semestre\SE2\SE2021\Debug\libSE2021.a(wait.o)
 .ARM.attributes
                0x000001f5       0x2d c:/nxp/mcuxpressoide_11.3.1_5262/ide/plugins/com.nxp.mcuxpresso.tools.win32_11.3.0.202008311133/tools/bin/../lib/gcc/arm-none-eabi/9.3.1/../../../../arm-none-eabi/lib/thumb/v7-m/nofp\libcr_semihost.a(_cr__main.o)
 .ARM.attributes
                0x00000222       0x2d c:/nxp/mcuxpressoide_11.3.1_5262/ide/plugins/com.nxp.mcuxpresso.tools.win32_11.3.0.202008311133/tools/bin/../lib/gcc/arm-none-eabi/9.3.1/../../../../arm-none-eabi/lib/thumb/v7-m/nofp\libcr_c.a(memset.o)
 .ARM.attributes
                0x0000024f       0x2d c:/nxp/mcuxpressoide_11.3.1_5262/ide/plugins/com.nxp.mcuxpresso.tools.win32_11.3.0.202008311133/tools/bin/../lib/gcc/arm-none-eabi/9.3.1/../../../../arm-none-eabi/lib/thumb/v7-m/nofp\libcr_c.a(initio.o)
 .ARM.attributes
                0x0000027c       0x2d c:/nxp/mcuxpressoide_11.3.1_5262/ide/plugins/com.nxp.mcuxpresso.tools.win32_11.3.0.202008311133/tools/bin/../lib/gcc/arm-none-eabi/9.3.1/../../../../arm-none-eabi/lib/thumb/v7-m/nofp\libcr_c.a(setvbuf.o)
 .ARM.attributes
                0x000002a9       0x2d c:/nxp/mcuxpressoide_11.3.1_5262/ide/plugins/com.nxp.mcuxpresso.tools.win32_11.3.0.202008311133/tools/bin/../lib/gcc/arm-none-eabi/9.3.1/../../../../arm-none-eabi/lib/thumb/v7-m/nofp\libcr_c.a(_fdopen.o)
 .ARM.attributes
                0x000002d6       0x2d c:/nxp/mcuxpressoide_11.3.1_5262/ide/plugins/com.nxp.mcuxpresso.tools.win32_11.3.0.202008311133/tools/bin/../lib/gcc/arm-none-eabi/9.3.1/../../../../arm-none-eabi/lib/thumb/v7-m/nofp\libcr_c.a(fclose.o)
 .ARM.attributes
                0x00000303       0x2d c:/nxp/mcuxpressoide_11.3.1_5262/ide/plugins/com.nxp.mcuxpresso.tools.win32_11.3.0.202008311133/tools/bin/../lib/gcc/arm-none-eabi/9.3.1/../../../../arm-none-eabi/lib/thumb/v7-m/nofp\libcr_c.a(fflush.o)
 .ARM.attributes
                0x00000330       0x2d c:/nxp/mcuxpressoide_11.3.1_5262/ide/plugins/com.nxp.mcuxpresso.tools.win32_11.3.0.202008311133/tools/bin/../lib/gcc/arm-none-eabi/9.3.1/../../../../arm-none-eabi/lib/thumb/v7-m/nofp\libcr_c.a(fseek.o)
 .ARM.attributes
                0x0000035d       0x2d c:/nxp/mcuxpressoide_11.3.1_5262/ide/plugins/com.nxp.mcuxpresso.tools.win32_11.3.0.202008311133/tools/bin/../lib/gcc/arm-none-eabi/9.3.1/../../../../arm-none-eabi/lib/thumb/v7-m/nofp\libcr_c.a(ftell.o)
 .ARM.attributes
                0x0000038a       0x2d c:/nxp/mcuxpressoide_11.3.1_5262/ide/plugins/com.nxp.mcuxpresso.tools.win32_11.3.0.202008311133/tools/bin/../lib/gcc/arm-none-eabi/9.3.1/../../../../arm-none-eabi/lib/thumb/v7-m/nofp\libcr_c.a(remove.o)
 .ARM.attributes
                0x000003b7       0x2d c:/nxp/mcuxpressoide_11.3.1_5262/ide/plugins/com.nxp.mcuxpresso.tools.win32_11.3.0.202008311133/tools/bin/../lib/gcc/arm-none-eabi/9.3.1/../../../../arm-none-eabi/lib/thumb/v7-m/nofp\libcr_c.a(strlen.o)
 .ARM.attributes
                0x000003e4       0x2d c:/nxp/mcuxpressoide_11.3.1_5262/ide/plugins/com.nxp.mcuxpresso.tools.win32_11.3.0.202008311133/tools/bin/../lib/gcc/arm-none-eabi/9.3.1/../../../../arm-none-eabi/lib/thumb/v7-m/nofp\libcr_c.a(_do_fflush.o)
 .ARM.attributes
                0x00000411       0x2d c:/nxp/mcuxpressoide_11.3.1_5262/ide/plugins/com.nxp.mcuxpresso.tools.win32_11.3.0.202008311133/tools/bin/../lib/gcc/arm-none-eabi/9.3.1/../../../../arm-none-eabi/lib/thumb/v7-m/nofp\libcr_c.a(_fflush.o)
 .ARM.attributes
                0x0000043e       0x2d c:/nxp/mcuxpressoide_11.3.1_5262/ide/plugins/com.nxp.mcuxpresso.tools.win32_11.3.0.202008311133/tools/bin/../lib/gcc/arm-none-eabi/9.3.1/../../../../arm-none-eabi/lib/thumb/v7-m/nofp\libcr_c.a(_writebuf.o)
 .ARM.attributes
                0x0000046b       0x2d c:/nxp/mcuxpressoide_11.3.1_5262/ide/plugins/com.nxp.mcuxpresso.tools.win32_11.3.0.202008311133/tools/bin/../lib/gcc/arm-none-eabi/9.3.1/../../../../arm-none-eabi/lib/thumb/v7-m/nofp\libcr_c.a(alloc.o)
 .ARM.attributes
                0x00000498       0x33 c:/nxp/mcuxpressoide_11.3.1_5262/ide/plugins/com.nxp.mcuxpresso.tools.win32_11.3.0.202008311133/tools/bin/../lib/gcc/arm-none-eabi/9.3.1/../../../../arm-none-eabi/lib/thumb/v7-m/nofp\libcr_c.a(errno.o)
 .ARM.attributes
                0x000004cb       0x2d c:/nxp/mcuxpressoide_11.3.1_5262/ide/plugins/com.nxp.mcuxpresso.tools.win32_11.3.0.202008311133/tools/bin/../lib/gcc/arm-none-eabi/9.3.1/../../../../arm-none-eabi/lib/thumb/v7-m/nofp\libcr_c.a(_deferredlazyseek.o)
 .ARM.attributes
                0x000004f8       0x2d c:/nxp/mcuxpressoide_11.3.1_5262/ide/plugins/com.nxp.mcuxpresso.tools.win32_11.3.0.202008311133/tools/bin/../lib/gcc/arm-none-eabi/9.3.1/thumb/v7-m/nofp\libcr_eabihelpers.a(float.o)
 .ARM.attributes
                0x00000525       0x1b c:/nxp/mcuxpressoide_11.3.1_5262/ide/plugins/com.nxp.mcuxpresso.tools.win32_11.3.0.202008311133/tools/bin/../lib/gcc/arm-none-eabi/9.3.1/thumb/v7-m/nofp\libcr_eabihelpers.a(memcpy.o)
 .ARM.attributes
                0x00000540       0x33 c:/nxp/mcuxpressoide_11.3.1_5262/ide/plugins/com.nxp.mcuxpresso.tools.win32_11.3.0.202008311133/tools/bin/../lib/gcc/arm-none-eabi/9.3.1/../../../../arm-none-eabi/lib/thumb/v7-m/nofp\libcr_semihost.a(__ciob.o)
 .ARM.attributes
                0x00000573       0x1b c:/nxp/mcuxpressoide_11.3.1_5262/ide/plugins/com.nxp.mcuxpresso.tools.win32_11.3.0.202008311133/tools/bin/../lib/gcc/arm-none-eabi/9.3.1/../../../../arm-none-eabi/lib/thumb/v7-m/nofp\libcr_semihost.a(__sys_close.o)
 .ARM.attributes
                0x0000058e       0x1b c:/nxp/mcuxpressoide_11.3.1_5262/ide/plugins/com.nxp.mcuxpresso.tools.win32_11.3.0.202008311133/tools/bin/../lib/gcc/arm-none-eabi/9.3.1/../../../../arm-none-eabi/lib/thumb/v7-m/nofp\libcr_semihost.a(__sys_flen.o)
 .ARM.attributes
                0x000005a9       0x1b c:/nxp/mcuxpressoide_11.3.1_5262/ide/plugins/com.nxp.mcuxpresso.tools.win32_11.3.0.202008311133/tools/bin/../lib/gcc/arm-none-eabi/9.3.1/../../../../arm-none-eabi/lib/thumb/v7-m/nofp\libcr_semihost.a(__sys_istty.o)
 .ARM.attributes
                0x000005c4       0x1b c:/nxp/mcuxpressoide_11.3.1_5262/ide/plugins/com.nxp.mcuxpresso.tools.win32_11.3.0.202008311133/tools/bin/../lib/gcc/arm-none-eabi/9.3.1/../../../../arm-none-eabi/lib/thumb/v7-m/nofp\libcr_semihost.a(__sys_remove.o)
 .ARM.attributes
                0x000005df       0x1b c:/nxp/mcuxpressoide_11.3.1_5262/ide/plugins/com.nxp.mcuxpresso.tools.win32_11.3.0.202008311133/tools/bin/../lib/gcc/arm-none-eabi/9.3.1/../../../../arm-none-eabi/lib/thumb/v7-m/nofp\libcr_semihost.a(__sys_seek.o)
 .ARM.attributes
                0x000005fa       0x1b c:/nxp/mcuxpressoide_11.3.1_5262/ide/plugins/com.nxp.mcuxpresso.tools.win32_11.3.0.202008311133/tools/bin/../lib/gcc/arm-none-eabi/9.3.1/../../../../arm-none-eabi/lib/thumb/v7-m/nofp\libcr_semihost.a(__sys_tmpnam.o)
 .ARM.attributes
                0x00000615       0x1b c:/nxp/mcuxpressoide_11.3.1_5262/ide/plugins/com.nxp.mcuxpresso.tools.win32_11.3.0.202008311133/tools/bin/../lib/gcc/arm-none-eabi/9.3.1/../../../../arm-none-eabi/lib/thumb/v7-m/nofp\libcr_semihost.a(__sys_write.o)

.debug_frame    0x00000000     0x10ec
 .debug_frame   0x00000000      0x170 ./src/cr_startup_lpc175x_6x-FreeRTOS.o
 .debug_frame   0x00000170       0x98 ./src/lab4.o
 .debug_frame   0x00000208       0x3c C:\Users\josee\Documents\ISEL\3_Ano-6_Semestre\SE2\CMSIS_CORE_LPC17xx\Debug\libCMSIS_CORE_LPC17xx.a(system_LPC17xx.o)
 .debug_frame   0x00000244      0x160 C:\Users\josee\Documents\ISEL\3_Ano-6_Semestre\SE2\FreeRTOS-Kernel\Debug\libFreeRTOS-Kernel.a(port.o)
 .debug_frame   0x000003a4      0x84c C:\Users\josee\Documents\ISEL\3_Ano-6_Semestre\SE2\FreeRTOS-Kernel\Debug\libFreeRTOS-Kernel.a(tasks.o)
 .debug_frame   0x00000bf0      0x12c C:\Users\josee\Documents\ISEL\3_Ano-6_Semestre\SE2\FreeRTOS-Kernel\Debug\libFreeRTOS-Kernel.a(heap_4.o)
 .debug_frame   0x00000d1c       0xd8 C:\Users\josee\Documents\ISEL\3_Ano-6_Semestre\SE2\FreeRTOS-Kernel\Debug\libFreeRTOS-Kernel.a(list.o)
 .debug_frame   0x00000df4      0x1c0 C:\Users\josee\Documents\ISEL\3_Ano-6_Semestre\SE2\SE2021\Debug\libSE2021.a(lcd.o)
 .debug_frame   0x00000fb4       0x98 C:\Users\josee\Documents\ISEL\3_Ano-6_Semestre\SE2\SE2021\Debug\libSE2021.a(led.o)
 .debug_frame   0x0000104c       0xa0 C:\Users\josee\Documents\ISEL\3_Ano-6_Semestre\SE2\SE2021\Debug\libSE2021.a(wait.o)

Cross Reference Table

Symbol                                            File
ADC_IRQHandler                                    ./src/cr_startup_lpc175x_6x-FreeRTOS.o
BOD_IRQHandler                                    ./src/cr_startup_lpc175x_6x-FreeRTOS.o
BusFault_Handler                                  ./src/cr_startup_lpc175x_6x-FreeRTOS.o
CANActivity_IRQHandler                            ./src/cr_startup_lpc175x_6x-FreeRTOS.o
CAN_IRQHandler                                    ./src/cr_startup_lpc175x_6x-FreeRTOS.o
CRP_WORD                                          ./src/crp.o
DMA_IRQHandler                                    ./src/cr_startup_lpc175x_6x-FreeRTOS.o
DebugMon_Handler                                  ./src/cr_startup_lpc175x_6x-FreeRTOS.o
EINT0_IRQHandler                                  ./src/cr_startup_lpc175x_6x-FreeRTOS.o
EINT1_IRQHandler                                  ./src/cr_startup_lpc175x_6x-FreeRTOS.o
EINT2_IRQHandler                                  ./src/cr_startup_lpc175x_6x-FreeRTOS.o
EINT3_IRQHandler                                  ./src/cr_startup_lpc175x_6x-FreeRTOS.o
ENET_IRQHandler                                   ./src/cr_startup_lpc175x_6x-FreeRTOS.o
HardFault_Handler                                 ./src/cr_startup_lpc175x_6x-FreeRTOS.o
I2C0_IRQHandler                                   ./src/cr_startup_lpc175x_6x-FreeRTOS.o
I2C1_IRQHandler                                   ./src/cr_startup_lpc175x_6x-FreeRTOS.o
I2C2_IRQHandler                                   ./src/cr_startup_lpc175x_6x-FreeRTOS.o
I2S_IRQHandler                                    ./src/cr_startup_lpc175x_6x-FreeRTOS.o
IntDefaultHandler                                 ./src/cr_startup_lpc175x_6x-FreeRTOS.o
LCDText_Clear                                     C:\Users\josee\Documents\ISEL\3_Ano-6_Semestre\SE2\SE2021\Debug\libSE2021.a(lcd.o)
                                                  ./src/lab4.o
LCDText_CreateChar                                C:\Users\josee\Documents\ISEL\3_Ano-6_Semestre\SE2\SE2021\Debug\libSE2021.a(lcd.o)
LCDText_CursorOff                                 C:\Users\josee\Documents\ISEL\3_Ano-6_Semestre\SE2\SE2021\Debug\libSE2021.a(lcd.o)
LCDText_CursorOn                                  C:\Users\josee\Documents\ISEL\3_Ano-6_Semestre\SE2\SE2021\Debug\libSE2021.a(lcd.o)
LCDText_Init                                      C:\Users\josee\Documents\ISEL\3_Ano-6_Semestre\SE2\SE2021\Debug\libSE2021.a(lcd.o)
                                                  ./src/lab4.o
LCDText_Locate                                    C:\Users\josee\Documents\ISEL\3_Ano-6_Semestre\SE2\SE2021\Debug\libSE2021.a(lcd.o)
LCDText_Printf                                    C:\Users\josee\Documents\ISEL\3_Ano-6_Semestre\SE2\SE2021\Debug\libSE2021.a(lcd.o)
LCDText_WriteByte                                 C:\Users\josee\Documents\ISEL\3_Ano-6_Semestre\SE2\SE2021\Debug\libSE2021.a(lcd.o)
LCDText_WriteChar                                 C:\Users\josee\Documents\ISEL\3_Ano-6_Semestre\SE2\SE2021\Debug\libSE2021.a(lcd.o)
                                                  ./src/lab4.o
LCDText_WriteCmd                                  C:\Users\josee\Documents\ISEL\3_Ano-6_Semestre\SE2\SE2021\Debug\libSE2021.a(lcd.o)
LCDText_WriteNibble                               C:\Users\josee\Documents\ISEL\3_Ano-6_Semestre\SE2\SE2021\Debug\libSE2021.a(lcd.o)
LCDText_WriteString                               C:\Users\josee\Documents\ISEL\3_Ano-6_Semestre\SE2\SE2021\Debug\libSE2021.a(lcd.o)
LED_GetState                                      C:\Users\josee\Documents\ISEL\3_Ano-6_Semestre\SE2\SE2021\Debug\libSE2021.a(led.o)
LED_Init                                          C:\Users\josee\Documents\ISEL\3_Ano-6_Semestre\SE2\SE2021\Debug\libSE2021.a(led.o)
LED_Off                                           C:\Users\josee\Documents\ISEL\3_Ano-6_Semestre\SE2\SE2021\Debug\libSE2021.a(led.o)
                                                  ./src/lab4.o
LED_On                                            C:\Users\josee\Documents\ISEL\3_Ano-6_Semestre\SE2\SE2021\Debug\libSE2021.a(led.o)
                                                  ./src/lab4.o
MCPWM_IRQHandler                                  ./src/cr_startup_lpc175x_6x-FreeRTOS.o
MemManage_Handler                                 ./src/cr_startup_lpc175x_6x-FreeRTOS.o
NMI_Handler                                       ./src/cr_startup_lpc175x_6x-FreeRTOS.o
PLL0_IRQHandler                                   ./src/cr_startup_lpc175x_6x-FreeRTOS.o
PLL1_IRQHandler                                   ./src/cr_startup_lpc175x_6x-FreeRTOS.o
PWM1_IRQHandler                                   ./src/cr_startup_lpc175x_6x-FreeRTOS.o
PendSV_Handler                                    ./src/cr_startup_lpc175x_6x-FreeRTOS.o
QEI_IRQHandler                                    ./src/cr_startup_lpc175x_6x-FreeRTOS.o
RIT_IRQHandler                                    ./src/cr_startup_lpc175x_6x-FreeRTOS.o
RTC_IRQHandler                                    ./src/cr_startup_lpc175x_6x-FreeRTOS.o
ResetISR                                          ./src/cr_startup_lpc175x_6x-FreeRTOS.o
SPI_IRQHandler                                    ./src/cr_startup_lpc175x_6x-FreeRTOS.o
SSP0_IRQHandler                                   ./src/cr_startup_lpc175x_6x-FreeRTOS.o
SSP1_IRQHandler                                   ./src/cr_startup_lpc175x_6x-FreeRTOS.o
SVC_Handler                                       ./src/cr_startup_lpc175x_6x-FreeRTOS.o
SysTick_Handler                                   ./src/cr_startup_lpc175x_6x-FreeRTOS.o
SystemCoreClock                                   C:\Users\josee\Documents\ISEL\3_Ano-6_Semestre\SE2\CMSIS_CORE_LPC17xx\Debug\libCMSIS_CORE_LPC17xx.a(system_LPC17xx.o)
                                                  C:\Users\josee\Documents\ISEL\3_Ano-6_Semestre\SE2\SE2021\Debug\libSE2021.a(wait.o)
                                                  C:\Users\josee\Documents\ISEL\3_Ano-6_Semestre\SE2\FreeRTOS-Kernel\Debug\libFreeRTOS-Kernel.a(port.o)
                                                  ./src/lab4.o
SystemCoreClockUpdate                             C:\Users\josee\Documents\ISEL\3_Ano-6_Semestre\SE2\CMSIS_CORE_LPC17xx\Debug\libCMSIS_CORE_LPC17xx.a(system_LPC17xx.o)
SystemInit                                        C:\Users\josee\Documents\ISEL\3_Ano-6_Semestre\SE2\CMSIS_CORE_LPC17xx\Debug\libCMSIS_CORE_LPC17xx.a(system_LPC17xx.o)
                                                  ./src/cr_startup_lpc175x_6x-FreeRTOS.o
TIMER0_IRQHandler                                 ./src/cr_startup_lpc175x_6x-FreeRTOS.o
TIMER1_IRQHandler                                 ./src/cr_startup_lpc175x_6x-FreeRTOS.o
TIMER2_IRQHandler                                 ./src/cr_startup_lpc175x_6x-FreeRTOS.o
TIMER3_IRQHandler                                 ./src/cr_startup_lpc175x_6x-FreeRTOS.o
UART0_IRQHandler                                  ./src/cr_startup_lpc175x_6x-FreeRTOS.o
UART1_IRQHandler                                  ./src/cr_startup_lpc175x_6x-FreeRTOS.o
UART2_IRQHandler                                  ./src/cr_startup_lpc175x_6x-FreeRTOS.o
UART3_IRQHandler                                  ./src/cr_startup_lpc175x_6x-FreeRTOS.o
USBActivity_IRQHandler                            ./src/cr_startup_lpc175x_6x-FreeRTOS.o
USB_IRQHandler                                    ./src/cr_startup_lpc175x_6x-FreeRTOS.o
UsageFault_Handler                                ./src/cr_startup_lpc175x_6x-FreeRTOS.o
WAIT_ChronoUs                                     C:\Users\josee\Documents\ISEL\3_Ano-6_Semestre\SE2\SE2021\Debug\libSE2021.a(wait.o)
                                                  ./src/lab4.o
WAIT_GetElapsedMillis                             C:\Users\josee\Documents\ISEL\3_Ano-6_Semestre\SE2\SE2021\Debug\libSE2021.a(wait.o)
WAIT_Init                                         C:\Users\josee\Documents\ISEL\3_Ano-6_Semestre\SE2\SE2021\Debug\libSE2021.a(wait.o)
                                                  ./src/lab4.o
WAIT_Milliseconds                                 C:\Users\josee\Documents\ISEL\3_Ano-6_Semestre\SE2\SE2021\Debug\libSE2021.a(wait.o)
                                                  C:\Users\josee\Documents\ISEL\3_Ano-6_Semestre\SE2\SE2021\Debug\libSE2021.a(lcd.o)
WDT_IRQHandler                                    ./src/cr_startup_lpc175x_6x-FreeRTOS.o
_Csys_alloc                                       c:/nxp/mcuxpressoide_11.3.1_5262/ide/plugins/com.nxp.mcuxpresso.tools.win32_11.3.0.202008311133/tools/bin/../lib/gcc/arm-none-eabi/9.3.1/../../../../arm-none-eabi/lib/thumb/v7-m/nofp\libcr_c.a(alloc.o)
                                                  c:/nxp/mcuxpressoide_11.3.1_5262/ide/plugins/com.nxp.mcuxpresso.tools.win32_11.3.0.202008311133/tools/bin/../lib/gcc/arm-none-eabi/9.3.1/../../../../arm-none-eabi/lib/thumb/v7-m/nofp\libcr_c.a(_deferredlazyseek.o)
_Cwritebuf                                        c:/nxp/mcuxpressoide_11.3.1_5262/ide/plugins/com.nxp.mcuxpresso.tools.win32_11.3.0.202008311133/tools/bin/../lib/gcc/arm-none-eabi/9.3.1/../../../../arm-none-eabi/lib/thumb/v7-m/nofp\libcr_c.a(_writebuf.o)
                                                  c:/nxp/mcuxpressoide_11.3.1_5262/ide/plugins/com.nxp.mcuxpresso.tools.win32_11.3.0.202008311133/tools/bin/../lib/gcc/arm-none-eabi/9.3.1/../../../../arm-none-eabi/lib/thumb/v7-m/nofp\libcr_c.a(_deferredlazyseek.o)
                                                  c:/nxp/mcuxpressoide_11.3.1_5262/ide/plugins/com.nxp.mcuxpresso.tools.win32_11.3.0.202008311133/tools/bin/../lib/gcc/arm-none-eabi/9.3.1/../../../../arm-none-eabi/lib/thumb/v7-m/nofp\libcr_c.a(_fflush.o)
__CR_SEMIHOST                                     c:/nxp/mcuxpressoide_11.3.1_5262/ide/plugins/com.nxp.mcuxpresso.tools.win32_11.3.0.202008311133/tools/bin/../lib/gcc/arm-none-eabi/9.3.1/../../../../arm-none-eabi/lib/thumb/v7-m/nofp\libcr_semihost.a(_cr__main.o)
__Ciob                                            c:/nxp/mcuxpressoide_11.3.1_5262/ide/plugins/com.nxp.mcuxpresso.tools.win32_11.3.0.202008311133/tools/bin/../lib/gcc/arm-none-eabi/9.3.1/../../../../arm-none-eabi/lib/thumb/v7-m/nofp\libcr_semihost.a(__ciob.o)
                                                  c:/nxp/mcuxpressoide_11.3.1_5262/ide/plugins/com.nxp.mcuxpresso.tools.win32_11.3.0.202008311133/tools/bin/../lib/gcc/arm-none-eabi/9.3.1/../../../../arm-none-eabi/lib/thumb/v7-m/nofp\libcr_c.a(fflush.o)
                                                  c:/nxp/mcuxpressoide_11.3.1_5262/ide/plugins/com.nxp.mcuxpresso.tools.win32_11.3.0.202008311133/tools/bin/../lib/gcc/arm-none-eabi/9.3.1/../../../../arm-none-eabi/lib/thumb/v7-m/nofp\libcr_c.a(initio.o)
__aeabi_cfcmpeq                                   c:/nxp/mcuxpressoide_11.3.1_5262/ide/plugins/com.nxp.mcuxpresso.tools.win32_11.3.0.202008311133/tools/bin/../lib/gcc/arm-none-eabi/9.3.1/thumb/v7-m/nofp\libcr_eabihelpers.a(float.o)
__aeabi_cfcmple                                   c:/nxp/mcuxpressoide_11.3.1_5262/ide/plugins/com.nxp.mcuxpresso.tools.win32_11.3.0.202008311133/tools/bin/../lib/gcc/arm-none-eabi/9.3.1/thumb/v7-m/nofp\libcr_eabihelpers.a(float.o)
__aeabi_cfrcmple                                  c:/nxp/mcuxpressoide_11.3.1_5262/ide/plugins/com.nxp.mcuxpresso.tools.win32_11.3.0.202008311133/tools/bin/../lib/gcc/arm-none-eabi/9.3.1/thumb/v7-m/nofp\libcr_eabihelpers.a(float.o)
__aeabi_f2d                                       c:/nxp/mcuxpressoide_11.3.1_5262/ide/plugins/com.nxp.mcuxpresso.tools.win32_11.3.0.202008311133/tools/bin/../lib/gcc/arm-none-eabi/9.3.1/thumb/v7-m/nofp\libcr_eabihelpers.a(float.o)
__aeabi_f2iz                                      c:/nxp/mcuxpressoide_11.3.1_5262/ide/plugins/com.nxp.mcuxpresso.tools.win32_11.3.0.202008311133/tools/bin/../lib/gcc/arm-none-eabi/9.3.1/thumb/v7-m/nofp\libcr_eabihelpers.a(float.o)
__aeabi_f2lz                                      c:/nxp/mcuxpressoide_11.3.1_5262/ide/plugins/com.nxp.mcuxpresso.tools.win32_11.3.0.202008311133/tools/bin/../lib/gcc/arm-none-eabi/9.3.1/thumb/v7-m/nofp\libcr_eabihelpers.a(float.o)
__aeabi_f2uiz                                     c:/nxp/mcuxpressoide_11.3.1_5262/ide/plugins/com.nxp.mcuxpresso.tools.win32_11.3.0.202008311133/tools/bin/../lib/gcc/arm-none-eabi/9.3.1/thumb/v7-m/nofp\libcr_eabihelpers.a(float.o)
                                                  C:\Users\josee\Documents\ISEL\3_Ano-6_Semestre\SE2\SE2021\Debug\libSE2021.a(wait.o)
__aeabi_f2ulz                                     c:/nxp/mcuxpressoide_11.3.1_5262/ide/plugins/com.nxp.mcuxpresso.tools.win32_11.3.0.202008311133/tools/bin/../lib/gcc/arm-none-eabi/9.3.1/thumb/v7-m/nofp\libcr_eabihelpers.a(float.o)
__aeabi_fadd                                      c:/nxp/mcuxpressoide_11.3.1_5262/ide/plugins/com.nxp.mcuxpresso.tools.win32_11.3.0.202008311133/tools/bin/../lib/gcc/arm-none-eabi/9.3.1/thumb/v7-m/nofp\libcr_eabihelpers.a(float.o)
__aeabi_fcmpeq                                    c:/nxp/mcuxpressoide_11.3.1_5262/ide/plugins/com.nxp.mcuxpresso.tools.win32_11.3.0.202008311133/tools/bin/../lib/gcc/arm-none-eabi/9.3.1/thumb/v7-m/nofp\libcr_eabihelpers.a(float.o)
__aeabi_fcmpge                                    c:/nxp/mcuxpressoide_11.3.1_5262/ide/plugins/com.nxp.mcuxpresso.tools.win32_11.3.0.202008311133/tools/bin/../lib/gcc/arm-none-eabi/9.3.1/thumb/v7-m/nofp\libcr_eabihelpers.a(float.o)
__aeabi_fcmpgt                                    c:/nxp/mcuxpressoide_11.3.1_5262/ide/plugins/com.nxp.mcuxpresso.tools.win32_11.3.0.202008311133/tools/bin/../lib/gcc/arm-none-eabi/9.3.1/thumb/v7-m/nofp\libcr_eabihelpers.a(float.o)
__aeabi_fcmple                                    c:/nxp/mcuxpressoide_11.3.1_5262/ide/plugins/com.nxp.mcuxpresso.tools.win32_11.3.0.202008311133/tools/bin/../lib/gcc/arm-none-eabi/9.3.1/thumb/v7-m/nofp\libcr_eabihelpers.a(float.o)
__aeabi_fcmplt                                    c:/nxp/mcuxpressoide_11.3.1_5262/ide/plugins/com.nxp.mcuxpresso.tools.win32_11.3.0.202008311133/tools/bin/../lib/gcc/arm-none-eabi/9.3.1/thumb/v7-m/nofp\libcr_eabihelpers.a(float.o)
__aeabi_fcmpun                                    c:/nxp/mcuxpressoide_11.3.1_5262/ide/plugins/com.nxp.mcuxpresso.tools.win32_11.3.0.202008311133/tools/bin/../lib/gcc/arm-none-eabi/9.3.1/thumb/v7-m/nofp\libcr_eabihelpers.a(float.o)
__aeabi_fdiv                                      c:/nxp/mcuxpressoide_11.3.1_5262/ide/plugins/com.nxp.mcuxpresso.tools.win32_11.3.0.202008311133/tools/bin/../lib/gcc/arm-none-eabi/9.3.1/thumb/v7-m/nofp\libcr_eabihelpers.a(float.o)
                                                  C:\Users\josee\Documents\ISEL\3_Ano-6_Semestre\SE2\SE2021\Debug\libSE2021.a(wait.o)
__aeabi_fmul                                      c:/nxp/mcuxpressoide_11.3.1_5262/ide/plugins/com.nxp.mcuxpresso.tools.win32_11.3.0.202008311133/tools/bin/../lib/gcc/arm-none-eabi/9.3.1/thumb/v7-m/nofp\libcr_eabihelpers.a(float.o)
__aeabi_fneg                                      c:/nxp/mcuxpressoide_11.3.1_5262/ide/plugins/com.nxp.mcuxpresso.tools.win32_11.3.0.202008311133/tools/bin/../lib/gcc/arm-none-eabi/9.3.1/thumb/v7-m/nofp\libcr_eabihelpers.a(float.o)
__aeabi_frsub                                     c:/nxp/mcuxpressoide_11.3.1_5262/ide/plugins/com.nxp.mcuxpresso.tools.win32_11.3.0.202008311133/tools/bin/../lib/gcc/arm-none-eabi/9.3.1/thumb/v7-m/nofp\libcr_eabihelpers.a(float.o)
__aeabi_fsub                                      c:/nxp/mcuxpressoide_11.3.1_5262/ide/plugins/com.nxp.mcuxpresso.tools.win32_11.3.0.202008311133/tools/bin/../lib/gcc/arm-none-eabi/9.3.1/thumb/v7-m/nofp\libcr_eabihelpers.a(float.o)
                                                  C:\Users\josee\Documents\ISEL\3_Ano-6_Semestre\SE2\SE2021\Debug\libSE2021.a(wait.o)
__aeabi_i2f                                       c:/nxp/mcuxpressoide_11.3.1_5262/ide/plugins/com.nxp.mcuxpresso.tools.win32_11.3.0.202008311133/tools/bin/../lib/gcc/arm-none-eabi/9.3.1/thumb/v7-m/nofp\libcr_eabihelpers.a(float.o)
__aeabi_idiv0                                     c:/nxp/mcuxpressoide_11.3.1_5262/ide/plugins/com.nxp.mcuxpresso.tools.win32_11.3.0.202008311133/tools/bin/../lib/gcc/arm-none-eabi/9.3.1/thumb/v7-m/nofp\libcr_eabihelpers.a(division_idiv0.o)
                                                  c:/nxp/mcuxpressoide_11.3.1_5262/ide/plugins/com.nxp.mcuxpresso.tools.win32_11.3.0.202008311133/tools/bin/../lib/gcc/arm-none-eabi/9.3.1/thumb/v7-m/nofp\libcr_eabihelpers.a(division_64.o)
__aeabi_l2f                                       c:/nxp/mcuxpressoide_11.3.1_5262/ide/plugins/com.nxp.mcuxpresso.tools.win32_11.3.0.202008311133/tools/bin/../lib/gcc/arm-none-eabi/9.3.1/thumb/v7-m/nofp\libcr_eabihelpers.a(float.o)
__aeabi_ldivmod                                   c:/nxp/mcuxpressoide_11.3.1_5262/ide/plugins/com.nxp.mcuxpresso.tools.win32_11.3.0.202008311133/tools/bin/../lib/gcc/arm-none-eabi/9.3.1/thumb/v7-m/nofp\libcr_eabihelpers.a(division_64.o)
                                                  C:\Users\josee\Documents\ISEL\3_Ano-6_Semestre\SE2\CMSIS_CORE_LPC17xx\Debug\libCMSIS_CORE_LPC17xx.a(system_LPC17xx.o)
__aeabi_lowlevel_memset                           c:/nxp/mcuxpressoide_11.3.1_5262/ide/plugins/com.nxp.mcuxpresso.tools.win32_11.3.0.202008311133/tools/bin/../lib/gcc/arm-none-eabi/9.3.1/thumb/v7-m/nofp\libcr_eabihelpers.a(memcpy.o)
                                                  c:/nxp/mcuxpressoide_11.3.1_5262/ide/plugins/com.nxp.mcuxpresso.tools.win32_11.3.0.202008311133/tools/bin/../lib/gcc/arm-none-eabi/9.3.1/../../../../arm-none-eabi/lib/thumb/v7-m/nofp\libcr_c.a(memset.o)
__aeabi_memclr                                    c:/nxp/mcuxpressoide_11.3.1_5262/ide/plugins/com.nxp.mcuxpresso.tools.win32_11.3.0.202008311133/tools/bin/../lib/gcc/arm-none-eabi/9.3.1/thumb/v7-m/nofp\libcr_eabihelpers.a(memcpy.o)
__aeabi_memclr4                                   c:/nxp/mcuxpressoide_11.3.1_5262/ide/plugins/com.nxp.mcuxpresso.tools.win32_11.3.0.202008311133/tools/bin/../lib/gcc/arm-none-eabi/9.3.1/thumb/v7-m/nofp\libcr_eabihelpers.a(memcpy.o)
__aeabi_memclr8                                   c:/nxp/mcuxpressoide_11.3.1_5262/ide/plugins/com.nxp.mcuxpresso.tools.win32_11.3.0.202008311133/tools/bin/../lib/gcc/arm-none-eabi/9.3.1/thumb/v7-m/nofp\libcr_eabihelpers.a(memcpy.o)
__aeabi_memcpy                                    c:/nxp/mcuxpressoide_11.3.1_5262/ide/plugins/com.nxp.mcuxpresso.tools.win32_11.3.0.202008311133/tools/bin/../lib/gcc/arm-none-eabi/9.3.1/thumb/v7-m/nofp\libcr_eabihelpers.a(memcpy.o)
                                                  c:/nxp/mcuxpressoide_11.3.1_5262/ide/plugins/com.nxp.mcuxpresso.tools.win32_11.3.0.202008311133/tools/bin/../lib/gcc/arm-none-eabi/9.3.1/../../../../arm-none-eabi/lib/thumb/v7-m/nofp\libcr_c.a(memcpy.o)
__aeabi_memcpy4                                   c:/nxp/mcuxpressoide_11.3.1_5262/ide/plugins/com.nxp.mcuxpresso.tools.win32_11.3.0.202008311133/tools/bin/../lib/gcc/arm-none-eabi/9.3.1/thumb/v7-m/nofp\libcr_eabihelpers.a(memcpy.o)
__aeabi_memcpy8                                   c:/nxp/mcuxpressoide_11.3.1_5262/ide/plugins/com.nxp.mcuxpresso.tools.win32_11.3.0.202008311133/tools/bin/../lib/gcc/arm-none-eabi/9.3.1/thumb/v7-m/nofp\libcr_eabihelpers.a(memcpy.o)
__aeabi_memmove                                   c:/nxp/mcuxpressoide_11.3.1_5262/ide/plugins/com.nxp.mcuxpresso.tools.win32_11.3.0.202008311133/tools/bin/../lib/gcc/arm-none-eabi/9.3.1/thumb/v7-m/nofp\libcr_eabihelpers.a(memcpy.o)
__aeabi_memmove4                                  c:/nxp/mcuxpressoide_11.3.1_5262/ide/plugins/com.nxp.mcuxpresso.tools.win32_11.3.0.202008311133/tools/bin/../lib/gcc/arm-none-eabi/9.3.1/thumb/v7-m/nofp\libcr_eabihelpers.a(memcpy.o)
__aeabi_memmove8                                  c:/nxp/mcuxpressoide_11.3.1_5262/ide/plugins/com.nxp.mcuxpresso.tools.win32_11.3.0.202008311133/tools/bin/../lib/gcc/arm-none-eabi/9.3.1/thumb/v7-m/nofp\libcr_eabihelpers.a(memcpy.o)
__aeabi_memset                                    c:/nxp/mcuxpressoide_11.3.1_5262/ide/plugins/com.nxp.mcuxpresso.tools.win32_11.3.0.202008311133/tools/bin/../lib/gcc/arm-none-eabi/9.3.1/thumb/v7-m/nofp\libcr_eabihelpers.a(memcpy.o)
__aeabi_memset4                                   c:/nxp/mcuxpressoide_11.3.1_5262/ide/plugins/com.nxp.mcuxpresso.tools.win32_11.3.0.202008311133/tools/bin/../lib/gcc/arm-none-eabi/9.3.1/thumb/v7-m/nofp\libcr_eabihelpers.a(memcpy.o)
__aeabi_memset8                                   c:/nxp/mcuxpressoide_11.3.1_5262/ide/plugins/com.nxp.mcuxpresso.tools.win32_11.3.0.202008311133/tools/bin/../lib/gcc/arm-none-eabi/9.3.1/thumb/v7-m/nofp\libcr_eabihelpers.a(memcpy.o)
__aeabi_ui2f                                      c:/nxp/mcuxpressoide_11.3.1_5262/ide/plugins/com.nxp.mcuxpresso.tools.win32_11.3.0.202008311133/tools/bin/../lib/gcc/arm-none-eabi/9.3.1/thumb/v7-m/nofp\libcr_eabihelpers.a(float.o)
                                                  C:\Users\josee\Documents\ISEL\3_Ano-6_Semestre\SE2\SE2021\Debug\libSE2021.a(wait.o)
__aeabi_ul2f                                      c:/nxp/mcuxpressoide_11.3.1_5262/ide/plugins/com.nxp.mcuxpresso.tools.win32_11.3.0.202008311133/tools/bin/../lib/gcc/arm-none-eabi/9.3.1/thumb/v7-m/nofp\libcr_eabihelpers.a(float.o)
__aeabi_uldivmod                                  c:/nxp/mcuxpressoide_11.3.1_5262/ide/plugins/com.nxp.mcuxpresso.tools.win32_11.3.0.202008311133/tools/bin/../lib/gcc/arm-none-eabi/9.3.1/thumb/v7-m/nofp\libcr_eabihelpers.a(division_64.o)
                                                  C:\Users\josee\Documents\ISEL\3_Ano-6_Semestre\SE2\CMSIS_CORE_LPC17xx\Debug\libCMSIS_CORE_LPC17xx.a(system_LPC17xx.o)
__bhs_ldivmod1                                    c:/nxp/mcuxpressoide_11.3.1_5262/ide/plugins/com.nxp.mcuxpresso.tools.win32_11.3.0.202008311133/tools/bin/../lib/gcc/arm-none-eabi/9.3.1/thumb/v7-m/nofp\libcr_eabihelpers.a(division_64.o)
__bhs_ui2f                                        c:/nxp/mcuxpressoide_11.3.1_5262/ide/plugins/com.nxp.mcuxpresso.tools.win32_11.3.0.202008311133/tools/bin/../lib/gcc/arm-none-eabi/9.3.1/thumb/v7-m/nofp\libcr_eabihelpers.a(float.o)
__bhs_ul2f                                        c:/nxp/mcuxpressoide_11.3.1_5262/ide/plugins/com.nxp.mcuxpresso.tools.win32_11.3.0.202008311133/tools/bin/../lib/gcc/arm-none-eabi/9.3.1/thumb/v7-m/nofp\libcr_eabihelpers.a(float.o)
__bss_section_table_end                           ./src/cr_startup_lpc175x_6x-FreeRTOS.o
__check_heap_overflow                             c:/nxp/mcuxpressoide_11.3.1_5262/ide/plugins/com.nxp.mcuxpresso.tools.win32_11.3.0.202008311133/tools/bin/../lib/gcc/arm-none-eabi/9.3.1/../../../../arm-none-eabi/lib/thumb/v7-m/nofp\libcr_c.a(_cr_check_heap.o)
                                                  c:/nxp/mcuxpressoide_11.3.1_5262/ide/plugins/com.nxp.mcuxpresso.tools.win32_11.3.0.202008311133/tools/bin/../lib/gcc/arm-none-eabi/9.3.1/../../../../arm-none-eabi/lib/thumb/v7-m/nofp\libcr_c.a(_cr_sbrk.o)
__data_section_table                              ./src/cr_startup_lpc175x_6x-FreeRTOS.o
__data_section_table_end                          ./src/cr_startup_lpc175x_6x-FreeRTOS.o
__end_of_heap                                     c:/nxp/mcuxpressoide_11.3.1_5262/ide/plugins/com.nxp.mcuxpresso.tools.win32_11.3.0.202008311133/tools/bin/../lib/gcc/arm-none-eabi/9.3.1/../../../../arm-none-eabi/lib/thumb/v7-m/nofp\libcr_c.a(__init_alloc.o)
                                                  c:/nxp/mcuxpressoide_11.3.1_5262/ide/plugins/com.nxp.mcuxpresso.tools.win32_11.3.0.202008311133/tools/bin/../lib/gcc/arm-none-eabi/9.3.1/../../../../arm-none-eabi/lib/thumb/v7-m/nofp\libcr_c.a(_cr_sbrk.o)
__exit                                            c:/nxp/mcuxpressoide_11.3.1_5262/ide/plugins/com.nxp.mcuxpresso.tools.win32_11.3.0.202008311133/tools/bin/../lib/gcc/arm-none-eabi/9.3.1/../../../../arm-none-eabi/lib/thumb/v7-m/nofp\libcr_semihost.a(__sys_appexit.o)
__flsbuf                                          c:/nxp/mcuxpressoide_11.3.1_5262/ide/plugins/com.nxp.mcuxpresso.tools.win32_11.3.0.202008311133/tools/bin/../lib/gcc/arm-none-eabi/9.3.1/../../../../arm-none-eabi/lib/thumb/v7-m/nofp\libcr_c.a(_deferredlazyseek.o)
__heaps                                           c:/nxp/mcuxpressoide_11.3.1_5262/ide/plugins/com.nxp.mcuxpresso.tools.win32_11.3.0.202008311133/tools/bin/../lib/gcc/arm-none-eabi/9.3.1/../../../../arm-none-eabi/lib/thumb/v7-m/nofp\libcr_c.a(__init_alloc.o)
                                                  c:/nxp/mcuxpressoide_11.3.1_5262/ide/plugins/com.nxp.mcuxpresso.tools.win32_11.3.0.202008311133/tools/bin/../lib/gcc/arm-none-eabi/9.3.1/../../../../arm-none-eabi/lib/thumb/v7-m/nofp\libcr_c.a(alloc.o)
__main                                            c:/nxp/mcuxpressoide_11.3.1_5262/ide/plugins/com.nxp.mcuxpresso.tools.win32_11.3.0.202008311133/tools/bin/../lib/gcc/arm-none-eabi/9.3.1/../../../../arm-none-eabi/lib/thumb/v7-m/nofp\libcr_semihost.a(_cr__main.o)
                                                  ./src/cr_startup_lpc175x_6x-FreeRTOS.o
__num_Ciob_streams                                c:/nxp/mcuxpressoide_11.3.1_5262/ide/plugins/com.nxp.mcuxpresso.tools.win32_11.3.0.202008311133/tools/bin/../lib/gcc/arm-none-eabi/9.3.1/../../../../arm-none-eabi/lib/thumb/v7-m/nofp\libcr_semihost.a(__ciob.o)
                                                  c:/nxp/mcuxpressoide_11.3.1_5262/ide/plugins/com.nxp.mcuxpresso.tools.win32_11.3.0.202008311133/tools/bin/../lib/gcc/arm-none-eabi/9.3.1/../../../../arm-none-eabi/lib/thumb/v7-m/nofp\libcr_c.a(fflush.o)
                                                  c:/nxp/mcuxpressoide_11.3.1_5262/ide/plugins/com.nxp.mcuxpresso.tools.win32_11.3.0.202008311133/tools/bin/../lib/gcc/arm-none-eabi/9.3.1/../../../../arm-none-eabi/lib/thumb/v7-m/nofp\libcr_c.a(initio.o)
__sys_appexit                                     c:/nxp/mcuxpressoide_11.3.1_5262/ide/plugins/com.nxp.mcuxpresso.tools.win32_11.3.0.202008311133/tools/bin/../lib/gcc/arm-none-eabi/9.3.1/../../../../arm-none-eabi/lib/thumb/v7-m/nofp\libcr_semihost.a(__sys_appexit.o)
                                                  c:/nxp/mcuxpressoide_11.3.1_5262/ide/plugins/com.nxp.mcuxpresso.tools.win32_11.3.0.202008311133/tools/bin/../lib/gcc/arm-none-eabi/9.3.1/../../../../arm-none-eabi/lib/thumb/v7-m/nofp\libcr_c.a(alloc.o)
__sys_close                                       c:/nxp/mcuxpressoide_11.3.1_5262/ide/plugins/com.nxp.mcuxpresso.tools.win32_11.3.0.202008311133/tools/bin/../lib/gcc/arm-none-eabi/9.3.1/../../../../arm-none-eabi/lib/thumb/v7-m/nofp\libcr_semihost.a(__sys_close.o)
                                                  c:/nxp/mcuxpressoide_11.3.1_5262/ide/plugins/com.nxp.mcuxpresso.tools.win32_11.3.0.202008311133/tools/bin/../lib/gcc/arm-none-eabi/9.3.1/../../../../arm-none-eabi/lib/thumb/v7-m/nofp\libcr_c.a(fclose.o)
__sys_flen                                        c:/nxp/mcuxpressoide_11.3.1_5262/ide/plugins/com.nxp.mcuxpresso.tools.win32_11.3.0.202008311133/tools/bin/../lib/gcc/arm-none-eabi/9.3.1/../../../../arm-none-eabi/lib/thumb/v7-m/nofp\libcr_semihost.a(__sys_flen.o)
                                                  c:/nxp/mcuxpressoide_11.3.1_5262/ide/plugins/com.nxp.mcuxpresso.tools.win32_11.3.0.202008311133/tools/bin/../lib/gcc/arm-none-eabi/9.3.1/../../../../arm-none-eabi/lib/thumb/v7-m/nofp\libcr_c.a(_writebuf.o)
                                                  c:/nxp/mcuxpressoide_11.3.1_5262/ide/plugins/com.nxp.mcuxpresso.tools.win32_11.3.0.202008311133/tools/bin/../lib/gcc/arm-none-eabi/9.3.1/../../../../arm-none-eabi/lib/thumb/v7-m/nofp\libcr_c.a(fseek.o)
__sys_istty                                       c:/nxp/mcuxpressoide_11.3.1_5262/ide/plugins/com.nxp.mcuxpresso.tools.win32_11.3.0.202008311133/tools/bin/../lib/gcc/arm-none-eabi/9.3.1/../../../../arm-none-eabi/lib/thumb/v7-m/nofp\libcr_semihost.a(__sys_istty.o)
                                                  c:/nxp/mcuxpressoide_11.3.1_5262/ide/plugins/com.nxp.mcuxpresso.tools.win32_11.3.0.202008311133/tools/bin/../lib/gcc/arm-none-eabi/9.3.1/../../../../arm-none-eabi/lib/thumb/v7-m/nofp\libcr_c.a(_deferredlazyseek.o)