11:32:04 **** Incremental Build of configuration Debug for project esp01Test ****
make -r -j4 all 
Building file: ../src/esp01Test.c
Invoking: MCU C Compiler
arm-none-eabi-gcc -DDEBUG -D__CODE_RED -DCORE_M3 -D__USE_CMSIS=CMSIS_CORE_LPC17xx -D__LPC17XX__ -D__NEWLIB__ -I"G:\isel\SE2\se\esp01Test\inc" -I"G:\isel\SE2\se\SE2021\inc" -I"G:\isel\SE2\se\CMSIS_CORE_LPC17xx\inc" -I"G:\isel\SE2\se\FreeRTOS-Kernel\include" -I"G:\isel\SE2\se\FreeRTOS-Kernel\src\portable" -O0 -fno-common -g3 -Wall -c -fmessage-length=0 -fno-builtin -ffunction-sections -fdata-sections -fmerge-constants -fmacro-prefix-map="../src/"=. -mcpu=cortex-m3 -mthumb -D__NEWLIB__ -fstack-usage -MMD -MP -MF"src/esp01Test.d" -MT"src/esp01Test.o" -MT"src/esp01Test.d" -o "src/esp01Test.o" "../src/esp01Test.c"
../src/esp01Test.c: In function 'vESPTester':
../src/esp01Test.c:45:3: warning: implicit declaration of function 'memcpy' [-Wimplicit-function-declaration]
   45 |   memcpy(message, "GET / \r\n",8);
      |   ^~~~~~
../src/esp01Test.c:24:1: note: 'memcpy' is defined in header '<string.h>'; did you forget to '#include <string.h>'?
   23 | #include "uart.h"
  +++ |+#include <string.h>
   24 | 
../src/esp01Test.c:47:8: warning: unused variable 'res5' [-Wunused-variable]
   47 |   bool res5 = ESP01_Send(message, 8);
      |        ^~~~
../src/esp01Test.c:40:8: warning: unused variable 'res4' [-Wunused-variable]
   40 |   bool res4 = ESP01_ConnectServer("TCP","iot-se2021.ddns.net",8090);
      |        ^~~~
../src/esp01Test.c:39:8: warning: unused variable 'res3' [-Wunused-variable]
   39 |   bool res3 = ESP01_SetDNS("1.1.1.1","1.0.0.1");
      |        ^~~~
../src/esp01Test.c:35:8: warning: unused variable 'res2' [-Wunused-variable]
   35 |   bool res2 = ESP01_ConnectAP("Vodafone-3A8807", "V9g2ZEsVM7");
      |        ^~~~
../src/esp01Test.c:33:11: warning: unused variable 'r' [-Wunused-variable]
   33 |   char ** r;
      |           ^
../src/esp01Test.c:32:8: warning: unused variable 'res1' [-Wunused-variable]
   32 |   bool res1 = ESP01_SetMode(STATION);
      |        ^~~~
../src/esp01Test.c:31:8: warning: unused variable 'result' [-Wunused-variable]
   31 |   bool result = ESP01_Test();
      |        ^~~~~~
../src/esp01Test.c:30:8: warning: unused variable 'res' [-Wunused-variable]
   30 |   bool res = ESP01_Echo(0);
      |        ^~~
Finished building: ../src/esp01Test.c
 
Building target: esp01Test.axf
Invoking: MCU Linker
arm-none-eabi-gcc -nostdlib -L"G:\isel\SE2\se\CMSIS_CORE_LPC17xx\Debug" -L"G:\isel\SE2\se\FreeRTOS-Kernel\Debug" -L"G:\isel\SE2\se\SE2021\Debug" -Xlinker -Map="esp01Test.map" -Xlinker --cref -Xlinker --gc-sections -Xlinker -print-memory-usage -mcpu=cortex-m3 -mthumb -T "esp01Test_Debug.ld" -o "esp01Test.axf"  ./src/cr_startup_lpc175x_6x-FreeRTOS.o ./src/crp.o ./src/esp01Test.o   -lCMSIS_CORE_LPC17xx -lSE2021 -lFreeRTOS-Kernel
Memory region         Used Size  Region Size  %age Used
       MFlash512:       58600 B       512 KB     11.18%
        RamLoc32:       15252 B        32 KB     46.55%
        RamAHB32:          0 GB        32 KB      0.00%
Finished building target: esp01Test.axf
 
make --no-print-directory post-build
Performing post-build steps
arm-none-eabi-size "esp01Test.axf"; # arm-none-eabi-objcopy -v -O binary "esp01Test.axf" "esp01Test.bin" ; # checksum -p LPC1769 -d "esp01Test.bin";
   text	   data	    bss	    dec	    hex	filename
  56112	   2488	  12764	  71364	  116c4	esp01Test.axf
 

11:32:05 Build Finished. 0 errors, 9 warnings. (took 975ms)

