15:30:15 **** Incremental Build of configuration Debug for project FreeRTOS-Kernel ****
make -r all 
Building file: ../src/portable/MemMang/heap_4.c
Invoking: MCU C Compiler
arm-none-eabi-gcc -D__NEWLIB__ -I"G:\isel\SE2\se\CMSIS_CORE_LPC17xx\inc" -I"G:\isel\SE2\se\FreeRTOS-Kernel\include" -I"G:\isel\SE2\se\FreeRTOS-Kernel\src\portable" -I"G:\isel\SE2\se\CarRunner\inc" -O0 -g3 -Wall -c -fmessage-length=0 -fmerge-constants -fmacro-prefix-map="../src/portable/MemMang/"=. -mcpu=cortex-m3 -mthumb -D__NEWLIB__ -fstack-usage -specs=nano.specs -MMD -MP -MF"src/portable/MemMang/heap_4.d" -MT"src/portable/MemMang/heap_4.o" -MT"src/portable/MemMang/heap_4.d" -o "src/portable/MemMang/heap_4.o" "../src/portable/MemMang/heap_4.c"
Finished building: ../src/portable/MemMang/heap_4.c
 
Building file: ../src/portable/Common/mpu_wrappers.c
Invoking: MCU C Compiler
arm-none-eabi-gcc -D__NEWLIB__ -I"G:\isel\SE2\se\CMSIS_CORE_LPC17xx\inc" -I"G:\isel\SE2\se\FreeRTOS-Kernel\include" -I"G:\isel\SE2\se\FreeRTOS-Kernel\src\portable" -I"G:\isel\SE2\se\CarRunner\inc" -O0 -g3 -Wall -c -fmessage-length=0 -fmerge-constants -fmacro-prefix-map="../src/portable/Common/"=. -mcpu=cortex-m3 -mthumb -D__NEWLIB__ -fstack-usage -specs=nano.specs -MMD -MP -MF"src/portable/Common/mpu_wrappers.d" -MT"src/portable/Common/mpu_wrappers.o" -MT"src/portable/Common/mpu_wrappers.d" -o "src/portable/Common/mpu_wrappers.o" "../src/portable/Common/mpu_wrappers.c"
../src/portable/Common/mpu_wrappers.c: In function 'xPortRaisePrivilege':
../src/portable/Common/mpu_wrappers.c:68:23: warning: implicit declaration of function 'portIS_PRIVILEGED' [-Wimplicit-function-declaration]
   68 |  xRunningPrivileged = portIS_PRIVILEGED();
      |                       ^~~~~~~~~~~~~~~~~
../src/portable/Common/mpu_wrappers.c:73:3: warning: implicit declaration of function 'portRAISE_PRIVILEGE' [-Wimplicit-function-declaration]
   73 |   portRAISE_PRIVILEGE();
      |   ^~~~~~~~~~~~~~~~~~~
../src/portable/Common/mpu_wrappers.c: In function 'vPortResetPrivilege':
../src/portable/Common/mpu_wrappers.c:84:3: warning: implicit declaration of function 'portRESET_PRIVILEGE' [-Wimplicit-function-declaration]
   84 |   portRESET_PRIVILEGE();
      |   ^~~~~~~~~~~~~~~~~~~
../src/portable/Common/mpu_wrappers.c: In function 'MPU_xTaskCreateRestricted':
../src/portable/Common/mpu_wrappers.c:95:13: warning: implicit declaration of function 'xTaskCreateRestricted'; did you mean 'MPU_xTaskCreateRestricted'? [-Wimplicit-function-declaration]
   95 |   xReturn = xTaskCreateRestricted( pxTaskDefinition, pxCreatedTask );
      |             ^~~~~~~~~~~~~~~~~~~~~
      |             MPU_xTaskCreateRestricted
Finished building: ../src/portable/Common/mpu_wrappers.c
 
Building file: ../src/portable/port.c
Invoking: MCU C Compiler
arm-none-eabi-gcc -D__NEWLIB__ -I"G:\isel\SE2\se\CMSIS_CORE_LPC17xx\inc" -I"G:\isel\SE2\se\FreeRTOS-Kernel\include" -I"G:\isel\SE2\se\FreeRTOS-Kernel\src\portable" -I"G:\isel\SE2\se\CarRunner\inc" -O0 -g3 -Wall -c -fmessage-length=0 -fmerge-constants -fmacro-prefix-map="../src/portable/"=. -mcpu=cortex-m3 -mthumb -D__NEWLIB__ -fstack-usage -specs=nano.specs -MMD -MP -MF"src/portable/port.d" -MT"src/portable/port.o" -MT"src/portable/port.d" -o "src/portable/port.o" "../src/portable/port.c"
Finished building: ../src/portable/port.c
 
Building file: ../src/croutine.c
Invoking: MCU C Compiler
arm-none-eabi-gcc -D__NEWLIB__ -I"G:\isel\SE2\se\CMSIS_CORE_LPC17xx\inc" -I"G:\isel\SE2\se\FreeRTOS-Kernel\include" -I"G:\isel\SE2\se\FreeRTOS-Kernel\src\portable" -I"G:\isel\SE2\se\CarRunner\inc" -O0 -g3 -Wall -c -fmessage-length=0 -fmerge-constants -fmacro-prefix-map="../src/"=. -mcpu=cortex-m3 -mthumb -D__NEWLIB__ -fstack-usage -specs=nano.specs -MMD -MP -MF"src/croutine.d" -MT"src/croutine.o" -MT"src/croutine.d" -o "src/croutine.o" "../src/croutine.c"
Finished building: ../src/croutine.c
 
Building file: ../src/event_groups.c
Invoking: MCU C Compiler
arm-none-eabi-gcc -D__NEWLIB__ -I"G:\isel\SE2\se\CMSIS_CORE_LPC17xx\inc" -I"G:\isel\SE2\se\FreeRTOS-Kernel\include" -I"G:\isel\SE2\se\FreeRTOS-Kernel\src\portable" -I"G:\isel\SE2\se\CarRunner\inc" -O0 -g3 -Wall -c -fmessage-length=0 -fmerge-constants -fmacro-prefix-map="../src/"=. -mcpu=cortex-m3 -mthumb -D__NEWLIB__ -fstack-usage -specs=nano.specs -MMD -MP -MF"src/event_groups.d" -MT"src/event_groups.o" -MT"src/event_groups.d" -o "src/event_groups.o" "../src/event_groups.c"
Finished building: ../src/event_groups.c
 
Building file: ../src/list.c
Invoking: MCU C Compiler
arm-none-eabi-gcc -D__NEWLIB__ -I"G:\isel\SE2\se\CMSIS_CORE_LPC17xx\inc" -I"G:\isel\SE2\se\FreeRTOS-Kernel\include" -I"G:\isel\SE2\se\FreeRTOS-Kernel\src\portable" -I"G:\isel\SE2\se\CarRunner\inc" -O0 -g3 -Wall -c -fmessage-length=0 -fmerge-constants -fmacro-prefix-map="../src/"=. -mcpu=cortex-m3 -mthumb -D__NEWLIB__ -fstack-usage -specs=nano.specs -MMD -MP -MF"src/list.d" -MT"src/list.o" -MT"src/list.d" -o "src/list.o" "../src/list.c"
Finished building: ../src/list.c
 
Building file: ../src/queue.c
Invoking: MCU C Compiler
arm-none-eabi-gcc -D__NEWLIB__ -I"G:\isel\SE2\se\CMSIS_CORE_LPC17xx\inc" -I"G:\isel\SE2\se\FreeRTOS-Kernel\include" -I"G:\isel\SE2\se\FreeRTOS-Kernel\src\portable" -I"G:\isel\SE2\se\CarRunner\inc" -O0 -g3 -Wall -c -fmessage-length=0 -fmerge-constants -fmacro-prefix-map="../src/"=. -mcpu=cortex-m3 -mthumb -D__NEWLIB__ -fstack-usage -specs=nano.specs -MMD -MP -MF"src/queue.d" -MT"src/queue.o" -MT"src/queue.d" -o "src/queue.o" "../src/queue.c"
Finished building: ../src/queue.c
 
Building file: ../src/stream_buffer.c
Invoking: MCU C Compiler
arm-none-eabi-gcc -D__NEWLIB__ -I"G:\isel\SE2\se\CMSIS_CORE_LPC17xx\inc" -I"G:\isel\SE2\se\FreeRTOS-Kernel\include" -I"G:\isel\SE2\se\FreeRTOS-Kernel\src\portable" -I"G:\isel\SE2\se\CarRunner\inc" -O0 -g3 -Wall -c -fmessage-length=0 -fmerge-constants -fmacro-prefix-map="../src/"=. -mcpu=cortex-m3 -mthumb -D__NEWLIB__ -fstack-usage -specs=nano.specs -MMD -MP -MF"src/stream_buffer.d" -MT"src/stream_buffer.o" -MT"src/stream_buffer.d" -o "src/stream_buffer.o" "../src/stream_buffer.c"
Finished building: ../src/stream_buffer.c
 
Building file: ../src/tasks.c
Invoking: MCU C Compiler
arm-none-eabi-gcc -D__NEWLIB__ -I"G:\isel\SE2\se\CMSIS_CORE_LPC17xx\inc" -I"G:\isel\SE2\se\FreeRTOS-Kernel\include" -I"G:\isel\SE2\se\FreeRTOS-Kernel\src\portable" -I"G:\isel\SE2\se\CarRunner\inc" -O0 -g3 -Wall -c -fmessage-length=0 -fmerge-constants -fmacro-prefix-map="../src/"=. -mcpu=cortex-m3 -mthumb -D__NEWLIB__ -fstack-usage -specs=nano.specs -MMD -MP -MF"src/tasks.d" -MT"src/tasks.o" -MT"src/tasks.d" -o "src/tasks.o" "../src/tasks.c"
Finished building: ../src/tasks.c
 
Building file: ../src/timers.c
Invoking: MCU C Compiler
arm-none-eabi-gcc -D__NEWLIB__ -I"G:\isel\SE2\se\CMSIS_CORE_LPC17xx\inc" -I"G:\isel\SE2\se\FreeRTOS-Kernel\include" -I"G:\isel\SE2\se\FreeRTOS-Kernel\src\portable" -I"G:\isel\SE2\se\CarRunner\inc" -O0 -g3 -Wall -c -fmessage-length=0 -fmerge-constants -fmacro-prefix-map="../src/"=. -mcpu=cortex-m3 -mthumb -D__NEWLIB__ -fstack-usage -specs=nano.specs -MMD -MP -MF"src/timers.d" -MT"src/timers.o" -MT"src/timers.d" -o "src/timers.o" "../src/timers.c"
Finished building: ../src/timers.c
 
Building target: libFreeRTOS-Kernel.a
Invoking: MCU Archiver
arm-none-eabi-ar -r  "libFreeRTOS-Kernel.a"  ./src/portable/MemMang/heap_4.o  ./src/portable/Common/mpu_wrappers.o  ./src/portable/port.o  ./src/croutine.o ./src/event_groups.o ./src/list.o ./src/queue.o ./src/stream_buffer.o ./src/tasks.o ./src/timers.o   
arm-none-eabi-ar: creating libFreeRTOS-Kernel.a
Finished building target: libFreeRTOS-Kernel.a
 
make --no-print-directory post-build
Performing post-build steps
arm-none-eabi-size libFreeRTOS-Kernel.a ; # arm-none-eabi-objdump -h -S libFreeRTOS-Kernel.a >libFreeRTOS-Kernel.lss
   text	   data	    bss	    dec	    hex	filename
   1052	      0	  14368	  15420	   3c3c	heap_4.o (ex libFreeRTOS-Kernel.a)
   2470	      0	      0	   2470	    9a6	mpu_wrappers.o (ex libFreeRTOS-Kernel.a)
    612	      4	      0	    616	    268	port.o (ex libFreeRTOS-Kernel.a)
      0	      0	      0	      0	      0	croutine.o (ex libFreeRTOS-Kernel.a)
   1156	      0	      0	   1156	    484	event_groups.o (ex libFreeRTOS-Kernel.a)
    350	      0	      0	    350	    15e	list.o (ex libFreeRTOS-Kernel.a)
   3628	      0	      0	   3628	    e2c	queue.o (ex libFreeRTOS-Kernel.a)
   2304	      0	      0	   2304	    900	stream_buffer.o (ex libFreeRTOS-Kernel.a)
   7665	      0	    268	   7933	   1efd	tasks.o (ex libFreeRTOS-Kernel.a)
      0	      0	      0	      0	      0	timers.o (ex libFreeRTOS-Kernel.a)
 

15:30:18 Build Finished. 0 errors, 4 warnings. (took 3s.435ms)

