11:30:32 **** Build of configuration Debug for project FreeRTOS-test ****
make -r -j4 all 
Building target: FreeRTOS-test.axf
Invoking: MCU Linker
arm-none-eabi-gcc -nostdlib -L"G:\isel\SE2\se\CMSIS_CORE_LPC17xx\Debug" -L"G:\isel\SE2\se\SE2021\Debug" -L"G:\isel\SE2\se\FreeRTOS-Kernel\Debug" -Xlinker -Map="FreeRTOS-test.map" -Xlinker --cref -Xlinker --gc-sections -Xlinker -print-memory-usage -mcpu=cortex-m3 -mthumb -T "FreeRTOS-template_Debug.ld" -o "FreeRTOS-test.axf"  ./src/cr_startup_lpc175x_6x-FreeRTOS.o ./src/crp.o ./src/main.o ./src/printf-stdarg.o   -lCMSIS_CORE_LPC17xx -lSE2021 -lFreeRTOS-Kernel
Memory region         Used Size  Region Size  %age Used
       MFlash512:       14876 B       512 KB      2.84%
        RamLoc32:       12612 B        32 KB     38.49%
        RamAHB32:          0 GB        32 KB      0.00%
Finished building target: FreeRTOS-test.axf
 
make --no-print-directory post-build
Performing post-build steps
arm-none-eabi-size "FreeRTOS-test.axf"; # arm-none-eabi-objcopy -v -O binary "FreeRTOS-test.axf" "FreeRTOS-test.bin" ; # checksum -p LPC1769 -d "FreeRTOS-test.bin";
   text	   data	    bss	    dec	    hex	filename
  14868	      8	  12604	  27480	   6b58	FreeRTOS-test.axf
 

11:30:33 Build Finished. 0 errors, 0 warnings. (took 1s.61ms)

