19:19:30 **** Build of configuration Debug for project FreeRTOS-template ****
make -r -j8 all 
Building file: ../src/cr_startup_lpc175x_6x-FreeRTOS.c
Building file: ../src/crp.c
Building file: ../src/main.c
Building file: ../src/printf-stdarg.c
Invoking: MCU C Compiler
Invoking: MCU C Compiler
arm-none-eabi-gcc -DDEBUG -D__CODE_RED -DCORE_M3 -D__USE_CMSIS=CMSIS_CORE_LPC17xx -D__LPC17XX__ -D__NEWLIB__ -I"C:\Users\josee\Documents\ISEL\3_Ano-6_Semestre\SE2\FreeRTOS-template\inc" -I"C:\Users\josee\Documents\ISEL\3_Ano-6_Semestre\SE2\CMSIS_CORE_LPC17xx\inc" -I"C:\Users\josee\Documents\ISEL\3_Ano-6_Semestre\SE2\FreeRTOS-Kernel\include" -I"C:\Users\josee\Documents\ISEL\3_Ano-6_Semestre\SE2\FreeRTOS-Kernel\src\portable" -O0 -fno-common -g3 -Wall -c -fmessage-length=0 -fno-builtin -ffunction-sections -fdata-sections -fmerge-constants -fmacro-prefix-map="../src/"=. -mcpu=cortex-m3 -mthumb -D__NEWLIB__ -fstack-usage -specs=nano.specs -MMD -MP -MF"src/cr_startup_lpc175x_6x-FreeRTOS.d" -MT"src/cr_startup_lpc175x_6x-FreeRTOS.o" -MT"src/cr_startup_lpc175x_6x-FreeRTOS.d" -o "src/cr_startup_lpc175x_6x-FreeRTOS.o" "../src/cr_startup_lpc175x_6x-FreeRTOS.c"
Invoking: MCU C Compiler
arm-none-eabi-gcc -DDEBUG -D__CODE_RED -DCORE_M3 -D__USE_CMSIS=CMSIS_CORE_LPC17xx -D__LPC17XX__ -D__NEWLIB__ -I"C:\Users\josee\Documents\ISEL\3_Ano-6_Semestre\SE2\FreeRTOS-template\inc" -I"C:\Users\josee\Documents\ISEL\3_Ano-6_Semestre\SE2\CMSIS_CORE_LPC17xx\inc" -I"C:\Users\josee\Documents\ISEL\3_Ano-6_Semestre\SE2\FreeRTOS-Kernel\include" -I"C:\Users\josee\Documents\ISEL\3_Ano-6_Semestre\SE2\FreeRTOS-Kernel\src\portable" -O0 -fno-common -g3 -Wall -c -fmessage-length=0 -fno-builtin -ffunction-sections -fdaInvoking: MCU C Compiler
ta-sections -fmerge-constants -fmacro-prefix-map="../src/"=. -mcpu=cortex-m3 -mthumb -D__NEWLIB__ -fstack-usage -specs=nano.specs -MMD -MP -MF"src/crp.d" -MT"src/crp.o" -MT"src/crp.d" -o "src/crp.o" "../src/crp.c"
arm-none-eabi-gcc -DDEBUG -D__CODE_RED -DCORE_M3 -D__USE_CMSIS=CMSIS_CORE_LPC17xx -D__LPC17XX__ -D__NEWLIB__ -I"C:\Users\josee\Documents\ISEL\3_Ano-6_Semestre\SE2\FreeRTOS-template\inc" -I"C:\Users\josee\Documents\ISEL\3_Ano-6_Semestre\SE2\CMSIS_CORE_LPC17xx\inc" -I"C:\Users\josee\Documents\ISEL\3_Ano-6_Semestre\SE2\FreeRTOS-Kernel\include" -I"C:\Users\josee\Documents\ISEL\3_Ano-6_Semestre\SE2\FreeRTOS-Kernel\src\portable" -O0 -fno-common -g3 -Wall -c -fmessage-length=0 -fno-builtin -ffunction-sections -fdata-sections -fmerge-constants -fmacro-prefix-map="../src/"=. -mcpu=cortex-m3 -mthumb -D__NEWLIB__ -fstack-usage -specs=nano.specs -MMD -MP -MF"src/main.d" -MT"src/main.o" -MT"src/main.d" -o "src/main.o" "../src/main.c"
arm-none-eabi-gcc -DDEBUG -D__CODE_RED -DCORE_M3 -D__USE_CMSIS=CMSIS_CORE_LPC17xx -D__LPC17XX__ -D__NEWLIB__ -I"C:\Users\josee\Documents\ISEL\3_Ano-6_Semestre\SE2\FreeRTOS-template\inc" -I"C:\Users\josee\Documents\ISEL\3_Ano-6_Semestre\SE2\CMSIS_CORE_LPC17xx\inc" -I"C:\Users\josee\Documents\ISEL\3_Ano-6_Semestre\SE2\FreeRTOS-Kernel\include" -I"C:\Users\josee\Documents\ISEL\3_Ano-6_Semestre\SE2\FreeRTOS-Kernel\src\portable" -O0 -fno-common -g3 -Wall -c -fmessage-length=0 -fno-builtin -ffunction-sections -fdata-sections -fmerge-constants -fmacro-prefix-map="../src/"=. -mcpu=cortex-m3 -mthumb -D__NEWLIB__ -fstack-usage -specs=nano.specs -MMD -MP -MF"src/printf-stdarg.d" -MT"src/printf-stdarg.o" -MT"src/printf-stdarg.d" -o "src/printf-stdarg.o" "../src/printf-stdarg.c"
Finished building: ../src/cr_startup_lpc175x_6x-FreeRTOS.c
Finished building: ../src/crp.c
 
 
Finished building: ../src/printf-stdarg.c
 
Finished building: ../src/main.c
 
Building target: FreeRTOS-template.axf
Invoking: MCU Linker
arm-none-eabi-gcc -nostdlib -L"C:\Users\josee\Documents\ISEL\3_Ano-6_Semestre\SE2\CMSIS_CORE_LPC17xx\Debug" -L"C:\Users\josee\Documents\ISEL\3_Ano-6_Semestre\SE2\FreeRTOS-Kernel\Debug" -Xlinker -Map="FreeRTOS-template.map" -Xlinker --cref -Xlinker --gc-sections -Xlinker -print-memory-usage -mcpu=cortex-m3 -mthumb -T "FreeRTOS-template_Debug.ld" -o "FreeRTOS-template.axf"  ./src/cr_startup_lpc175x_6x-FreeRTOS.o ./src/crp.o ./src/main.o ./src/printf-stdarg.o   -lCMSIS_CORE_LPC17xx -lFreeRTOS-Kernel
Memory region         Used Size  Region Size  %age Used
       MFlash512:       10840 B       512 KB      2.07%
        RamLoc32:       12596 B        32 KB     38.44%
        RamAHB32:          0 GB        32 KB      0.00%
Finished building target: FreeRTOS-template.axf
 
make --no-print-directory post-build
Performing post-build steps
arm-none-eabi-size "FreeRTOS-template.axf"; # arm-none-eabi-objcopy -v -O binary "FreeRTOS-template.axf" "FreeRTOS-template.bin" ; # checksum -p LPC1769 -d "FreeRTOS-template.bin";
   text	   data	    bss	    dec	    hex	filename
  10832	      8	  12588	  23428	   5b84	FreeRTOS-template.axf
 

19:19:31 Build Finished. 0 errors, 0 warnings. (took 1s.413ms)

