15:47:33 **** Incremental Build of configuration Debug for project CMSIS_CORE_LPC17xx ****
make -r all 
make: Nothing to be done for 'all'.
15:47:33 **** Incremental Build of configuration Debug for project SE2021 ****
make -r all 
Building file: ../src/lcd.c
Invoking: MCU C Compiler
arm-none-eabi-gcc -DDEBUG -D__CODE_RED -DCORE_M3 -D__USE_CMSIS=CMSIS_CORE_LPC17xx -D__LPC17XX__ -D__NEWLIB__ -I"G:\isel\SE2\se\SE2021\inc" -I"G:\isel\SE2\se\FreeRTOS-test\inc" -I"G:\isel\SE2\se\CMSIS_CORE_LPC17xx\inc" -I"G:\isel\SE2\se\FreeRTOS-Kernel\include" -I"G:\isel\SE2\se\FreeRTOS-Kernel\src\portable" -O0 -fno-common -g3 -Wall -c -fmessage-length=0 -fno-builtin -ffunction-sections -fdata-sections -fmerge-constants -fmacro-prefix-map="../src/"=. -mcpu=cortex-m3 -mthumb -D__NEWLIB__ -fstack-usage -MMD -MP -MF"src/lcd.d" -MT"src/lcd.o" -MT"src/lcd.d" -o "src/lcd.o" "../src/lcd.c"
../src/lcd.c: In function 'LCDText_WriteString':
../src/lcd.c:102:4: warning: value computed is not used [-Wunused-value]
  102 |    *str++;
      |    ^~~~~~
Finished building: ../src/lcd.c
 
Building target: libSE2021.a
Invoking: MCU Archiver
arm-none-eabi-ar -r  "libSE2021.a"  ./src/ADXL345.o ./src/EEPROM.o ./src/ESP01.o ./src/Flash.o ./src/NTP.o ./src/button.o ./src/i2c.o ./src/lcd.o ./src/led.o ./src/printf-stdarg.o ./src/rtc.o ./src/spi.o ./src/uart.o ./src/utils.o ./src/wait.o   
arm-none-eabi-ar: creating libSE2021.a
Finished building target: libSE2021.a
 
make --no-print-directory post-build
Performing post-build steps
arm-none-eabi-size "libSE2021.a" ; # arm-none-eabi-objdump -h -S "libSE2021.a" >"libSE2021.lss"
   text	   data	    bss	    dec	    hex	filename
    796	      0	      0	    796	    31c	ADXL345.o (ex libSE2021.a)
    762	      0	      0	    762	    2fa	EEPROM.o (ex libSE2021.a)
   3639	      0	      0	   3639	    e37	ESP01.o (ex libSE2021.a)
    768	      4	      0	    772	    304	Flash.o (ex libSE2021.a)
    230	      3	      9	    242	     f2	NTP.o (ex libSE2021.a)
    274	      0	      8	    282	    11a	button.o (ex libSE2021.a)
   1904	      4	     20	   1928	    788	i2c.o (ex libSE2021.a)
    810	      0	      8	    818	    332	lcd.o (ex libSE2021.a)
    164	      0	      1	    165	     a5	led.o (ex libSE2021.a)
   1189	      0	      0	   1189	    4a5	printf-stdarg.o (ex libSE2021.a)
    374	      0	      0	    374	    176	rtc.o (ex libSE2021.a)
    332	      0	      0	    332	    14c	spi.o (ex libSE2021.a)
   2174	      0	     13	   2187	    88b	uart.o (ex libSE2021.a)
    226	      0	      0	    226	     e2	utils.o (ex libSE2021.a)
    258	      0	      4	    262	    106	wait.o (ex libSE2021.a)
 
