20:23:01 **** Incremental Build of configuration Debug for project lab4 ****
make -r -j8 all 
Building file: ../src/lab4.c
Invoking: MCU C Compiler
arm-none-eabi-gcc -DDEBUG -D__CODE_RED -DCORE_M3 -D__USE_CMSIS=CMSIS_CORE_LPC17xx -D__LPC17XX__ -D__REDLIB__ -I"C:\Users\josee\Documents\ISEL\3_Ano-6_Semestre\SE2\lab4\inc" -I"C:\Users\josee\Documents\ISEL\3_Ano-6_Semestre\SE2\SE2021\inc" -I"C:\Users\josee\Documents\ISEL\3_Ano-6_Semestre\SE2\CMSIS_CORE_LPC17xx\inc" -I"C:\Users\josee\Documents\ISEL\3_Ano-6_Semestre\SE2\FreeRTOS-Kernel\include" -I"C:\Users\josee\Documents\ISEL\3_Ano-6_Semestre\SE2\FreeRTOS-Kernel\src\portable" -O0 -fno-common -g3 -Wall -c -fmessage-length=0 -fno-builtin -ffunction-sections -fdata-sections -fmerge-constants -fmacro-prefix-map="../src/"=. -mcpu=cortex-m3 -mthumb -fstack-usage -specs=redlib.specs -MMD -MP -MF"src/lab4.d" -MT"src/lab4.o" -MT"src/lab4.d" -o "src/lab4.o" "../src/lab4.c"
Finished building: ../src/lab4.c
 
Building target: lab4.axf
Invoking: MCU Linker
arm-none-eabi-gcc -nostdlib -L"C:\Users\josee\Documents\ISEL\3_Ano-6_Semestre\SE2\SE2021\Debug" -L"C:\Users\josee\Documents\ISEL\3_Ano-6_Semestre\SE2\FreeRTOS-Kernel\Debug" -L"C:\Users\josee\Documents\ISEL\3_Ano-6_Semestre\SE2\CMSIS_CORE_LPC17xx\Debug" -Xlinker -Map="lab4.map" -Xlinker --cref -Xlinker --gc-sections -Xlinker -print-memory-usage -mcpu=cortex-m3 -mthumb -T "lab4_Debug.ld" -o "lab4.axf"  ./src/cr_startup_lpc175x_6x-FreeRTOS.o ./src/crp.o ./src/lab4.o   -lCMSIS_CORE_LPC17xx -lFreeRTOS-Kernel -lSE2021
Memory region         Used Size  Region Size  %age Used
       MFlash512:       14016 B       512 KB      2.67%
        RamLoc32:       15140 B        32 KB     46.20%
        RamAHB32:          0 GB        32 KB      0.00%
Finished building target: lab4.axf
 
make --no-print-directory post-build
Performing post-build steps
arm-none-eabi-size "lab4.axf"; # arm-none-eabi-objcopy -v -O binary "lab4.axf" "lab4.bin" ; # checksum -p LPC1769 -d "lab4.bin";
   text	   data	    bss	    dec	    hex	filename
  14008	      8	  15132	  29148	   71dc	lab4.axf
 

20:23:02 Build Finished. 0 errors, 0 warnings. (took 782ms)

