printf-stdarg.c:42:12:__semihost	32	static
printf-stdarg.c:58:12:semihost_write	32	static
stdio.h:220:5:putchar	16	static
printf-stdarg.c:76:13:printchar	16	static
printf-stdarg.c:93:12:prints	40	static
printf-stdarg.c:126:12:printi	64	static
printf-stdarg.c:169:12:print	64	static
stdio.h:200:5:printf	16	static
stdio.h:244:5:sprintf	28	static
stdio.h:210:5:vsprintf	24	static
stdio.h:266:5:snprintf	24	static
ESP01.c:25:6:ESP01_Init	120	static
ESP01.c:55:6:ESP01_Restore	24	static
ESP01.c:60:6:ESP01_Test	16	static
ESP01.c:68:5:ESP01_NumberOfArgs	32	static
ESP01.c:84:6:ESP01_GetResponse	44	static
ESP01.c:90:6:ESP01_VGetResponse	64	static
ESP01.c:140:6:ESP01_CommandPrefix	48	static
ESP01.c:146:6:ESP01_VCommandPrefix	40	static
ESP01.c:153:6:ESP01_Command	48	static
ESP01.c:160:6:ESP01_SetMode	40	static
ESP01.c:171:5:ESP01_ListAPs	48	static
ESP01.c:183:6:ESP01_ConnectAP	56	dynamic
ESP01.c:195:6:ESP01_SetDNS	16	static
ESP01.c:199:6:ESP01_CIPDNS	72	static
ESP01.c:211:6:ESP01_ConnectServer	56	dynamic
ESP01.c:220:6:ESP01_Send	56	static
ESP01.c:238:6:ESP01_Echo	32	static
ESP01.c:245:6:ESP01_RecvMode	48	static
ESP01.c:255:8:ESP01_RecvPassive	64	static
ESP01.c:275:8:ESP01_RecvActive	32	static
