printf-stdarg.c:42:12:__semihost	32	static
printf-stdarg.c:58:12:semihost_write	32	static
stdio.h:220:5:putchar	16	static
printf-stdarg.c:76:13:printchar	16	static
printf-stdarg.c:93:12:prints	40	static
printf-stdarg.c:126:12:printi	64	static
printf-stdarg.c:169:12:print	64	static
stdio.h:200:5:printf	16	static
stdio.h:244:5:sprintf	28	static
stdio.h:210:5:vsprintf	24	static
stdio.h:266:5:snprintf	24	static
ESP01.c:28:6:ESP01_Init	120	static
ESP01.c:62:6:ESP01_Restore	24	static
ESP01.c:67:6:ESP01_Test	24	static
ESP01.c:74:5:ESP01_NumberOfArgs	32	static
ESP01.c:90:6:ESP01_GetResponse	44	static
ESP01.c:96:6:ESP01_VGetResponse	72	dynamic
ESP01.c:153:6:ESP01_CommandPrefix	48	static
ESP01.c:159:6:ESP01_VCommandPrefix	40	static
ESP01.c:171:6:ESP01_Command	48	static
ESP01.c:178:6:ESP01_SetMode	40	static
ESP01.c:189:5:ESP01_ListAPs	48	static
ESP01.c:201:6:ESP01_ConnectAP	56	dynamic
ESP01.c:213:6:ESP01_SetDNS	16	static
ESP01.c:217:6:ESP01_CIPDNS	72	static
ESP01.c:229:6:ESP01_CIPMUX	40	static
ESP01.c:236:6:ESP01_ConnectServerId	72	dynamic
ESP01.c:245:6:ESP01_ConnectServer	72	dynamic
ESP01.c:254:6:ESP01_ConnectServerKeepAliveId	80	dynamic
ESP01.c:263:6:ESP01_ConnectServerKeepAlive	72	dynamic
ESP01.c:272:6:ESP01_SendId	72	static
ESP01.c:294:6:ESP01_Send	56	static
ESP01.c:318:6:ESP01_Echo	32	static
ESP01.c:327:6:ESP01_RecvMode	48	static
ESP01.c:339:8:ESP01_RecvPassive	64	static
ESP01.c:362:5:ESP01_RecvActiveId	56	static
ESP01.c:409:5:ESP01_RecvActive	40	static
ESP01.c:436:19:ESP01_CIPStatus	32	static
