core_cm3.h:1323:22:NVIC_EnableIRQ	16	static
uart.c:26:6:UARTSetDivisors	48	static
uart.c:62:6:UART_Initialize	24	static
uart.c:194:10:UART_ReadBuffer	32	static
uart.c:214:10:UART_WriteBuffer	32	static
uart.c:249:6:UART_IsChar	8	static
uart.c:254:15:UART_ReadChar	16	static
uart.c:261:6:UART_GetChar	16	static
uart.c:266:6:UART_WriteChar	16	static
uart.c:271:6:UART_WriteString	16	static
uart.c:276:6:UART_Printf	528	static
uart.c:285:10:UART_ReadBufferAwait	24	static
uart.c:297:6:UART_IRQRoutine	24	static
uart.c:349:6:UART0_IRQHandler	8	static
uart.c:353:6:UART1_IRQHandler	8	static
uart.c:357:6:UART2_IRQHandler	8	static
uart.c:361:6:UART3_IRQHandler	8	static
